../Core/Src/main.c:99:5:main	80	static
../Core/Src/main.c:281:6:SystemClock_Config	88	static
../Core/Src/main.c:327:13:MX_I2C1_Init	8	static
../Core/Src/main.c:361:13:MX_SPI1_Init	8	static
../Core/Src/main.c:399:13:MX_TIM2_Init	64	static
../Core/Src/main.c:456:13:MX_DMA_Init	16	static
../Core/Src/main.c:474:13:MX_GPIO_Init	40	static
../Core/Src/main.c:517:6:HAL_GPIO_EXTI_Callback	16	static
../Core/Src/main.c:529:6:StartEmptyTask	16	static
../Core/Src/main.c:548:6:HAL_TIM_PeriodElapsedCallback	16	static
../Core/Src/main.c:565:6:Error_Handler	4	static,ignoring_inline_asm
