../Core/Src/main.c:94:5:main	40	static
../Core/Src/main.c:215:6:SystemClock_Config	88	static
../Core/Src/main.c:261:13:MX_I2C1_Init	8	static
../Core/Src/main.c:295:13:MX_SPI1_Init	8	static
../Core/Src/main.c:333:13:MX_TIM2_Init	64	static
../Core/Src/main.c:390:13:MX_DMA_Init	16	static
../Core/Src/main.c:408:13:MX_GPIO_Init	40	static
../Core/Src/main.c:450:6:HAL_GPIO_EXTI_Callback	16	static
../Core/Src/main.c:456:6:startDisplay	16	static
../Core/Src/main.c:475:9:test_i2c_dev	16	static
../Core/Src/main.c:500:6:StartEmptyTask	16	static
../Core/Src/main.c:521:6:HAL_TIM_PeriodElapsedCallback	16	static
../Core/Src/main.c:538:6:Error_Handler	4	static,ignoring_inline_asm
