Archive member included to satisfy reference by file (symbol)

c:/st/stm32cubeide_1.9.0/stm32cubeide/plugins/com.st.stm32cube.ide.mcu.externaltools.gnu-tools-for-stm32.10.3-2021.10.win32_1.0.200.202301161003/tools/bin/../lib/gcc/arm-none-eabi/10.3.1/../../../../arm-none-eabi/lib/thumb/v7e-m+fp/hard\libc_nano.a(lib_a-errno.o)
                              ./Core/Src/syscalls.o (__errno)
c:/st/stm32cubeide_1.9.0/stm32cubeide/plugins/com.st.stm32cube.ide.mcu.externaltools.gnu-tools-for-stm32.10.3-2021.10.win32_1.0.200.202301161003/tools/bin/../lib/gcc/arm-none-eabi/10.3.1/../../../../arm-none-eabi/lib/thumb/v7e-m+fp/hard\libc_nano.a(lib_a-exit.o)
                              c:/st/stm32cubeide_1.9.0/stm32cubeide/plugins/com.st.stm32cube.ide.mcu.externaltools.gnu-tools-for-stm32.10.3-2021.10.win32_1.0.200.202301161003/tools/bin/../lib/gcc/arm-none-eabi/10.3.1/../../../../arm-none-eabi/lib/thumb/v7e-m+fp/hard/crt0.o (exit)
c:/st/stm32cubeide_1.9.0/stm32cubeide/plugins/com.st.stm32cube.ide.mcu.externaltools.gnu-tools-for-stm32.10.3-2021.10.win32_1.0.200.202301161003/tools/bin/../lib/gcc/arm-none-eabi/10.3.1/../../../../arm-none-eabi/lib/thumb/v7e-m+fp/hard\libc_nano.a(lib_a-findfp.o)
                              ./Middlewares/Third_Party/FreeRTOS/Source/tasks.o (__sf_fake_stderr)
c:/st/stm32cubeide_1.9.0/stm32cubeide/plugins/com.st.stm32cube.ide.mcu.externaltools.gnu-tools-for-stm32.10.3-2021.10.win32_1.0.200.202301161003/tools/bin/../lib/gcc/arm-none-eabi/10.3.1/../../../../arm-none-eabi/lib/thumb/v7e-m+fp/hard\libc_nano.a(lib_a-fwalk.o)
                              c:/st/stm32cubeide_1.9.0/stm32cubeide/plugins/com.st.stm32cube.ide.mcu.externaltools.gnu-tools-for-stm32.10.3-2021.10.win32_1.0.200.202301161003/tools/bin/../lib/gcc/arm-none-eabi/10.3.1/../../../../arm-none-eabi/lib/thumb/v7e-m+fp/hard\libc_nano.a(lib_a-findfp.o) (_fwalk)
c:/st/stm32cubeide_1.9.0/stm32cubeide/plugins/com.st.stm32cube.ide.mcu.externaltools.gnu-tools-for-stm32.10.3-2021.10.win32_1.0.200.202301161003/tools/bin/../lib/gcc/arm-none-eabi/10.3.1/../../../../arm-none-eabi/lib/thumb/v7e-m+fp/hard\libc_nano.a(lib_a-impure.o)
                              c:/st/stm32cubeide_1.9.0/stm32cubeide/plugins/com.st.stm32cube.ide.mcu.externaltools.gnu-tools-for-stm32.10.3-2021.10.win32_1.0.200.202301161003/tools/bin/../lib/gcc/arm-none-eabi/10.3.1/../../../../arm-none-eabi/lib/thumb/v7e-m+fp/hard\libc_nano.a(lib_a-exit.o) (_global_impure_ptr)
c:/st/stm32cubeide_1.9.0/stm32cubeide/plugins/com.st.stm32cube.ide.mcu.externaltools.gnu-tools-for-stm32.10.3-2021.10.win32_1.0.200.202301161003/tools/bin/../lib/gcc/arm-none-eabi/10.3.1/../../../../arm-none-eabi/lib/thumb/v7e-m+fp/hard\libc_nano.a(lib_a-init.o)
                              c:/st/stm32cubeide_1.9.0/stm32cubeide/plugins/com.st.stm32cube.ide.mcu.externaltools.gnu-tools-for-stm32.10.3-2021.10.win32_1.0.200.202301161003/tools/bin/../lib/gcc/arm-none-eabi/10.3.1/../../../../arm-none-eabi/lib/thumb/v7e-m+fp/hard/crt0.o (__libc_init_array)
c:/st/stm32cubeide_1.9.0/stm32cubeide/plugins/com.st.stm32cube.ide.mcu.externaltools.gnu-tools-for-stm32.10.3-2021.10.win32_1.0.200.202301161003/tools/bin/../lib/gcc/arm-none-eabi/10.3.1/../../../../arm-none-eabi/lib/thumb/v7e-m+fp/hard\libc_nano.a(lib_a-itoa.o)
                              ./Core/Src/app_menu/app_menu.o (itoa)
c:/st/stm32cubeide_1.9.0/stm32cubeide/plugins/com.st.stm32cube.ide.mcu.externaltools.gnu-tools-for-stm32.10.3-2021.10.win32_1.0.200.202301161003/tools/bin/../lib/gcc/arm-none-eabi/10.3.1/../../../../arm-none-eabi/lib/thumb/v7e-m+fp/hard\libc_nano.a(lib_a-lock.o)
                              c:/st/stm32cubeide_1.9.0/stm32cubeide/plugins/com.st.stm32cube.ide.mcu.externaltools.gnu-tools-for-stm32.10.3-2021.10.win32_1.0.200.202301161003/tools/bin/../lib/gcc/arm-none-eabi/10.3.1/../../../../arm-none-eabi/lib/thumb/v7e-m+fp/hard\libc_nano.a(lib_a-findfp.o) (__retarget_lock_init_recursive)
c:/st/stm32cubeide_1.9.0/stm32cubeide/plugins/com.st.stm32cube.ide.mcu.externaltools.gnu-tools-for-stm32.10.3-2021.10.win32_1.0.200.202301161003/tools/bin/../lib/gcc/arm-none-eabi/10.3.1/../../../../arm-none-eabi/lib/thumb/v7e-m+fp/hard\libc_nano.a(lib_a-malloc.o)
                              ./Core/Src/ADC_out/ADS1115.o (malloc)
c:/st/stm32cubeide_1.9.0/stm32cubeide/plugins/com.st.stm32cube.ide.mcu.externaltools.gnu-tools-for-stm32.10.3-2021.10.win32_1.0.200.202301161003/tools/bin/../lib/gcc/arm-none-eabi/10.3.1/../../../../arm-none-eabi/lib/thumb/v7e-m+fp/hard\libc_nano.a(lib_a-memcpy-stub.o)
                              ./Core/Src/Display/ssd1306/ssd1306.o (memcpy)
c:/st/stm32cubeide_1.9.0/stm32cubeide/plugins/com.st.stm32cube.ide.mcu.externaltools.gnu-tools-for-stm32.10.3-2021.10.win32_1.0.200.202301161003/tools/bin/../lib/gcc/arm-none-eabi/10.3.1/../../../../arm-none-eabi/lib/thumb/v7e-m+fp/hard\libc_nano.a(lib_a-memmove.o)
                              ./Core/Src/Display/ssd1306/ssd1306_tests.o (memmove)
[...]
Memory Configuration

Name             Origin             Length             Attributes
RAM              0x0000000020000000 0x0000000000020000 xrw
FLASH            0x0000000008000000 0x0000000000080000 xr
*default*        0x0000000000000000 0xffffffffffffffff

Linker script and memory map

LOAD c:/st/stm32cubeide_1.9.0/stm32cubeide/plugins/com.st.stm32cube.ide.mcu.externaltools.gnu-tools-for-stm32.10.3-2021.10.win32_1.0.200.202301161003/tools/bin/../lib/gcc/arm-none-eabi/10.3.1/thumb/v7e-m+fp/hard/crti.o
LOAD c:/st/stm32cubeide_1.9.0/stm32cubeide/plugins/com.st.stm32cube.ide.mcu.externaltools.gnu-tools-for-stm32.10.3-2021.10.win32_1.0.200.202301161003/tools/bin/../lib/gcc/arm-none-eabi/10.3.1/thumb/v7e-m+fp/hard/crtbegin.o
LOAD c:/st/stm32cubeide_1.9.0/stm32cubeide/plugins/com.st.stm32cube.ide.mcu.externaltools.gnu-tools-for-stm32.10.3-2021.10.win32_1.0.200.202301161003/tools/bin/../lib/gcc/arm-none-eabi/10.3.1/../../../../arm-none-eabi/lib/thumb/v7e-m+fp/hard/crt0.o
LOAD ./Core/Src/ADC_out/ADS1115.o
LOAD ./Core/Src/DAC_out/MCP4725.o
LOAD ./Core/Src/Display/e-ink/EPAPER.o
LOAD ./Core/Src/Display/ssd1306/ssd1306.o
LOAD ./Core/Src/Display/ssd1306/ssd1306_fonts.o
LOAD ./Core/Src/Display/ssd1306/ssd1306_tests.o
LOAD ./Core/Src/Display/ws2812/ARGB.o
LOAD ./Core/Src/Encoder/as5600.o
LOAD ./Core/Src/app_menu/app_menu.o
LOAD ./Core/Src/freertos.o
LOAD ./Core/Src/main.o
LOAD ./Core/Src/stm32f4xx_hal_msp.o
LOAD ./Core/Src/stm32f4xx_hal_timebase_tim.o
LOAD ./Core/Src/stm32f4xx_it.o
LOAD ./Core/Src/syscalls.o
LOAD ./Core/Src/sysmem.o
LOAD ./Core/Src/system_stm32f4xx.o
LOAD ./Core/Src/tasks/LedControl.o
LOAD ./Core/Src/tasks/MotorControl.o
LOAD ./Core/Src/tasks/OledMenu.o
LOAD ./Core/Src/tasks/SensOut.o
LOAD ./Core/Src/tasks/UserTasks.o
LOAD ./Core/Startup/startup_stm32f411ceux.o
LOAD ./Drivers/STM32F4xx_HAL_Driver/Src/stm32f4xx_hal.o
LOAD ./Drivers/STM32F4xx_HAL_Driver/Src/stm32f4xx_hal_cortex.o
LOAD ./Drivers/STM32F4xx_HAL_Driver/Src/stm32f4xx_hal_dma.o
LOAD ./Drivers/STM32F4xx_HAL_Driver/Src/stm32f4xx_hal_dma_ex.o
LOAD ./Drivers/STM32F4xx_HAL_Driver/Src/stm32f4xx_hal_exti.o
LOAD ./Drivers/STM32F4xx_HAL_Driver/Src/stm32f4xx_hal_flash.o
LOAD ./Drivers/STM32F4xx_HAL_Driver/Src/stm32f4xx_hal_flash_ex.o
LOAD ./Drivers/STM32F4xx_HAL_Driver/Src/stm32f4xx_hal_flash_ramfunc.o
LOAD ./Drivers/STM32F4xx_HAL_Driver/Src/stm32f4xx_hal_gpio.o
LOAD ./Drivers/STM32F4xx_HAL_Driver/Src/stm32f4xx_hal_i2c.o
LOAD ./Drivers/STM32F4xx_HAL_Driver/Src/stm32f4xx_hal_i2c_ex.o
LOAD ./Drivers/STM32F4xx_HAL_Driver/Src/stm32f4xx_hal_pwr.o
LOAD ./Drivers/STM32F4xx_HAL_Driver/Src/stm32f4xx_hal_pwr_ex.o
LOAD ./Drivers/STM32F4xx_HAL_Driver/Src/stm32f4xx_hal_rcc.o
LOAD ./Drivers/STM32F4xx_HAL_Driver/Src/stm32f4xx_hal_rcc_ex.o
LOAD ./Drivers/STM32F4xx_HAL_Driver/Src/stm32f4xx_hal_spi.o
LOAD ./Drivers/STM32F4xx_HAL_Driver/Src/stm32f4xx_hal_tim.o
LOAD ./Drivers/STM32F4xx_HAL_Driver/Src/stm32f4xx_hal_tim_ex.o
LOAD ./Middlewares/Third_Party/FreeRTOS/Source/CMSIS_RTOS_V2/cmsis_os2.o
LOAD ./Middlewares/Third_Party/FreeRTOS/Source/croutine.o
LOAD ./Middlewares/Third_Party/FreeRTOS/Source/event_groups.o
LOAD ./Middlewares/Third_Party/FreeRTOS/Source/list.o
LOAD ./Middlewares/Third_Party/FreeRTOS/Source/queue.o
LOAD ./Middlewares/Third_Party/FreeRTOS/Source/stream_buffer.o
LOAD ./Middlewares/Third_Party/FreeRTOS/Source/tasks.o
LOAD ./Middlewares/Third_Party/FreeRTOS/Source/timers.o
LOAD ./Middlewares/Third_Party/FreeRTOS/Source/portable/GCC/ARM_CM4F/port.o
LOAD ./Middlewares/Third_Party/FreeRTOS/Source/portable/MemMang/heap_4.o
START GROUP
LOAD c:/st/stm32cubeide_1.9.0/stm32cubeide/plugins/com.st.stm32cube.ide.mcu.externaltools.gnu-tools-for-stm32.10.3-2021.10.win32_1.0.200.202301161003/tools/bin/../lib/gcc/arm-none-eabi/10.3.1/../../../../arm-none-eabi/lib/thumb/v7e-m+fp/hard\libc_nano.a
LOAD c:/st/stm32cubeide_1.9.0/stm32cubeide/plugins/com.st.stm32cube.ide.mcu.externaltools.gnu-tools-for-stm32.10.3-2021.10.win32_1.0.200.202301161003/tools/bin/../lib/gcc/arm-none-eabi/10.3.1/../../../../arm-none-eabi/lib/thumb/v7e-m+fp/hard\libm.a
END GROUP
START GROUP
LOAD c:/st/stm32cubeide_1.9.0/stm32cubeide/plugins/com.st.stm32cube.ide.mcu.externaltools.gnu-tools-for-stm32.10.3-2021.10.win32_1.0.200.202301161003/tools/bin/../lib/gcc/arm-none-eabi/10.3.1/thumb/v7e-m+fp/hard\libgcc.a
LOAD c:/st/stm32cubeide_1.9.0/stm32cubeide/plugins/com.st.stm32cube.ide.mcu.externaltools.gnu-tools-for-stm32.10.3-2021.10.win32_1.0.200.202301161003/tools/bin/../lib/gcc/arm-none-eabi/10.3.1/../../../../arm-none-eabi/lib/thumb/v7e-m+fp/hard\libc_nano.a
END GROUP
START GROUP
LOAD c:/st/stm32cubeide_1.9.0/stm32cubeide/plugins/com.st.stm32cube.ide.mcu.externaltools.gnu-tools-for-stm32.10.3-2021.10.win32_1.0.200.202301161003/tools/bin/../lib/gcc/arm-none-eabi/10.3.1/thumb/v7e-m+fp/hard\libgcc.a
LOAD c:/st/stm32cubeide_1.9.0/stm32cubeide/plugins/com.st.stm32cube.ide.mcu.externaltools.gnu-tools-for-stm32.10.3-2021.10.win32_1.0.200.202301161003/tools/bin/../lib/gcc/arm-none-eabi/10.3.1/../../../../arm-none-eabi/lib/thumb/v7e-m+fp/hard\libc_nano.a
LOAD c:/st/stm32cubeide_1.9.0/stm32cubeide/plugins/com.st.stm32cube.ide.mcu.externaltools.gnu-tools-for-stm32.10.3-2021.10.win32_1.0.200.202301161003/tools/bin/../lib/gcc/arm-none-eabi/10.3.1/../../../../arm-none-eabi/lib/thumb/v7e-m+fp/hard\libnosys.a
END GROUP
START GROUP
LOAD c:/st/stm32cubeide_1.9.0/stm32cubeide/plugins/com.st.stm32cube.ide.mcu.externaltools.gnu-tools-for-stm32.10.3-2021.10.win32_1.0.200.202301161003/tools/bin/../lib/gcc/arm-none-eabi/10.3.1/thumb/v7e-m+fp/hard\libgcc.a
LOAD c:/st/stm32cubeide_1.9.0/stm32cubeide/plugins/com.st.stm32cube.ide.mcu.externaltools.gnu-tools-for-stm32.10.3-2021.10.win32_1.0.200.202301161003/tools/bin/../lib/gcc/arm-none-eabi/10.3.1/../../../../arm-none-eabi/lib/thumb/v7e-m+fp/hard\libc_nano.a
LOAD c:/st/stm32cubeide_1.9.0/stm32cubeide/plugins/com.st.stm32cube.ide.mcu.externaltools.gnu-tools-for-stm32.10.3-2021.10.win32_1.0.200.202301161003/tools/bin/../lib/gcc/arm-none-eabi/10.3.1/../../../../arm-none-eabi/lib/thumb/v7e-m+fp/hard\libnosys.a
END GROUP
LOAD c:/st/stm32cubeide_1.9.0/stm32cubeide/plugins/com.st.stm32cube.ide.mcu.externaltools.gnu-tools-for-stm32.10.3-2021.10.win32_1.0.200.202301161003/tools/bin/../lib/gcc/arm-none-eabi/10.3.1/thumb/v7e-m+fp/hard/crtend.o
LOAD c:/st/stm32cubeide_1.9.0/stm32cubeide/plugins/com.st.stm32cube.ide.mcu.externaltools.gnu-tools-for-stm32.10.3-2021.10.win32_1.0.200.202301161003/tools/bin/../lib/gcc/arm-none-eabi/10.3.1/thumb/v7e-m+fp/hard/crtn.o
                0x0000000020020000                _estack = (ORIGIN (RAM) + LENGTH (RAM))
                0x0000000000002000                _Min_Heap_Size = 0x2000
                0x0000000000004000                _Min_Stack_Size = 0x4000

.isr_vector     0x0000000008000000      0x198
                0x0000000008000000                . = ALIGN (0x4)
 *(.isr_vector)
 .isr_vector    0x0000000008000000      0x198 ./Core/Startup/startup_stm32f411ceux.o
                0x0000000008000000                g_pfnVectors
                0x0000000008000198                . = ALIGN (0x4)

.text           0x00000000080001a0     0xa9fc
                0x00000000080001a0                . = ALIGN (0x4)
 *(.text)
 .text          0x00000000080001a0       0x40 c:/st/stm32cubeide_1.9.0/stm32cubeide/plugins/com.st.stm32cube.ide.mcu.externaltools.gnu-tools-for-stm32.10.3-2021.10.win32_1.0.200.202301161003/tools/bin/../lib/gcc/arm-none-eabi/10.3.1/thumb/v7e-m+fp/hard/crtbegin.o
 .text          0x00000000080001e0      0x378 c:/st/stm32cubeide_1.9.0/stm32cubeide/plugins/com.st.stm32cube.ide.mcu.externaltools.gnu-tools-for-stm32.10.3-2021.10.win32_1.0.200.202301161003/tools/bin/../lib/gcc/arm-none-eabi/10.3.1/thumb/v7e-m+fp/hard\libgcc.a(_arm_addsubdf3.o)
                0x00000000080001e0                __aeabi_drsub
                0x00000000080001e8                __aeabi_dsub
                0x00000000080001e8                __subdf3
                0x00000000080001ec                __aeabi_dadd
                0x00000000080001ec                __adddf3
                0x0000000008000464                __floatunsidf
                0x0000000008000464                __aeabi_ui2d
                0x0000000008000484                __floatsidf
                0x0000000008000484                __aeabi_i2d
                0x00000000080004a8                __aeabi_f2d
                0x00000000080004a8                __extendsfdf2
                0x00000000080004ec                __floatundidf
                0x00000000080004ec                __aeabi_ul2d
                0x00000000080004fc                __floatdidf
                0x00000000080004fc                __aeabi_l2d
 .text          0x0000000008000558      0x424 c:/st/stm32cubeide_1.9.0/stm32cubeide/plugins/com.st.stm32cube.ide.mcu.externaltools.gnu-tools-for-stm32.10.3-2021.10.win32_1.0.200.202301161003/tools/bin/../lib/gcc/arm-none-eabi/10.3.1/thumb/v7e-m+fp/hard\libgcc.a(_arm_muldivdf3.o)
                0x0000000008000558                __aeabi_dmul
                0x0000000008000558                __muldf3
                0x00000000080007ac                __divdf3
                0x00000000080007ac                __aeabi_ddiv
 .text          0x000000000800097c       0x40 c:/st/stm32cubeide_1.9.0/stm32cubeide/plugins/com.st.stm32cube.ide.mcu.externaltools.gnu-tools-for-stm32.10.3-2021.10.win32_1.0.200.202301161003/tools/bin/../lib/gcc/arm-none-eabi/10.3.1/thumb/v7e-m+fp/hard\libgcc.a(_arm_fixunsdfsi.o)
                0x000000000800097c                __aeabi_d2uiz
                0x000000000800097c                __fixunsdfsi
 .text          0x00000000080009bc       0x30 c:/st/stm32cubeide_1.9.0/stm32cubeide/plugins/com.st.stm32cube.ide.mcu.externaltools.gnu-tools-for-stm32.10.3-2021.10.win32_1.0.200.202301161003/tools/bin/../lib/gcc/arm-none-eabi/10.3.1/thumb/v7e-m+fp/hard\libgcc.a(_aeabi_uldivmod.o)
                0x00000000080009bc                __aeabi_uldivmod
 .text          0x00000000080009ec      0x2d0 c:/st/stm32cubeide_1.9.0/stm32cubeide/plugins/com.st.stm32cube.ide.mcu.externaltools.gnu-tools-for-stm32.10.3-2021.10.win32_1.0.200.202301161003/tools/bin/../lib/gcc/arm-none-eabi/10.3.1/thumb/v7e-m+fp/hard\libgcc.a(_udivmoddi4.o)
                0x00000000080009ec                __udivmoddi4
 .text          0x0000000008000cbc        0x4 c:/st/stm32cubeide_1.9.0/stm32cubeide/plugins/com.st.stm32cube.ide.mcu.externaltools.gnu-tools-for-stm32.10.3-2021.10.win32_1.0.200.202301161003/tools/bin/../lib/gcc/arm-none-eabi/10.3.1/thumb/v7e-m+fp/hard\libgcc.a(_dvmd_tls.o)
                0x0000000008000cbc                __aeabi_idiv0
                0x0000000008000cbc                __aeabi_ldiv0
 *(.text*)
 .text.ADS1115_init
                0x0000000008000cc0       0x40 ./Core/Src/ADC_out/ADS1115.o
                0x0000000008000cc0                ADS1115_init
 .text.ADS1115_updateConfig
                0x0000000008000d00       0x64 ./Core/Src/ADC_out/ADS1115.o
                0x0000000008000d00                ADS1115_updateConfig
 .text.ADS1115_startContinousMode
                0x0000000008000d64       0x5c ./Core/Src/ADC_out/ADS1115.o
                0x0000000008000d64                ADS1115_startContinousMode
 .text.prepareConfigFrame
                0x0000000008000dc0       0xb0 ./Core/Src/ADC_out/ADS1115.o
                0x0000000008000dc0                prepareConfigFrame
 .text.MCP4725_init
                0x0000000008000e70       0x42 ./Core/Src/DAC_out/MCP4725.o
                0x0000000008000e70                MCP4725_init
 .text.MCP4725_isConnected
                0x0000000008000eb2       0x2e ./Core/Src/DAC_out/MCP4725.o
                0x0000000008000eb2                MCP4725_isConnected
 .text.MCP4725_setReferenceVoltage
                0x0000000008000ee0       0x58 ./Core/Src/DAC_out/MCP4725.o
                0x0000000008000ee0                MCP4725_setReferenceVoltage
 .text.MCP4725_setValue
                0x0000000008000f38       0x30 ./Core/Src/DAC_out/MCP4725.o
                0x0000000008000f38                MCP4725_setValue
 .text.MCP4725_getEepromBusyFlag
                0x0000000008000f68       0x3a ./Core/Src/DAC_out/MCP4725.o
                0x0000000008000f68                MCP4725_getEepromBusyFlag
 .text.MCP4725_writeComand
                0x0000000008000fa2      0x100 ./Core/Src/DAC_out/MCP4725.o
                0x0000000008000fa2                MCP4725_writeComand
 .text.MCP4725_readRegister
                0x00000000080010a2       0xde ./Core/Src/DAC_out/MCP4725.o
                0x00000000080010a2                MCP4725_readRegister
 .text.ssd1306_Reset
                0x0000000008001180        0xe ./Core/Src/Display/ssd1306/ssd1306.o
                0x0000000008001180                ssd1306_Reset
 *fill*         0x000000000800118e        0x2 
 .text.ssd1306_WriteCommand
                0x0000000008001190       0x30 ./Core/Src/Display/ssd1306/ssd1306.o
                0x0000000008001190                ssd1306_WriteCommand
 .text.ssd1306_WriteData
                0x00000000080011c0       0x34 ./Core/Src/Display/ssd1306/ssd1306.o
                0x00000000080011c0                ssd1306_WriteData
 .text.ssd1306_Init
                0x00000000080011f4       0xd4 ./Core/Src/Display/ssd1306/ssd1306.o
                0x00000000080011f4                ssd1306_Init
 .text.ssd1306_Fill
                0x00000000080012c8       0x48 ./Core/Src/Display/ssd1306/ssd1306.o
                0x00000000080012c8                ssd1306_Fill
 .text.ssd1306_UpdateScreen
                0x0000000008001310       0x58 ./Core/Src/Display/ssd1306/ssd1306.o
                0x0000000008001310                ssd1306_UpdateScreen
 .text.ssd1306_DrawPixel
                0x0000000008001368       0xbc ./Core/Src/Display/ssd1306/ssd1306.o
                0x0000000008001368                ssd1306_DrawPixel
 .text.ssd1306_WriteChar
                0x0000000008001424      0x110 ./Core/Src/Display/ssd1306/ssd1306.o
                0x0000000008001424                ssd1306_WriteChar
 .text.ssd1306_WriteString
                0x0000000008001534       0x4c ./Core/Src/Display/ssd1306/ssd1306.o
                0x0000000008001534                ssd1306_WriteString
 .text.ssd1306_SetCursor
                0x0000000008001580       0x30 ./Core/Src/Display/ssd1306/ssd1306.o
                0x0000000008001580                ssd1306_SetCursor
 .text.ssd1306_Line
                0x00000000080015b0       0xd8 ./Core/Src/Display/ssd1306/ssd1306.o
                0x00000000080015b0                ssd1306_Line
 .text.ssd1306_DrawRectangle
                0x0000000008001688       0x6e ./Core/Src/Display/ssd1306/ssd1306.o
                0x0000000008001688                ssd1306_DrawRectangle
 .text.ssd1306_SetContrast
                0x00000000080016f6       0x26 ./Core/Src/Display/ssd1306/ssd1306.o
                0x00000000080016f6                ssd1306_SetContrast
 .text.ssd1306_SetDisplayOn
                0x000000000800171c       0x3c ./Core/Src/Display/ssd1306/ssd1306.o
                0x000000000800171c                ssd1306_SetDisplayOn
 .text.ARGB_Init
                0x0000000008001758       0xf0 ./Core/Src/Display/ws2812/ARGB.o
                0x0000000008001758                ARGB_Init
 .text.ARGB_Clear
                0x0000000008001848       0x12 ./Core/Src/Display/ws2812/ARGB.o
                0x0000000008001848                ARGB_Clear
 *fill*         0x000000000800185a        0x2 
 .text.ARGB_SetBrightness
                0x000000000800185c       0x20 ./Core/Src/Display/ws2812/ARGB.o
                0x000000000800185c                ARGB_SetBrightness
 .text.ARGB_SetRGB
                0x000000000800187c       0xe4 ./Core/Src/Display/ws2812/ARGB.o
                0x000000000800187c                ARGB_SetRGB
 .text.ARGB_FillRGB
                0x0000000008001960       0x42 ./Core/Src/Display/ws2812/ARGB.o
                0x0000000008001960                ARGB_FillRGB
 *fill*         0x00000000080019a2        0x2 
 .text.ARGB_Show
                0x00000000080019a4      0x2f4 ./Core/Src/Display/ws2812/ARGB.o
                0x00000000080019a4                ARGB_Show
 .text.scale8   0x0000000008001c98       0x28 ./Core/Src/Display/ws2812/ARGB.o
 .text.ARGB_TIM_DMADelayPulseCplt
                0x0000000008001cc0      0x2b0 ./Core/Src/Display/ws2812/ARGB.o
 .text.ARGB_TIM_DMADelayPulseHalfCplt
                0x0000000008001f70      0x17c ./Core/Src/Display/ws2812/ARGB.o
 .text.AS5600_ReadReg
                0x00000000080020ec       0x38 ./Core/Src/Encoder/as5600.o
                0x00000000080020ec                AS5600_ReadReg
 .text.AS5600_GetRawAngle
                0x0000000008002124       0x2c ./Core/Src/Encoder/as5600.o
                0x0000000008002124                AS5600_GetRawAngle
 .text.AS5600_GetStatus
                0x0000000008002150       0x16 ./Core/Src/Encoder/as5600.o
                0x0000000008002150                AS5600_GetStatus
 *fill*         0x0000000008002166        0x2 
 .text.drawMainMenu
                0x0000000008002168      0x158 ./Core/Src/app_menu/app_menu.o
                0x0000000008002168                drawMainMenu
 .text.udpateDisplay
                0x00000000080022c0       0x3c ./Core/Src/app_menu/app_menu.o
                0x00000000080022c0                udpateDisplay
 .text.buttonUpSet
                0x00000000080022fc       0x18 ./Core/Src/app_menu/app_menu.o
                0x00000000080022fc                buttonUpSet
 .text.buttonUpReset
                0x0000000008002314       0x18 ./Core/Src/app_menu/app_menu.o
                0x0000000008002314                buttonUpReset
 .text.buttonEn
                0x000000000800232c       0x18 ./Core/Src/app_menu/app_menu.o
                0x000000000800232c                buttonEn
 .text.buttonEnSet
                0x0000000008002344       0x18 ./Core/Src/app_menu/app_menu.o
                0x0000000008002344                buttonEnSet
 .text.buttonEnReset
                0x000000000800235c       0x18 ./Core/Src/app_menu/app_menu.o
                0x000000000800235c                buttonEnReset
 .text.buttonCounter
                0x0000000008002374       0x18 ./Core/Src/app_menu/app_menu.o
                0x0000000008002374                buttonCounter
 .text.buttonCounterSet
                0x000000000800238c       0x20 ./Core/Src/app_menu/app_menu.o
                0x000000000800238c                buttonCounterSet
 .text.buttonCounterReset
                0x00000000080023ac       0x18 ./Core/Src/app_menu/app_menu.o
                0x00000000080023ac                buttonCounterReset
 .text.buttonLong
                0x00000000080023c4       0x18 ./Core/Src/app_menu/app_menu.o
                0x00000000080023c4                buttonLong
 .text.buttonLongSet
                0x00000000080023dc       0x18 ./Core/Src/app_menu/app_menu.o
                0x00000000080023dc                buttonLongSet
 .text.buttonLongReset
                0x00000000080023f4       0x18 ./Core/Src/app_menu/app_menu.o
                0x00000000080023f4                buttonLongReset
 .text.encoderData
                0x000000000800240c       0x18 ./Core/Src/app_menu/app_menu.o
                0x000000000800240c                encoderData
 .text.encoderSetUp
                0x0000000008002424       0x18 ./Core/Src/app_menu/app_menu.o
                0x0000000008002424                encoderSetUp
 .text.encoderSetDown
                0x000000000800243c       0x18 ./Core/Src/app_menu/app_menu.o
                0x000000000800243c                encoderSetDown
 .text.encoderReset
                0x0000000008002454       0x18 ./Core/Src/app_menu/app_menu.o
                0x0000000008002454                encoderReset
 .text.drawButtonMenu
                0x000000000800246c      0x138 ./Core/Src/app_menu/app_menu.o
                0x000000000800246c                drawButtonMenu
 .text.main     0x00000000080025a4       0xe4 ./Core/Src/main.o
                0x00000000080025a4                main
 .text.SystemClock_Config
                0x0000000008002688       0xd0 ./Core/Src/main.o
                0x0000000008002688                SystemClock_Config
 .text.MX_I2C1_Init
                0x0000000008002758       0x5c ./Core/Src/main.o
 .text.MX_SPI1_Init
                0x00000000080027b4       0x6c ./Core/Src/main.o
 .text.MX_TIM2_Init
                0x0000000008002820       0xe8 ./Core/Src/main.o
 .text.MX_DMA_Init
                0x0000000008002908       0x40 ./Core/Src/main.o
 .text.MX_GPIO_Init
                0x0000000008002948       0xe8 ./Core/Src/main.o
 .text.HAL_GPIO_EXTI_Callback
                0x0000000008002a30       0x24 ./Core/Src/main.o
                0x0000000008002a30                HAL_GPIO_EXTI_Callback
 .text.startDisplay
                0x0000000008002a54       0x4c ./Core/Src/main.o
                0x0000000008002a54                startDisplay
 .text.StartEmptyTask
                0x0000000008002aa0       0x10 ./Core/Src/main.o
                0x0000000008002aa0                StartEmptyTask
 .text.HAL_TIM_PeriodElapsedCallback
                0x0000000008002ab0       0x24 ./Core/Src/main.o
                0x0000000008002ab0                HAL_TIM_PeriodElapsedCallback
 .text.Error_Handler
                0x0000000008002ad4        0xa ./Core/Src/main.o
                0x0000000008002ad4                Error_Handler
 *fill*         0x0000000008002ade        0x2 
 .text.HAL_MspInit
                0x0000000008002ae0       0x58 ./Core/Src/stm32f4xx_hal_msp.o
                0x0000000008002ae0                HAL_MspInit
 .text.HAL_I2C_MspInit
                0x0000000008002b38       0x90 ./Core/Src/stm32f4xx_hal_msp.o
                0x0000000008002b38                HAL_I2C_MspInit
 .text.HAL_SPI_MspInit
                0x0000000008002bc8       0x90 ./Core/Src/stm32f4xx_hal_msp.o
                0x0000000008002bc8                HAL_SPI_MspInit
 .text.HAL_TIM_Base_MspInit
                0x0000000008002c58       0xc0 ./Core/Src/stm32f4xx_hal_msp.o
                0x0000000008002c58                HAL_TIM_Base_MspInit
 .text.HAL_TIM_MspPostInit
                0x0000000008002d18       0x70 ./Core/Src/stm32f4xx_hal_msp.o
                0x0000000008002d18                HAL_TIM_MspPostInit
 .text.HAL_InitTick
                0x0000000008002d88       0xe4 ./Core/Src/stm32f4xx_hal_timebase_tim.o
                0x0000000008002d88                HAL_InitTick
 .text.NMI_Handler
                0x0000000008002e6c        0x6 ./Core/Src/stm32f4xx_it.o
                0x0000000008002e6c                NMI_Handler
 .text.HardFault_Handler
                0x0000000008002e72        0x6 ./Core/Src/stm32f4xx_it.o
                0x0000000008002e72                HardFault_Handler
 .text.MemManage_Handler
                0x0000000008002e78        0x6 ./Core/Src/stm32f4xx_it.o
                0x0000000008002e78                MemManage_Handler
 .text.BusFault_Handler
                0x0000000008002e7e        0x6 ./Core/Src/stm32f4xx_it.o
                0x0000000008002e7e                BusFault_Handler
 .text.UsageFault_Handler
                0x0000000008002e84        0x6 ./Core/Src/stm32f4xx_it.o
                0x0000000008002e84                UsageFault_Handler
 .text.DebugMon_Handler
                0x0000000008002e8a        0xe ./Core/Src/stm32f4xx_it.o
                0x0000000008002e8a                DebugMon_Handler
 .text.DMA1_Stream6_IRQHandler
                0x0000000008002e98       0x14 ./Core/Src/stm32f4xx_it.o
                0x0000000008002e98                DMA1_Stream6_IRQHandler
 .text.TIM1_BRK_TIM9_IRQHandler
                0x0000000008002eac       0x14 ./Core/Src/stm32f4xx_it.o
                0x0000000008002eac                TIM1_BRK_TIM9_IRQHandler
 .text.EXTI15_10_IRQHandler
                0x0000000008002ec0       0x10 ./Core/Src/stm32f4xx_it.o
                0x0000000008002ec0                EXTI15_10_IRQHandler
 .text._sbrk    0x0000000008002ed0       0x6c ./Core/Src/sysmem.o
                0x0000000008002ed0                _sbrk
 .text.SystemInit
                0x0000000008002f3c       0x24 ./Core/Src/system_stm32f4xx.o
                0x0000000008002f3c                SystemInit
 .text.StartLedControlTask
                0x0000000008002f60       0x6a ./Core/Src/tasks/LedControl.o
                0x0000000008002f60                StartLedControlTask
 .text.StartOledMenuTask
                0x0000000008002fca       0x1e ./Core/Src/tasks/OledMenu.o
                0x0000000008002fca                StartOledMenuTask
 .text.StartSensOutTask
                0x0000000008002fe8       0x8c ./Core/Src/tasks/SensOut.o
                0x0000000008002fe8                StartSensOutTask
 .text.calcDeltaAngle
                0x0000000008003074       0x70 ./Core/Src/tasks/SensOut.o
                0x0000000008003074                calcDeltaAngle
 .text.longButton
                0x00000000080030e4       0x3e ./Core/Src/tasks/SensOut.o
                0x00000000080030e4                longButton
 *fill*         0x0000000008003122        0x2 
 .text.getEncoderData
                0x0000000008003124       0x3c ./Core/Src/tasks/SensOut.o
                0x0000000008003124                getEncoderData
 .text.initAllChanelADC
                0x0000000008003160       0x50 ./Core/Src/tasks/SensOut.o
                0x0000000008003160                initAllChanelADC
 .text.initADC  0x00000000080031b0       0x3e ./Core/Src/tasks/SensOut.o
                0x00000000080031b0                initADC
 .text.initChanelADC
                0x00000000080031ee       0x1e ./Core/Src/tasks/SensOut.o
                0x00000000080031ee                initChanelADC
 .text.initUserTasks
                0x000000000800320c       0x5c ./Core/Src/tasks/UserTasks.o
                0x000000000800320c                initUserTasks
 .text.Reset_Handler
                0x0000000008003268       0x50 ./Core/Startup/startup_stm32f411ceux.o
                0x0000000008003268                Reset_Handler
 .text.Default_Handler
                0x00000000080032b8        0x2 ./Core/Startup/startup_stm32f411ceux.o
                0x00000000080032b8                RTC_Alarm_IRQHandler
                0x00000000080032b8                EXTI2_IRQHandler
                0x00000000080032b8                SPI4_IRQHandler
                0x00000000080032b8                TIM1_CC_IRQHandler
                0x00000000080032b8                DMA2_Stream5_IRQHandler
                0x00000000080032b8                DMA1_Stream5_IRQHandler
                0x00000000080032b8                PVD_IRQHandler
                0x00000000080032b8                SDIO_IRQHandler
                0x00000000080032b8                TAMP_STAMP_IRQHandler
                0x00000000080032b8                EXTI3_IRQHandler
                0x00000000080032b8                TIM1_UP_TIM10_IRQHandler
                0x00000000080032b8                I2C3_ER_IRQHandler
                0x00000000080032b8                EXTI0_IRQHandler
                0x00000000080032b8                I2C2_EV_IRQHandler
                0x00000000080032b8                DMA1_Stream2_IRQHandler
                0x00000000080032b8                FPU_IRQHandler
                0x00000000080032b8                DMA2_Stream2_IRQHandler
                0x00000000080032b8                SPI1_IRQHandler
                0x00000000080032b8                DMA2_Stream3_IRQHandler
                0x00000000080032b8                USART6_IRQHandler
                0x00000000080032b8                DMA2_Stream0_IRQHandler
                0x00000000080032b8                TIM4_IRQHandler
                0x00000000080032b8                I2C1_EV_IRQHandler
                0x00000000080032b8                DMA1_Stream1_IRQHandler
                0x00000000080032b8                TIM3_IRQHandler
                0x00000000080032b8                RCC_IRQHandler
                0x00000000080032b8                Default_Handler
                0x00000000080032b8                ADC_IRQHandler
                0x00000000080032b8                DMA1_Stream7_IRQHandler
                0x00000000080032b8                SPI5_IRQHandler
                0x00000000080032b8                TIM5_IRQHandler
                0x00000000080032b8                DMA2_Stream7_IRQHandler
                0x00000000080032b8                I2C3_EV_IRQHandler
                0x00000000080032b8                EXTI9_5_IRQHandler
                0x00000000080032b8                RTC_WKUP_IRQHandler
                0x00000000080032b8                SPI2_IRQHandler
                0x00000000080032b8                DMA1_Stream0_IRQHandler
                0x00000000080032b8                EXTI4_IRQHandler
                0x00000000080032b8                WWDG_IRQHandler
                0x00000000080032b8                TIM2_IRQHandler
                0x00000000080032b8                OTG_FS_WKUP_IRQHandler
                0x00000000080032b8                TIM1_TRG_COM_TIM11_IRQHandler
                0x00000000080032b8                EXTI1_IRQHandler
                0x00000000080032b8                USART2_IRQHandler
                0x00000000080032b8                I2C2_ER_IRQHandler
                0x00000000080032b8                DMA2_Stream1_IRQHandler
                0x00000000080032b8                FLASH_IRQHandler
                0x00000000080032b8                DMA2_Stream4_IRQHandler
                0x00000000080032b8                USART1_IRQHandler
                0x00000000080032b8                OTG_FS_IRQHandler
                0x00000000080032b8                SPI3_IRQHandler
                0x00000000080032b8                DMA1_Stream4_IRQHandler
                0x00000000080032b8                I2C1_ER_IRQHandler
                0x00000000080032b8                DMA2_Stream6_IRQHandler
                0x00000000080032b8                DMA1_Stream3_IRQHandler
 *fill*         0x00000000080032ba        0x2 
 .text.HAL_Init
                0x00000000080032bc       0x44 ./Drivers/STM32F4xx_HAL_Driver/Src/stm32f4xx_hal.o
                0x00000000080032bc                HAL_Init
 .text.HAL_IncTick
                0x0000000008003300       0x28 ./Drivers/STM32F4xx_HAL_Driver/Src/stm32f4xx_hal.o
                0x0000000008003300                HAL_IncTick
 .text.HAL_GetTick
                0x0000000008003328       0x18 ./Drivers/STM32F4xx_HAL_Driver/Src/stm32f4xx_hal.o
                0x0000000008003328                HAL_GetTick
 .text.HAL_Delay
                0x0000000008003340       0x48 ./Drivers/STM32F4xx_HAL_Driver/Src/stm32f4xx_hal.o
                0x0000000008003340                HAL_Delay
 .text.__NVIC_SetPriorityGrouping
                0x0000000008003388       0x48 ./Drivers/STM32F4xx_HAL_Driver/Src/stm32f4xx_hal_cortex.o
 .text.__NVIC_GetPriorityGrouping
                0x00000000080033d0       0x1c ./Drivers/STM32F4xx_HAL_Driver/Src/stm32f4xx_hal_cortex.o
 .text.__NVIC_EnableIRQ
                0x00000000080033ec       0x3c ./Drivers/STM32F4xx_HAL_Driver/Src/stm32f4xx_hal_cortex.o
 .text.__NVIC_SetPriority
                0x0000000008003428       0x54 ./Drivers/STM32F4xx_HAL_Driver/Src/stm32f4xx_hal_cortex.o
 .text.NVIC_EncodePriority
                0x000000000800347c       0x66 ./Drivers/STM32F4xx_HAL_Driver/Src/stm32f4xx_hal_cortex.o
 .text.HAL_NVIC_SetPriorityGrouping
                0x00000000080034e2       0x16 ./Drivers/STM32F4xx_HAL_Driver/Src/stm32f4xx_hal_cortex.o
                0x00000000080034e2                HAL_NVIC_SetPriorityGrouping
 .text.HAL_NVIC_SetPriority
                0x00000000080034f8       0x38 ./Drivers/STM32F4xx_HAL_Driver/Src/stm32f4xx_hal_cortex.o
                0x00000000080034f8                HAL_NVIC_SetPriority
 .text.HAL_NVIC_EnableIRQ
                0x0000000008003530       0x1c ./Drivers/STM32F4xx_HAL_Driver/Src/stm32f4xx_hal_cortex.o
                0x0000000008003530                HAL_NVIC_EnableIRQ
 .text.HAL_DMA_Init
                0x000000000800354c      0x15c ./Drivers/STM32F4xx_HAL_Driver/Src/stm32f4xx_hal_dma.o
                0x000000000800354c                HAL_DMA_Init
 .text.HAL_DMA_Start_IT
                0x00000000080036a8       0xb0 ./Drivers/STM32F4xx_HAL_Driver/Src/stm32f4xx_hal_dma.o
                0x00000000080036a8                HAL_DMA_Start_IT
 .text.HAL_DMA_Abort_IT
                0x0000000008003758       0x44 ./Drivers/STM32F4xx_HAL_Driver/Src/stm32f4xx_hal_dma.o
                0x0000000008003758                HAL_DMA_Abort_IT
 .text.HAL_DMA_IRQHandler
                0x000000000800379c      0x314 ./Drivers/STM32F4xx_HAL_Driver/Src/stm32f4xx_hal_dma.o
                0x000000000800379c                HAL_DMA_IRQHandler
 .text.DMA_SetConfig
                0x0000000008003ab0       0x5c ./Drivers/STM32F4xx_HAL_Driver/Src/stm32f4xx_hal_dma.o
 .text.DMA_CalcBaseAndBitshift
                0x0000000008003b0c       0x6c ./Drivers/STM32F4xx_HAL_Driver/Src/stm32f4xx_hal_dma.o
 .text.DMA_CheckFifoParam
                0x0000000008003b78       0xf8 ./Drivers/STM32F4xx_HAL_Driver/Src/stm32f4xx_hal_dma.o
 .text.HAL_GPIO_Init
                0x0000000008003c70      0x308 ./Drivers/STM32F4xx_HAL_Driver/Src/stm32f4xx_hal_gpio.o
                0x0000000008003c70                HAL_GPIO_Init
 .text.HAL_GPIO_WritePin
                0x0000000008003f78       0x32 ./Drivers/STM32F4xx_HAL_Driver/Src/stm32f4xx_hal_gpio.o
                0x0000000008003f78                HAL_GPIO_WritePin
 *fill*         0x0000000008003faa        0x2 
 .text.HAL_GPIO_EXTI_IRQHandler
                0x0000000008003fac       0x30 ./Drivers/STM32F4xx_HAL_Driver/Src/stm32f4xx_hal_gpio.o
                0x0000000008003fac                HAL_GPIO_EXTI_IRQHandler
 .text.HAL_I2C_Init
                0x0000000008003fdc      0x288 ./Drivers/STM32F4xx_HAL_Driver/Src/stm32f4xx_hal_i2c.o
                0x0000000008003fdc                HAL_I2C_Init
 .text.HAL_I2C_Master_Transmit
                0x0000000008004264      0x1fc ./Drivers/STM32F4xx_HAL_Driver/Src/stm32f4xx_hal_i2c.o
                0x0000000008004264                HAL_I2C_Master_Transmit
 .text.HAL_I2C_Master_Receive
                0x0000000008004460      0x44c ./Drivers/STM32F4xx_HAL_Driver/Src/stm32f4xx_hal_i2c.o
                0x0000000008004460                HAL_I2C_Master_Receive
 .text.HAL_I2C_Mem_Write
                0x00000000080048ac      0x1f4 ./Drivers/STM32F4xx_HAL_Driver/Src/stm32f4xx_hal_i2c.o
                0x00000000080048ac                HAL_I2C_Mem_Write
 .text.HAL_I2C_Mem_Read
                0x0000000008004aa0      0x44c ./Drivers/STM32F4xx_HAL_Driver/Src/stm32f4xx_hal_i2c.o
                0x0000000008004aa0                HAL_I2C_Mem_Read
 .text.HAL_I2C_IsDeviceReady
                0x0000000008004eec      0x25c ./Drivers/STM32F4xx_HAL_Driver/Src/stm32f4xx_hal_i2c.o
                0x0000000008004eec                HAL_I2C_IsDeviceReady
 .text.I2C_MasterRequestWrite
                0x0000000008005148      0x104 ./Drivers/STM32F4xx_HAL_Driver/Src/stm32f4xx_hal_i2c.o
 .text.I2C_MasterRequestRead
                0x000000000800524c      0x19c ./Drivers/STM32F4xx_HAL_Driver/Src/stm32f4xx_hal_i2c.o
 .text.I2C_RequestMemoryWrite
                0x00000000080053e8      0x12c ./Drivers/STM32F4xx_HAL_Driver/Src/stm32f4xx_hal_i2c.o
 .text.I2C_RequestMemoryRead
                0x0000000008005514      0x1d0 ./Drivers/STM32F4xx_HAL_Driver/Src/stm32f4xx_hal_i2c.o
 .text.I2C_WaitOnFlagUntilTimeout
                0x00000000080056e4       0xae ./Drivers/STM32F4xx_HAL_Driver/Src/stm32f4xx_hal_i2c.o
 .text.I2C_WaitOnMasterAddressFlagUntilTimeout
                0x0000000008005792       0xfe ./Drivers/STM32F4xx_HAL_Driver/Src/stm32f4xx_hal_i2c.o
 .text.I2C_WaitOnTXEFlagUntilTimeout
                0x0000000008005890       0x82 ./Drivers/STM32F4xx_HAL_Driver/Src/stm32f4xx_hal_i2c.o
 .text.I2C_WaitOnBTFFlagUntilTimeout
                0x0000000008005912       0x82 ./Drivers/STM32F4xx_HAL_Driver/Src/stm32f4xx_hal_i2c.o
 .text.I2C_WaitOnRXNEFlagUntilTimeout
                0x0000000008005994       0xac ./Drivers/STM32F4xx_HAL_Driver/Src/stm32f4xx_hal_i2c.o
 .text.I2C_IsAcknowledgeFailed
                0x0000000008005a40       0x5e ./Drivers/STM32F4xx_HAL_Driver/Src/stm32f4xx_hal_i2c.o
 *fill*         0x0000000008005a9e        0x2 
 .text.HAL_RCC_OscConfig
                0x0000000008005aa0      0x4f0 ./Drivers/STM32F4xx_HAL_Driver/Src/stm32f4xx_hal_rcc.o
                0x0000000008005aa0                HAL_RCC_OscConfig
 .text.HAL_RCC_ClockConfig
                0x0000000008005f90      0x1cc ./Drivers/STM32F4xx_HAL_Driver/Src/stm32f4xx_hal_rcc.o
                0x0000000008005f90                HAL_RCC_ClockConfig
 .text.HAL_RCC_GetSysClockFreq
                0x000000000800615c      0x18c ./Drivers/STM32F4xx_HAL_Driver/Src/stm32f4xx_hal_rcc.o
                0x000000000800615c                HAL_RCC_GetSysClockFreq
 .text.HAL_RCC_GetHCLKFreq
                0x00000000080062e8       0x18 ./Drivers/STM32F4xx_HAL_Driver/Src/stm32f4xx_hal_rcc.o
                0x00000000080062e8                HAL_RCC_GetHCLKFreq
 .text.HAL_RCC_GetPCLK1Freq
                0x0000000008006300       0x28 ./Drivers/STM32F4xx_HAL_Driver/Src/stm32f4xx_hal_rcc.o
                0x0000000008006300                HAL_RCC_GetPCLK1Freq
 .text.HAL_RCC_GetPCLK2Freq
                0x0000000008006328       0x28 ./Drivers/STM32F4xx_HAL_Driver/Src/stm32f4xx_hal_rcc.o
                0x0000000008006328                HAL_RCC_GetPCLK2Freq
 .text.HAL_RCC_GetClockConfig
                0x0000000008006350       0x64 ./Drivers/STM32F4xx_HAL_Driver/Src/stm32f4xx_hal_rcc.o
                0x0000000008006350                HAL_RCC_GetClockConfig
 .text.HAL_SPI_Init
                0x00000000080063b4      0x112 ./Drivers/STM32F4xx_HAL_Driver/Src/stm32f4xx_hal_spi.o
                0x00000000080063b4                HAL_SPI_Init
 .text.HAL_TIM_Base_Init
                0x00000000080064c6       0x9e ./Drivers/STM32F4xx_HAL_Driver/Src/stm32f4xx_hal_tim.o
                0x00000000080064c6                HAL_TIM_Base_Init
 .text.HAL_TIM_Base_Start_IT
                0x0000000008006564       0xc4 ./Drivers/STM32F4xx_HAL_Driver/Src/stm32f4xx_hal_tim.o
                0x0000000008006564                HAL_TIM_Base_Start_IT
 .text.HAL_TIM_PWM_Init
                0x0000000008006628       0x9e ./Drivers/STM32F4xx_HAL_Driver/Src/stm32f4xx_hal_tim.o
                0x0000000008006628                HAL_TIM_PWM_Init
 .text.HAL_TIM_PWM_MspInit
                0x00000000080066c6       0x14 ./Drivers/STM32F4xx_HAL_Driver/Src/stm32f4xx_hal_tim.o
                0x00000000080066c6                HAL_TIM_PWM_MspInit
 .text.HAL_TIM_IRQHandler
                0x00000000080066da      0x210 ./Drivers/STM32F4xx_HAL_Driver/Src/stm32f4xx_hal_tim.o
                0x00000000080066da                HAL_TIM_IRQHandler
 *fill*         0x00000000080068ea        0x2 
 .text.HAL_TIM_PWM_ConfigChannel
                0x00000000080068ec      0x184 ./Drivers/STM32F4xx_HAL_Driver/Src/stm32f4xx_hal_tim.o
                0x00000000080068ec                HAL_TIM_PWM_ConfigChannel
 .text.HAL_TIM_ConfigClockSource
                0x0000000008006a70      0x18e ./Drivers/STM32F4xx_HAL_Driver/Src/stm32f4xx_hal_tim.o
                0x0000000008006a70                HAL_TIM_ConfigClockSource
 .text.HAL_TIM_OC_DelayElapsedCallback
                0x0000000008006bfe       0x14 ./Drivers/STM32F4xx_HAL_Driver/Src/stm32f4xx_hal_tim.o
                0x0000000008006bfe                HAL_TIM_OC_DelayElapsedCallback
 .text.HAL_TIM_IC_CaptureCallback
                0x0000000008006c12       0x14 ./Drivers/STM32F4xx_HAL_Driver/Src/stm32f4xx_hal_tim.o
                0x0000000008006c12                HAL_TIM_IC_CaptureCallback
 .text.HAL_TIM_PWM_PulseFinishedCallback
                0x0000000008006c26       0x14 ./Drivers/STM32F4xx_HAL_Driver/Src/stm32f4xx_hal_tim.o
                0x0000000008006c26                HAL_TIM_PWM_PulseFinishedCallback
 .text.HAL_TIM_TriggerCallback
                0x0000000008006c3a       0x14 ./Drivers/STM32F4xx_HAL_Driver/Src/stm32f4xx_hal_tim.o
                0x0000000008006c3a                HAL_TIM_TriggerCallback
 .text.HAL_TIM_ErrorCallback
                0x0000000008006c4e       0x14 ./Drivers/STM32F4xx_HAL_Driver/Src/stm32f4xx_hal_tim.o
                0x0000000008006c4e                HAL_TIM_ErrorCallback
 .text.TIM_DMAError
                0x0000000008006c62       0x92 ./Drivers/STM32F4xx_HAL_Driver/Src/stm32f4xx_hal_tim.o
                0x0000000008006c62                TIM_DMAError
 .text.TIM_Base_SetConfig
                0x0000000008006cf4      0x100 ./Drivers/STM32F4xx_HAL_Driver/Src/stm32f4xx_hal_tim.o
                0x0000000008006cf4                TIM_Base_SetConfig
 .text.TIM_OC1_SetConfig
                0x0000000008006df4       0xcc ./Drivers/STM32F4xx_HAL_Driver/Src/stm32f4xx_hal_tim.o
 .text.TIM_OC2_SetConfig
                0x0000000008006ec0       0xd8 ./Drivers/STM32F4xx_HAL_Driver/Src/stm32f4xx_hal_tim.o
                0x0000000008006ec0                TIM_OC2_SetConfig
 .text.TIM_OC3_SetConfig
                0x0000000008006f98       0xd4 ./Drivers/STM32F4xx_HAL_Driver/Src/stm32f4xx_hal_tim.o
 .text.TIM_OC4_SetConfig
                0x000000000800706c       0xa0 ./Drivers/STM32F4xx_HAL_Driver/Src/stm32f4xx_hal_tim.o
 .text.TIM_TI1_ConfigInputStage
                0x000000000800710c       0x5e ./Drivers/STM32F4xx_HAL_Driver/Src/stm32f4xx_hal_tim.o
 .text.TIM_TI2_ConfigInputStage
                0x000000000800716a       0x60 ./Drivers/STM32F4xx_HAL_Driver/Src/stm32f4xx_hal_tim.o
 .text.TIM_ITRx_SetConfig
                0x00000000080071ca       0x36 ./Drivers/STM32F4xx_HAL_Driver/Src/stm32f4xx_hal_tim.o
 .text.TIM_ETR_SetConfig
                0x0000000008007200       0x40 ./Drivers/STM32F4xx_HAL_Driver/Src/stm32f4xx_hal_tim.o
                0x0000000008007200                TIM_ETR_SetConfig
 .text.TIM_CCxChannelCmd
                0x0000000008007240       0x4a ./Drivers/STM32F4xx_HAL_Driver/Src/stm32f4xx_hal_tim.o
                0x0000000008007240                TIM_CCxChannelCmd
 *fill*         0x000000000800728a        0x2 
 .text.HAL_TIMEx_MasterConfigSynchronization
                0x000000000800728c       0xdc ./Drivers/STM32F4xx_HAL_Driver/Src/stm32f4xx_hal_tim_ex.o
                0x000000000800728c                HAL_TIMEx_MasterConfigSynchronization
 .text.HAL_TIMEx_CommutCallback
                0x0000000008007368       0x14 ./Drivers/STM32F4xx_HAL_Driver/Src/stm32f4xx_hal_tim_ex.o
                0x0000000008007368                HAL_TIMEx_CommutCallback
 .text.HAL_TIMEx_BreakCallback
                0x000000000800737c       0x14 ./Drivers/STM32F4xx_HAL_Driver/Src/stm32f4xx_hal_tim_ex.o
                0x000000000800737c                HAL_TIMEx_BreakCallback
 .text.__NVIC_SetPriority
                0x0000000008007390       0x54 ./Middlewares/Third_Party/FreeRTOS/Source/CMSIS_RTOS_V2/cmsis_os2.o
 .text.SysTick_Handler
                0x00000000080073e4       0x20 ./Middlewares/Third_Party/FreeRTOS/Source/CMSIS_RTOS_V2/cmsis_os2.o
                0x00000000080073e4                SysTick_Handler
 .text.SVC_Setup
                0x0000000008007404       0x12 ./Middlewares/Third_Party/FreeRTOS/Source/CMSIS_RTOS_V2/cmsis_os2.o
 *fill*         0x0000000008007416        0x2 
 .text.osKernelInitialize
                0x0000000008007418       0x48 ./Middlewares/Third_Party/FreeRTOS/Source/CMSIS_RTOS_V2/cmsis_os2.o
                0x0000000008007418                osKernelInitialize
 .text.osKernelStart
                0x0000000008007460       0x4c ./Middlewares/Third_Party/FreeRTOS/Source/CMSIS_RTOS_V2/cmsis_os2.o
                0x0000000008007460                osKernelStart
 .text.osThreadNew
                0x00000000080074ac      0x124 ./Middlewares/Third_Party/FreeRTOS/Source/CMSIS_RTOS_V2/cmsis_os2.o
                0x00000000080074ac                osThreadNew
 .text.osDelay  0x00000000080075d0       0x36 ./Middlewares/Third_Party/FreeRTOS/Source/CMSIS_RTOS_V2/cmsis_os2.o
                0x00000000080075d0                osDelay
 .text.osMutexNew
                0x0000000008007606      0x10c ./Middlewares/Third_Party/FreeRTOS/Source/CMSIS_RTOS_V2/cmsis_os2.o
                0x0000000008007606                osMutexNew
 .text.osMutexAcquire
                0x0000000008007712       0x96 ./Middlewares/Third_Party/FreeRTOS/Source/CMSIS_RTOS_V2/cmsis_os2.o
                0x0000000008007712                osMutexAcquire
 .text.osMutexRelease
                0x00000000080077a8       0x7a ./Middlewares/Third_Party/FreeRTOS/Source/CMSIS_RTOS_V2/cmsis_os2.o
                0x00000000080077a8                osMutexRelease
 *fill*         0x0000000008007822        0x2 
 .text.vApplicationGetIdleTaskMemory
                0x0000000008007824       0x34 ./Middlewares/Third_Party/FreeRTOS/Source/CMSIS_RTOS_V2/cmsis_os2.o
                0x0000000008007824                vApplicationGetIdleTaskMemory
 .text.vApplicationGetTimerTaskMemory
                0x0000000008007858       0x34 ./Middlewares/Third_Party/FreeRTOS/Source/CMSIS_RTOS_V2/cmsis_os2.o
                0x0000000008007858                vApplicationGetTimerTaskMemory
 .text.vListInitialise
                0x000000000800788c       0x40 ./Middlewares/Third_Party/FreeRTOS/Source/list.o
                0x000000000800788c                vListInitialise
 .text.vListInitialiseItem
                0x00000000080078cc       0x1a ./Middlewares/Third_Party/FreeRTOS/Source/list.o
                0x00000000080078cc                vListInitialiseItem
 .text.vListInsertEnd
                0x00000000080078e6       0x48 ./Middlewares/Third_Party/FreeRTOS/Source/list.o
                0x00000000080078e6                vListInsertEnd
 .text.vListInsert
                0x000000000800792e       0x72 ./Middlewares/Third_Party/FreeRTOS/Source/list.o
                0x000000000800792e                vListInsert
 .text.uxListRemove
                0x00000000080079a0       0x54 ./Middlewares/Third_Party/FreeRTOS/Source/list.o
                0x00000000080079a0                uxListRemove
 .text.xQueueGenericReset
                0x00000000080079f4       0xd0 ./Middlewares/Third_Party/FreeRTOS/Source/queue.o
                0x00000000080079f4                xQueueGenericReset
 .text.xQueueGenericCreateStatic
                0x0000000008007ac4       0xf0 ./Middlewares/Third_Party/FreeRTOS/Source/queue.o
                0x0000000008007ac4                xQueueGenericCreateStatic
 .text.xQueueGenericCreate
                0x0000000008007bb4       0x74 ./Middlewares/Third_Party/FreeRTOS/Source/queue.o
                0x0000000008007bb4                xQueueGenericCreate
 .text.prvInitialiseNewQueue
                0x0000000008007c28       0x46 ./Middlewares/Third_Party/FreeRTOS/Source/queue.o
 .text.prvInitialiseMutex
                0x0000000008007c6e       0x34 ./Middlewares/Third_Party/FreeRTOS/Source/queue.o
 .text.xQueueCreateMutex
                0x0000000008007ca2       0x30 ./Middlewares/Third_Party/FreeRTOS/Source/queue.o
                0x0000000008007ca2                xQueueCreateMutex
 .text.xQueueCreateMutexStatic
                0x0000000008007cd2       0x36 ./Middlewares/Third_Party/FreeRTOS/Source/queue.o
                0x0000000008007cd2                xQueueCreateMutexStatic
 .text.xQueueGiveMutexRecursive
                0x0000000008007d08       0x68 ./Middlewares/Third_Party/FreeRTOS/Source/queue.o
                0x0000000008007d08                xQueueGiveMutexRecursive
 .text.xQueueTakeMutexRecursive
                0x0000000008007d70       0x6c ./Middlewares/Third_Party/FreeRTOS/Source/queue.o
                0x0000000008007d70                xQueueTakeMutexRecursive
 .text.xQueueGenericSend
                0x0000000008007ddc      0x1fc ./Middlewares/Third_Party/FreeRTOS/Source/queue.o
                0x0000000008007ddc                xQueueGenericSend
 .text.xQueueGenericSendFromISR
                0x0000000008007fd8      0x136 ./Middlewares/Third_Party/FreeRTOS/Source/queue.o
                0x0000000008007fd8                xQueueGenericSendFromISR
 *fill*         0x000000000800810e        0x2 
 .text.xQueueReceive
                0x0000000008008110      0x1c0 ./Middlewares/Third_Party/FreeRTOS/Source/queue.o
                0x0000000008008110                xQueueReceive
 .text.xQueueSemaphoreTake
                0x00000000080082d0      0x218 ./Middlewares/Third_Party/FreeRTOS/Source/queue.o
                0x00000000080082d0                xQueueSemaphoreTake
 .text.prvGetDisinheritPriorityAfterTimeout
                0x00000000080084e8       0x30 ./Middlewares/Third_Party/FreeRTOS/Source/queue.o
 .text.prvCopyDataToQueue
                0x0000000008008518       0xd4 ./Middlewares/Third_Party/FreeRTOS/Source/queue.o
 .text.prvCopyDataFromQueue
                0x00000000080085ec       0x4c ./Middlewares/Third_Party/FreeRTOS/Source/queue.o
 .text.prvUnlockQueue
                0x0000000008008638       0xa4 ./Middlewares/Third_Party/FreeRTOS/Source/queue.o
 .text.prvIsQueueEmpty
                0x00000000080086dc       0x2c ./Middlewares/Third_Party/FreeRTOS/Source/queue.o
 .text.prvIsQueueFull
                0x0000000008008708       0x30 ./Middlewares/Third_Party/FreeRTOS/Source/queue.o
 .text.vQueueAddToRegistry
                0x0000000008008738       0x54 ./Middlewares/Third_Party/FreeRTOS/Source/queue.o
                0x0000000008008738                vQueueAddToRegistry
 .text.vQueueWaitForMessageRestricted
                0x000000000800878c       0x68 ./Middlewares/Third_Party/FreeRTOS/Source/queue.o
                0x000000000800878c                vQueueWaitForMessageRestricted
 .text.xTaskCreateStatic
                0x00000000080087f4       0xba ./Middlewares/Third_Party/FreeRTOS/Source/tasks.o
                0x00000000080087f4                xTaskCreateStatic
 .text.xTaskCreate
                0x00000000080088ae       0x8a ./Middlewares/Third_Party/FreeRTOS/Source/tasks.o
                0x00000000080088ae                xTaskCreate
 .text.prvInitialiseNewTask
                0x0000000008008938      0x14c ./Middlewares/Third_Party/FreeRTOS/Source/tasks.o
 .text.prvAddNewTaskToReadyList
                0x0000000008008a84       0xe0 ./Middlewares/Third_Party/FreeRTOS/Source/tasks.o
 .text.vTaskDelay
                0x0000000008008b64       0x68 ./Middlewares/Third_Party/FreeRTOS/Source/tasks.o
                0x0000000008008b64                vTaskDelay
 .text.vTaskStartScheduler
                0x0000000008008bcc       0xe0 ./Middlewares/Third_Party/FreeRTOS/Source/tasks.o
                0x0000000008008bcc                vTaskStartScheduler
 .text.vTaskSuspendAll
                0x0000000008008cac       0x1c ./Middlewares/Third_Party/FreeRTOS/Source/tasks.o
                0x0000000008008cac                vTaskSuspendAll
 .text.xTaskResumeAll
                0x0000000008008cc8      0x13c ./Middlewares/Third_Party/FreeRTOS/Source/tasks.o
                0x0000000008008cc8                xTaskResumeAll
 .text.xTaskGetTickCount
                0x0000000008008e04       0x20 ./Middlewares/Third_Party/FreeRTOS/Source/tasks.o
                0x0000000008008e04                xTaskGetTickCount
 .text.xTaskIncrementTick
                0x0000000008008e24      0x174 ./Middlewares/Third_Party/FreeRTOS/Source/tasks.o
                0x0000000008008e24                xTaskIncrementTick
 .text.vTaskSwitchContext
                0x0000000008008f98       0xc8 ./Middlewares/Third_Party/FreeRTOS/Source/tasks.o
                0x0000000008008f98                vTaskSwitchContext
 .text.vTaskPlaceOnEventList
                0x0000000008009060       0x48 ./Middlewares/Third_Party/FreeRTOS/Source/tasks.o
                0x0000000008009060                vTaskPlaceOnEventList
 .text.vTaskPlaceOnEventListRestricted
                0x00000000080090a8       0x58 ./Middlewares/Third_Party/FreeRTOS/Source/tasks.o
                0x00000000080090a8                vTaskPlaceOnEventListRestricted
 .text.xTaskRemoveFromEventList
                0x0000000008009100       0xc8 ./Middlewares/Third_Party/FreeRTOS/Source/tasks.o
                0x0000000008009100                xTaskRemoveFromEventList
 .text.vTaskInternalSetTimeOutState
                0x00000000080091c8       0x2c ./Middlewares/Third_Party/FreeRTOS/Source/tasks.o
                0x00000000080091c8                vTaskInternalSetTimeOutState
 .text.xTaskCheckForTimeOut
                0x00000000080091f4       0xc4 ./Middlewares/Third_Party/FreeRTOS/Source/tasks.o
                0x00000000080091f4                xTaskCheckForTimeOut
 .text.vTaskMissedYield
                0x00000000080092b8       0x18 ./Middlewares/Third_Party/FreeRTOS/Source/tasks.o
                0x00000000080092b8                vTaskMissedYield
 .text.prvIdleTask
                0x00000000080092d0       0x30 ./Middlewares/Third_Party/FreeRTOS/Source/tasks.o
 .text.prvInitialiseTaskLists
                0x0000000008009300       0x80 ./Middlewares/Third_Party/FreeRTOS/Source/tasks.o
 .text.prvCheckTasksWaitingTermination
                0x0000000008009380       0x5c ./Middlewares/Third_Party/FreeRTOS/Source/tasks.o
 .text.prvDeleteTCB
                0x00000000080093dc       0x68 ./Middlewares/Third_Party/FreeRTOS/Source/tasks.o
 .text.prvResetNextTaskUnblockTime
                0x0000000008009444       0x40 ./Middlewares/Third_Party/FreeRTOS/Source/tasks.o
 .text.xTaskGetCurrentTaskHandle
                0x0000000008009484       0x20 ./Middlewares/Third_Party/FreeRTOS/Source/tasks.o
                0x0000000008009484                xTaskGetCurrentTaskHandle
 .text.xTaskGetSchedulerState
                0x00000000080094a4       0x3c ./Middlewares/Third_Party/FreeRTOS/Source/tasks.o
                0x00000000080094a4                xTaskGetSchedulerState
 .text.xTaskPriorityInherit
                0x00000000080094e0       0xd0 ./Middlewares/Third_Party/FreeRTOS/Source/tasks.o
                0x00000000080094e0                xTaskPriorityInherit
 .text.xTaskPriorityDisinherit
                0x00000000080095b0       0xdc ./Middlewares/Third_Party/FreeRTOS/Source/tasks.o
                0x00000000080095b0                xTaskPriorityDisinherit
 .text.vTaskPriorityDisinheritAfterTimeout
                0x000000000800968c      0x104 ./Middlewares/Third_Party/FreeRTOS/Source/tasks.o
                0x000000000800968c                vTaskPriorityDisinheritAfterTimeout
 .text.pvTaskIncrementMutexHeldCount
                0x0000000008009790       0x28 ./Middlewares/Third_Party/FreeRTOS/Source/tasks.o
                0x0000000008009790                pvTaskIncrementMutexHeldCount
 .text.prvAddCurrentTaskToDelayedList
                0x00000000080097b8       0xa8 ./Middlewares/Third_Party/FreeRTOS/Source/tasks.o
 .text.xTimerCreateTimerTask
                0x0000000008009860       0x90 ./Middlewares/Third_Party/FreeRTOS/Source/timers.o
                0x0000000008009860                xTimerCreateTimerTask
 .text.xTimerGenericCommand
                0x00000000080098f0       0x9c ./Middlewares/Third_Party/FreeRTOS/Source/timers.o
                0x00000000080098f0                xTimerGenericCommand
 .text.prvProcessExpiredTimer
                0x000000000800998c       0x98 ./Middlewares/Third_Party/FreeRTOS/Source/timers.o
 .text.prvTimerTask
                0x0000000008009a24       0x24 ./Middlewares/Third_Party/FreeRTOS/Source/timers.o
 .text.prvProcessTimerOrBlockTask
                0x0000000008009a48       0x9c ./Middlewares/Third_Party/FreeRTOS/Source/timers.o
 .text.prvGetNextExpireTime
                0x0000000008009ae4       0x48 ./Middlewares/Third_Party/FreeRTOS/Source/timers.o
 .text.prvSampleTimeNow
                0x0000000008009b2c       0x40 ./Middlewares/Third_Party/FreeRTOS/Source/timers.o
 .text.prvInsertTimerInActiveList
                0x0000000008009b6c       0x84 ./Middlewares/Third_Party/FreeRTOS/Source/timers.o
 .text.prvProcessReceivedCommands
                0x0000000008009bf0      0x1c4 ./Middlewares/Third_Party/FreeRTOS/Source/timers.o
 .text.prvSwitchTimerLists
                0x0000000008009db4       0xc8 ./Middlewares/Third_Party/FreeRTOS/Source/timers.o
 .text.prvCheckForValidListAndQueue
                0x0000000008009e7c       0x80 ./Middlewares/Third_Party/FreeRTOS/Source/timers.o
 .text.pxPortInitialiseStack
                0x0000000008009efc       0x68 ./Middlewares/Third_Party/FreeRTOS/Source/portable/GCC/ARM_CM4F/port.o
                0x0000000008009efc                pxPortInitialiseStack
 .text.prvTaskExitError
                0x0000000008009f64       0x58 ./Middlewares/Third_Party/FreeRTOS/Source/portable/GCC/ARM_CM4F/port.o
 *fill*         0x0000000008009fbc        0x4 
 .text.SVC_Handler
                0x0000000008009fc0       0x28 ./Middlewares/Third_Party/FreeRTOS/Source/portable/GCC/ARM_CM4F/port.o
                0x0000000008009fc0                SVC_Handler
 .text.prvPortStartFirstTask
                0x0000000008009fe8       0x28 ./Middlewares/Third_Party/FreeRTOS/Source/portable/GCC/ARM_CM4F/port.o
 .text.xPortStartScheduler
                0x000000000800a010      0x144 ./Middlewares/Third_Party/FreeRTOS/Source/portable/GCC/ARM_CM4F/port.o
                0x000000000800a010                xPortStartScheduler
 .text.vPortEnterCritical
                0x000000000800a154       0x60 ./Middlewares/Third_Party/FreeRTOS/Source/portable/GCC/ARM_CM4F/port.o
                0x000000000800a154                vPortEnterCritical
 .text.vPortExitCritical
                0x000000000800a1b4       0x54 ./Middlewares/Third_Party/FreeRTOS/Source/portable/GCC/ARM_CM4F/port.o
                0x000000000800a1b4                vPortExitCritical
 *fill*         0x000000000800a208        0x8 
 .text.PendSV_Handler
                0x000000000800a210       0x68 ./Middlewares/Third_Party/FreeRTOS/Source/portable/GCC/ARM_CM4F/port.o
                0x000000000800a210                PendSV_Handler
 .text.xPortSysTickHandler
                0x000000000800a278       0x44 ./Middlewares/Third_Party/FreeRTOS/Source/portable/GCC/ARM_CM4F/port.o
                0x000000000800a278                xPortSysTickHandler
 .text.vPortSetupTimerInterrupt
                0x000000000800a2bc       0x48 ./Middlewares/Third_Party/FreeRTOS/Source/portable/GCC/ARM_CM4F/port.o
                0x000000000800a2bc                vPortSetupTimerInterrupt
 .text.vPortEnableVFP
                0x000000000800a304       0x14 ./Middlewares/Third_Party/FreeRTOS/Source/portable/GCC/ARM_CM4F/port.o
 .text.vPortValidateInterruptPriority
                0x000000000800a318       0x80 ./Middlewares/Third_Party/FreeRTOS/Source/portable/GCC/ARM_CM4F/port.o
                0x000000000800a318                vPortValidateInterruptPriority
 .text.pvPortMalloc
                0x000000000800a398      0x198 ./Middlewares/Third_Party/FreeRTOS/Source/portable/MemMang/heap_4.o
                0x000000000800a398                pvPortMalloc
 .text.vPortFree
                0x000000000800a530       0xc4 ./Middlewares/Third_Party/FreeRTOS/Source/portable/MemMang/heap_4.o
                0x000000000800a530                vPortFree
 .text.prvHeapInit
                0x000000000800a5f4       0xc4 ./Middlewares/Third_Party/FreeRTOS/Source/portable/MemMang/heap_4.o
 .text.prvInsertBlockIntoFreeList
                0x000000000800a6b8       0xb4 ./Middlewares/Third_Party/FreeRTOS/Source/portable/MemMang/heap_4.o
 .text.__errno  0x000000000800a76c        0xc c:/st/stm32cubeide_1.9.0/stm32cubeide/plugins/com.st.stm32cube.ide.mcu.externaltools.gnu-tools-for-stm32.10.3-2021.10.win32_1.0.200.202301161003/tools/bin/../lib/gcc/arm-none-eabi/10.3.1/../../../../arm-none-eabi/lib/thumb/v7e-m+fp/hard\libc_nano.a(lib_a-errno.o)
                0x000000000800a76c                __errno
 .text.__libc_init_array
                0x000000000800a778       0x48 c:/st/stm32cubeide_1.9.0/stm32cubeide/plugins/com.st.stm32cube.ide.mcu.externaltools.gnu-tools-for-stm32.10.3-2021.10.win32_1.0.200.202301161003/tools/bin/../lib/gcc/arm-none-eabi/10.3.1/../../../../arm-none-eabi/lib/thumb/v7e-m+fp/hard\libc_nano.a(lib_a-init.o)
                0x000000000800a778                __libc_init_array
 .text.__itoa   0x000000000800a7c0       0x30 c:/st/stm32cubeide_1.9.0/stm32cubeide/plugins/com.st.stm32cube.ide.mcu.externaltools.gnu-tools-for-stm32.10.3-2021.10.win32_1.0.200.202301161003/tools/bin/../lib/gcc/arm-none-eabi/10.3.1/../../../../arm-none-eabi/lib/thumb/v7e-m+fp/hard\libc_nano.a(lib_a-itoa.o)
                0x000000000800a7c0                __itoa
 .text.itoa     0x000000000800a7f0        0x4 c:/st/stm32cubeide_1.9.0/stm32cubeide/plugins/com.st.stm32cube.ide.mcu.externaltools.gnu-tools-for-stm32.10.3-2021.10.win32_1.0.200.202301161003/tools/bin/../lib/gcc/arm-none-eabi/10.3.1/../../../../arm-none-eabi/lib/thumb/v7e-m+fp/hard\libc_nano.a(lib_a-itoa.o)
                0x000000000800a7f0                itoa
 .text.__retarget_lock_acquire_recursive
                0x000000000800a7f4        0x2 c:/st/stm32cubeide_1.9.0/stm32cubeide/plugins/com.st.stm32cube.ide.mcu.externaltools.gnu-tools-for-stm32.10.3-2021.10.win32_1.0.200.202301161003/tools/bin/../lib/gcc/arm-none-eabi/10.3.1/../../../../arm-none-eabi/lib/thumb/v7e-m+fp/hard\libc_nano.a(lib_a-lock.o)
                0x000000000800a7f4                __retarget_lock_acquire_recursive
 .text.__retarget_lock_release_recursive
                0x000000000800a7f6        0x2 c:/st/stm32cubeide_1.9.0/stm32cubeide/plugins/com.st.stm32cube.ide.mcu.externaltools.gnu-tools-for-stm32.10.3-2021.10.win32_1.0.200.202301161003/tools/bin/../lib/gcc/arm-none-eabi/10.3.1/../../../../arm-none-eabi/lib/thumb/v7e-m+fp/hard\libc_nano.a(lib_a-lock.o)
                0x000000000800a7f6                __retarget_lock_release_recursive
 .text.malloc   0x000000000800a7f8       0x10 c:/st/stm32cubeide_1.9.0/stm32cubeide/plugins/com.st.stm32cube.ide.mcu.externaltools.gnu-tools-for-stm32.10.3-2021.10.win32_1.0.200.202301161003/tools/bin/../lib/gcc/arm-none-eabi/10.3.1/../../../../arm-none-eabi/lib/thumb/v7e-m+fp/hard\libc_nano.a(lib_a-malloc.o)
                0x000000000800a7f8                malloc
 .text.memcpy   0x000000000800a808       0x1c c:/st/stm32cubeide_1.9.0/stm32cubeide/plugins/com.st.stm32cube.ide.mcu.externaltools.gnu-tools-for-stm32.10.3-2021.10.win32_1.0.200.202301161003/tools/bin/../lib/gcc/arm-none-eabi/10.3.1/../../../../arm-none-eabi/lib/thumb/v7e-m+fp/hard\libc_nano.a(lib_a-memcpy-stub.o)
                0x000000000800a808                memcpy
 .text.memset   0x000000000800a824       0x10 c:/st/stm32cubeide_1.9.0/stm32cubeide/plugins/com.st.stm32cube.ide.mcu.externaltools.gnu-tools-for-stm32.10.3-2021.10.win32_1.0.200.202301161003/tools/bin/../lib/gcc/arm-none-eabi/10.3.1/../../../../arm-none-eabi/lib/thumb/v7e-m+fp/hard\libc_nano.a(lib_a-memset.o)
                0x000000000800a824                memset
 .text._free_r  0x000000000800a834       0x98 c:/st/stm32cubeide_1.9.0/stm32cubeide/plugins/com.st.stm32cube.ide.mcu.externaltools.gnu-tools-for-stm32.10.3-2021.10.win32_1.0.200.202301161003/tools/bin/../lib/gcc/arm-none-eabi/10.3.1/../../../../arm-none-eabi/lib/thumb/v7e-m+fp/hard\libc_nano.a(lib_a-nano-freer.o)
                0x000000000800a834                _free_r
 .text.sbrk_aligned
                0x000000000800a8cc       0x40 c:/st/stm32cubeide_1.9.0/stm32cubeide/plugins/com.st.stm32cube.ide.mcu.externaltools.gnu-tools-for-stm32.10.3-2021.10.win32_1.0.200.202301161003/tools/bin/../lib/gcc/arm-none-eabi/10.3.1/../../../../arm-none-eabi/lib/thumb/v7e-m+fp/hard\libc_nano.a(lib_a-nano-mallocr.o)
 .text._malloc_r
                0x000000000800a90c       0xe8 c:/st/stm32cubeide_1.9.0/stm32cubeide/plugins/com.st.stm32cube.ide.mcu.externaltools.gnu-tools-for-stm32.10.3-2021.10.win32_1.0.200.202301161003/tools/bin/../lib/gcc/arm-none-eabi/10.3.1/../../../../arm-none-eabi/lib/thumb/v7e-m+fp/hard\libc_nano.a(lib_a-nano-mallocr.o)
                0x000000000800a90c                _malloc_r
 .text.cleanup_glue
                0x000000000800a9f4       0x1a c:/st/stm32cubeide_1.9.0/stm32cubeide/plugins/com.st.stm32cube.ide.mcu.externaltools.gnu-tools-for-stm32.10.3-2021.10.win32_1.0.200.202301161003/tools/bin/../lib/gcc/arm-none-eabi/10.3.1/../../../../arm-none-eabi/lib/thumb/v7e-m+fp/hard\libc_nano.a(lib_a-reent.o)
                0x000000000800a9f4                cleanup_glue
 *fill*         0x000000000800aa0e        0x2 
 .text._reclaim_reent
                0x000000000800aa10       0xb8 c:/st/stm32cubeide_1.9.0/stm32cubeide/plugins/com.st.stm32cube.ide.mcu.externaltools.gnu-tools-for-stm32.10.3-2021.10.win32_1.0.200.202301161003/tools/bin/../lib/gcc/arm-none-eabi/10.3.1/../../../../arm-none-eabi/lib/thumb/v7e-m+fp/hard\libc_nano.a(lib_a-reent.o)
                0x000000000800aa10                _reclaim_reent
 .text._sbrk_r  0x000000000800aac8       0x20 c:/st/stm32cubeide_1.9.0/stm32cubeide/plugins/com.st.stm32cube.ide.mcu.externaltools.gnu-tools-for-stm32.10.3-2021.10.win32_1.0.200.202301161003/tools/bin/../lib/gcc/arm-none-eabi/10.3.1/../../../../arm-none-eabi/lib/thumb/v7e-m+fp/hard\libc_nano.a(lib_a-sbrkr.o)
                0x000000000800aac8                _sbrk_r
 .text.__utoa   0x000000000800aae8       0x84 c:/st/stm32cubeide_1.9.0/stm32cubeide/plugins/com.st.stm32cube.ide.mcu.externaltools.gnu-tools-for-stm32.10.3-2021.10.win32_1.0.200.202301161003/tools/bin/../lib/gcc/arm-none-eabi/10.3.1/../../../../arm-none-eabi/lib/thumb/v7e-m+fp/hard\libc_nano.a(lib_a-utoa.o)
                0x000000000800aae8                __utoa
 .text.__malloc_lock
                0x000000000800ab6c        0xc c:/st/stm32cubeide_1.9.0/stm32cubeide/plugins/com.st.stm32cube.ide.mcu.externaltools.gnu-tools-for-stm32.10.3-2021.10.win32_1.0.200.202301161003/tools/bin/../lib/gcc/arm-none-eabi/10.3.1/../../../../arm-none-eabi/lib/thumb/v7e-m+fp/hard\libc_nano.a(lib_a-mlock.o)
                0x000000000800ab6c                __malloc_lock
 .text.__malloc_unlock
                0x000000000800ab78        0xc c:/st/stm32cubeide_1.9.0/stm32cubeide/plugins/com.st.stm32cube.ide.mcu.externaltools.gnu-tools-for-stm32.10.3-2021.10.win32_1.0.200.202301161003/tools/bin/../lib/gcc/arm-none-eabi/10.3.1/../../../../arm-none-eabi/lib/thumb/v7e-m+fp/hard\libc_nano.a(lib_a-mlock.o)
                0x000000000800ab78                __malloc_unlock
 *(.glue_7)
 .glue_7        0x000000000800ab84        0x0 linker stubs
 *(.glue_7t)
 .glue_7t       0x000000000800ab84        0x0 linker stubs
 *(.eh_frame)
 .eh_frame      0x000000000800ab84        0x0 c:/st/stm32cubeide_1.9.0/stm32cubeide/plugins/com.st.stm32cube.ide.mcu.externaltools.gnu-tools-for-stm32.10.3-2021.10.win32_1.0.200.202301161003/tools/bin/../lib/gcc/arm-none-eabi/10.3.1/thumb/v7e-m+fp/hard/crtbegin.o
 *(.init)
 .init          0x000000000800ab84        0x4 c:/st/stm32cubeide_1.9.0/stm32cubeide/plugins/com.st.stm32cube.ide.mcu.externaltools.gnu-tools-for-stm32.10.3-2021.10.win32_1.0.200.202301161003/tools/bin/../lib/gcc/arm-none-eabi/10.3.1/thumb/v7e-m+fp/hard/crti.o
                0x000000000800ab84                _init
 .init          0x000000000800ab88        0x8 c:/st/stm32cubeide_1.9.0/stm32cubeide/plugins/com.st.stm32cube.ide.mcu.externaltools.gnu-tools-for-stm32.10.3-2021.10.win32_1.0.200.202301161003/tools/bin/../lib/gcc/arm-none-eabi/10.3.1/thumb/v7e-m+fp/hard/crtn.o
 *(.fini)
 .fini          0x000000000800ab90        0x4 c:/st/stm32cubeide_1.9.0/stm32cubeide/plugins/com.st.stm32cube.ide.mcu.externaltools.gnu-tools-for-stm32.10.3-2021.10.win32_1.0.200.202301161003/tools/bin/../lib/gcc/arm-none-eabi/10.3.1/thumb/v7e-m+fp/hard/crti.o
                0x000000000800ab90                _fini
 .fini          0x000000000800ab94        0x8 c:/st/stm32cubeide_1.9.0/stm32cubeide/plugins/com.st.stm32cube.ide.mcu.externaltools.gnu-tools-for-stm32.10.3-2021.10.win32_1.0.200.202301161003/tools/bin/../lib/gcc/arm-none-eabi/10.3.1/thumb/v7e-m+fp/hard/crtn.o
                0x000000000800ab9c                . = ALIGN (0x4)
                0x000000000800ab9c                _etext = .

.vfp11_veneer   0x000000000800ab9c        0x0
 .vfp11_veneer  0x000000000800ab9c        0x0 linker stubs

.v4_bx          0x000000000800ab9c        0x0
 .v4_bx         0x000000000800ab9c        0x0 linker stubs

.iplt           0x000000000800ab9c        0x0
 .iplt          0x000000000800ab9c        0x0 c:/st/stm32cubeide_1.9.0/stm32cubeide/plugins/com.st.stm32cube.ide.mcu.externaltools.gnu-tools-for-stm32.10.3-2021.10.win32_1.0.200.202301161003/tools/bin/../lib/gcc/arm-none-eabi/10.3.1/thumb/v7e-m+fp/hard/crtbegin.o

.rodata         0x000000000800ab9c     0x181c
                0x000000000800ab9c                . = ALIGN (0x4)
 *(.rodata)
 .rodata        0x000000000800ab9c        0x3 ./Core/Src/ADC_out/ADS1115.o
 *fill*         0x000000000800ab9f        0x1 
 .rodata        0x000000000800aba0      0x187 ./Core/Src/app_menu/app_menu.o
 *fill*         0x000000000800ad27        0x1 
 .rodata        0x000000000800ad28       0x3b ./Core/Src/main.o
 *fill*         0x000000000800ad63        0x1 
 .rodata        0x000000000800ad64       0x2c ./Core/Src/tasks/UserTasks.o
 .rodata        0x000000000800ad90        0x5 ./Middlewares/Third_Party/FreeRTOS/Source/tasks.o
 *fill*         0x000000000800ad95        0x3 
 .rodata        0x000000000800ad98        0xd ./Middlewares/Third_Party/FreeRTOS/Source/timers.o
 *(.rodata*)
 *fill*         0x000000000800ada5        0x3 
 .rodata.Font7x10
                0x000000000800ada8      0x76c ./Core/Src/Display/ssd1306/ssd1306_fonts.o
 .rodata.Font11x18
                0x000000000800b514      0xd5c ./Core/Src/Display/ssd1306/ssd1306_fonts.o
 .rodata.EmptyTask_attributes
                0x000000000800c270       0x24 ./Core/Src/main.o
                0x000000000800c270                EmptyTask_attributes
 .rodata.BlockI2C_attributes
                0x000000000800c294       0x10 ./Core/Src/main.o
                0x000000000800c294                BlockI2C_attributes
 .rodata.AHBPrescTable
                0x000000000800c2a4       0x10 ./Core/Src/system_stm32f4xx.o
                0x000000000800c2a4                AHBPrescTable
 .rodata.APBPrescTable
                0x000000000800c2b4        0x8 ./Core/Src/system_stm32f4xx.o
                0x000000000800c2b4                APBPrescTable
 .rodata.OledMenuTask_attributes
                0x000000000800c2bc       0x24 ./Core/Src/tasks/UserTasks.o
                0x000000000800c2bc                OledMenuTask_attributes
 .rodata.LedControlTask_attributes
                0x000000000800c2e0       0x24 ./Core/Src/tasks/UserTasks.o
                0x000000000800c2e0                LedControlTask_attributes
 .rodata.SensOutTask_attributes
                0x000000000800c304       0x24 ./Core/Src/tasks/UserTasks.o
                0x000000000800c304                SensOutTask_attributes
 .rodata.flagBitshiftOffset.0
                0x000000000800c328        0x8 ./Drivers/STM32F4xx_HAL_Driver/Src/stm32f4xx_hal_dma.o
 .rodata.__sf_fake_stderr
                0x000000000800c330       0x20 c:/st/stm32cubeide_1.9.0/stm32cubeide/plugins/com.st.stm32cube.ide.mcu.externaltools.gnu-tools-for-stm32.10.3-2021.10.win32_1.0.200.202301161003/tools/bin/../lib/gcc/arm-none-eabi/10.3.1/../../../../arm-none-eabi/lib/thumb/v7e-m+fp/hard\libc_nano.a(lib_a-findfp.o)
                0x000000000800c330                __sf_fake_stderr
 .rodata.__sf_fake_stdin
                0x000000000800c350       0x20 c:/st/stm32cubeide_1.9.0/stm32cubeide/plugins/com.st.stm32cube.ide.mcu.externaltools.gnu-tools-for-stm32.10.3-2021.10.win32_1.0.200.202301161003/tools/bin/../lib/gcc/arm-none-eabi/10.3.1/../../../../arm-none-eabi/lib/thumb/v7e-m+fp/hard\libc_nano.a(lib_a-findfp.o)
                0x000000000800c350                __sf_fake_stdin
 .rodata.__sf_fake_stdout
                0x000000000800c370       0x20 c:/st/stm32cubeide_1.9.0/stm32cubeide/plugins/com.st.stm32cube.ide.mcu.externaltools.gnu-tools-for-stm32.10.3-2021.10.win32_1.0.200.202301161003/tools/bin/../lib/gcc/arm-none-eabi/10.3.1/../../../../arm-none-eabi/lib/thumb/v7e-m+fp/hard\libc_nano.a(lib_a-findfp.o)
                0x000000000800c370                __sf_fake_stdout
 .rodata.__utoa.str1.1
                0x000000000800c390       0x25 c:/st/stm32cubeide_1.9.0/stm32cubeide/plugins/com.st.stm32cube.ide.mcu.externaltools.gnu-tools-for-stm32.10.3-2021.10.win32_1.0.200.202301161003/tools/bin/../lib/gcc/arm-none-eabi/10.3.1/../../../../arm-none-eabi/lib/thumb/v7e-m+fp/hard\libc_nano.a(lib_a-utoa.o)
                0x000000000800c3b8                . = ALIGN (0x4)
 *fill*         0x000000000800c3b5        0x3 

.ARM.extab      0x000000000800c3b8        0x0
                0x000000000800c3b8                . = ALIGN (0x4)
 *(.ARM.extab* .gnu.linkonce.armextab.*)
                0x000000000800c3b8                . = ALIGN (0x4)

.ARM            0x000000000800c3b8        0x8
                0x000000000800c3b8                . = ALIGN (0x4)
                0x000000000800c3b8                __exidx_start = .
 *(.ARM.exidx*)
 .ARM.exidx     0x000000000800c3b8        0x8 c:/st/stm32cubeide_1.9.0/stm32cubeide/plugins/com.st.stm32cube.ide.mcu.externaltools.gnu-tools-for-stm32.10.3-2021.10.win32_1.0.200.202301161003/tools/bin/../lib/gcc/arm-none-eabi/10.3.1/thumb/v7e-m+fp/hard\libgcc.a(_udivmoddi4.o)
                0x000000000800c3c0                __exidx_end = .
                0x000000000800c3c0                . = ALIGN (0x4)

.rel.dyn        0x000000000800c3c0        0x0
 .rel.iplt      0x000000000800c3c0        0x0 c:/st/stm32cubeide_1.9.0/stm32cubeide/plugins/com.st.stm32cube.ide.mcu.externaltools.gnu-tools-for-stm32.10.3-2021.10.win32_1.0.200.202301161003/tools/bin/../lib/gcc/arm-none-eabi/10.3.1/thumb/v7e-m+fp/hard/crtbegin.o

.preinit_array  0x000000000800c3c0        0x0
                0x000000000800c3c0                . = ALIGN (0x4)
                0x000000000800c3c0                PROVIDE (__preinit_array_start = .)
 *(.preinit_array*)
                0x000000000800c3c0                PROVIDE (__preinit_array_end = .)
                0x000000000800c3c0                . = ALIGN (0x4)

.init_array     0x000000000800c3c0        0x4
                0x000000000800c3c0                . = ALIGN (0x4)
                0x000000000800c3c0                PROVIDE (__init_array_start = .)
 *(SORT_BY_NAME(.init_array.*))
 *(.init_array*)
 .init_array    0x000000000800c3c0        0x4 c:/st/stm32cubeide_1.9.0/stm32cubeide/plugins/com.st.stm32cube.ide.mcu.externaltools.gnu-tools-for-stm32.10.3-2021.10.win32_1.0.200.202301161003/tools/bin/../lib/gcc/arm-none-eabi/10.3.1/thumb/v7e-m+fp/hard/crtbegin.o
                0x000000000800c3c4                PROVIDE (__init_array_end = .)
                0x000000000800c3c4                . = ALIGN (0x4)

.fini_array     0x000000000800c3c4        0x4
                0x000000000800c3c4                . = ALIGN (0x4)
                [!provide]                        PROVIDE (__fini_array_start = .)
 *(SORT_BY_NAME(.fini_array.*))
 *(.fini_array*)
 .fini_array    0x000000000800c3c4        0x4 c:/st/stm32cubeide_1.9.0/stm32cubeide/plugins/com.st.stm32cube.ide.mcu.externaltools.gnu-tools-for-stm32.10.3-2021.10.win32_1.0.200.202301161003/tools/bin/../lib/gcc/arm-none-eabi/10.3.1/thumb/v7e-m+fp/hard/crtbegin.o
                [!provide]                        PROVIDE (__fini_array_end = .)
                0x000000000800c3c8                . = ALIGN (0x4)
                0x000000000800c3c8                _sidata = LOADADDR (.data)

.data           0x0000000020000000       0xa8 load address 0x000000000800c3c8
                0x0000000020000000                . = ALIGN (0x4)
                0x0000000020000000                _sdata = .
 *(.data)
 *(.data*)
 .data.Font_7x10
                0x0000000020000000        0x8 ./Core/Src/Display/ssd1306/ssd1306_fonts.o
                0x0000000020000000                Font_7x10
 .data.Font_11x18
                0x0000000020000008        0x8 ./Core/Src/Display/ssd1306/ssd1306_fonts.o
                0x0000000020000008                Font_11x18
 .data.ARGB_BR  0x0000000020000010        0x1 ./Core/Src/Display/ws2812/ARGB.o
                0x0000000020000010                ARGB_BR
 *fill*         0x0000000020000011        0x3 
 .data.menuItems
                0x0000000020000014       0x20 ./Core/Src/app_menu/app_menu.o
                0x0000000020000014                menuItems
 .data.SystemCoreClock
                0x0000000020000034        0x4 ./Core/Src/system_stm32f4xx.o
                0x0000000020000034                SystemCoreClock
 .data.uwTickPrio
                0x0000000020000038        0x4 ./Drivers/STM32F4xx_HAL_Driver/Src/stm32f4xx_hal.o
                0x0000000020000038                uwTickPrio
 .data.uwTickFreq
                0x000000002000003c        0x1 ./Drivers/STM32F4xx_HAL_Driver/Src/stm32f4xx_hal.o
                0x000000002000003c                uwTickFreq
 *fill*         0x000000002000003d        0x3 
 .data.uxCriticalNesting
                0x0000000020000040        0x4 ./Middlewares/Third_Party/FreeRTOS/Source/portable/GCC/ARM_CM4F/port.o
 .data._impure_ptr
                0x0000000020000044        0x4 c:/st/stm32cubeide_1.9.0/stm32cubeide/plugins/com.st.stm32cube.ide.mcu.externaltools.gnu-tools-for-stm32.10.3-2021.10.win32_1.0.200.202301161003/tools/bin/../lib/gcc/arm-none-eabi/10.3.1/../../../../arm-none-eabi/lib/thumb/v7e-m+fp/hard\libc_nano.a(lib_a-impure.o)
                0x0000000020000044                _impure_ptr
 .data.impure_data
                0x0000000020000048       0x60 c:/st/stm32cubeide_1.9.0/stm32cubeide/plugins/com.st.stm32cube.ide.mcu.externaltools.gnu-tools-for-stm32.10.3-2021.10.win32_1.0.200.202301161003/tools/bin/../lib/gcc/arm-none-eabi/10.3.1/../../../../arm-none-eabi/lib/thumb/v7e-m+fp/hard\libc_nano.a(lib_a-impure.o)
 *(.RamFunc)
 *(.RamFunc*)
                0x00000000200000a8                . = ALIGN (0x4)
                0x00000000200000a8                _edata = .

.igot.plt       0x00000000200000a8        0x0 load address 0x000000000800c470
 .igot.plt      0x00000000200000a8        0x0 c:/st/stm32cubeide_1.9.0/stm32cubeide/plugins/com.st.stm32cube.ide.mcu.externaltools.gnu-tools-for-stm32.10.3-2021.10.win32_1.0.200.202301161003/tools/bin/../lib/gcc/arm-none-eabi/10.3.1/thumb/v7e-m+fp/hard/crtbegin.o
                0x00000000200000a8                . = ALIGN (0x4)

.bss            0x00000000200000a8     0x5128 load address 0x000000000800c470
                0x00000000200000a8                _sbss = .
                0x00000000200000a8                __bss_start__ = _sbss
 *(.bss)
 .bss           0x00000000200000a8       0x1c c:/st/stm32cubeide_1.9.0/stm32cubeide/plugins/com.st.stm32cube.ide.mcu.externaltools.gnu-tools-for-stm32.10.3-2021.10.win32_1.0.200.202301161003/tools/bin/../lib/gcc/arm-none-eabi/10.3.1/thumb/v7e-m+fp/hard/crtbegin.o
 *(.bss*)
 .bss.SSD1306_Buffer
                0x00000000200000c4      0x410 ./Core/Src/Display/ssd1306/ssd1306.o
 .bss.SSD1306   0x00000000200004d4        0x6 ./Core/Src/Display/ssd1306/ssd1306.o
 .bss.PWM_HI    0x00000000200004da        0x1 ./Core/Src/Display/ws2812/ARGB.o
                0x00000000200004da                PWM_HI
 .bss.PWM_LO    0x00000000200004db        0x1 ./Core/Src/Display/ws2812/ARGB.o
                0x00000000200004db                PWM_LO
 .bss.RGB_BUF   0x00000000200004dc       0x18 ./Core/Src/Display/ws2812/ARGB.o
                0x00000000200004dc                RGB_BUF
 .bss.PWM_BUF   0x00000000200004f4       0xc0 ./Core/Src/Display/ws2812/ARGB.o
                0x00000000200004f4                PWM_BUF
 .bss.BUF_COUNTER
                0x00000000200005b4        0x2 ./Core/Src/Display/ws2812/ARGB.o
                0x00000000200005b4                BUF_COUNTER
 .bss.ARGB_LOC_ST
                0x00000000200005b6        0x1 ./Core/Src/Display/ws2812/ARGB.o
                0x00000000200005b6                ARGB_LOC_ST
 *fill*         0x00000000200005b7        0x1 
 .bss.statusMutex
                0x00000000200005b8        0x4 ./Core/Src/app_menu/app_menu.o
                0x00000000200005b8                statusMutex
 .bss.buttonUpper
                0x00000000200005bc        0x1 ./Core/Src/app_menu/app_menu.o
 .bss.buttonEnable
                0x00000000200005bd        0x1 ./Core/Src/app_menu/app_menu.o
 .bss.button_counter
                0x00000000200005be        0x1 ./Core/Src/app_menu/app_menu.o
 .bss.button_long
                0x00000000200005bf        0x1 ./Core/Src/app_menu/app_menu.o
 .bss.encoderAS56
                0x00000000200005c0        0x1 ./Core/Src/app_menu/app_menu.o
 *fill*         0x00000000200005c1        0x3 
 .bss.hi2c1     0x00000000200005c4       0x54 ./Core/Src/main.o
                0x00000000200005c4                hi2c1
 .bss.hspi1     0x0000000020000618       0x58 ./Core/Src/main.o
                0x0000000020000618                hspi1
 .bss.htim2     0x0000000020000670       0x48 ./Core/Src/main.o
                0x0000000020000670                htim2
 .bss.hdma_tim2_ch2_ch4
                0x00000000200006b8       0x60 ./Core/Src/main.o
                0x00000000200006b8                hdma_tim2_ch2_ch4
 .bss.EmptyTaskHandle
                0x0000000020000718        0x4 ./Core/Src/main.o
                0x0000000020000718                EmptyTaskHandle
 .bss.BlockI2CHandle
                0x000000002000071c        0x4 ./Core/Src/main.o
                0x000000002000071c                BlockI2CHandle
 .bss.htim9     0x0000000020000720       0x48 ./Core/Src/stm32f4xx_hal_timebase_tim.o
                0x0000000020000720                htim9
 .bss.__sbrk_heap_end
                0x0000000020000768        0x4 ./Core/Src/sysmem.o
 .bss.raw_angle
                0x000000002000076c        0x2 ./Core/Src/tasks/SensOut.o
                0x000000002000076c                raw_angle
 .bss.old_encoder_data
                0x000000002000076e        0x2 ./Core/Src/tasks/SensOut.o
                0x000000002000076e                old_encoder_data
 .bss.delta_encoder
                0x0000000020000770        0x2 ./Core/Src/tasks/SensOut.o
                0x0000000020000770                delta_encoder
 *fill*         0x0000000020000772        0x2 
 .bss.configChanel1
                0x0000000020000774        0x8 ./Core/Src/tasks/SensOut.o
                0x0000000020000774                configChanel1
 .bss.configChanel2
                0x000000002000077c        0x8 ./Core/Src/tasks/SensOut.o
                0x000000002000077c                configChanel2
 .bss.configChanel3
                0x0000000020000784        0x8 ./Core/Src/tasks/SensOut.o
                0x0000000020000784                configChanel3
 .bss.configChanel4
                0x000000002000078c        0x8 ./Core/Src/tasks/SensOut.o
                0x000000002000078c                configChanel4
 .bss.pADS      0x0000000020000794        0x4 ./Core/Src/tasks/SensOut.o
                0x0000000020000794                pADS
 .bss.statusMutexI2C
                0x0000000020000798        0x4 ./Core/Src/tasks/SensOut.o
                0x0000000020000798                statusMutexI2C
 .bss.magnituda
                0x000000002000079c        0x1 ./Core/Src/tasks/SensOut.o
                0x000000002000079c                magnituda
 *fill*         0x000000002000079d        0x3 
 .bss.OledMenuTaskHandle
                0x00000000200007a0        0x4 ./Core/Src/tasks/UserTasks.o
                0x00000000200007a0                OledMenuTaskHandle
 .bss.LedControlTaskHandle
                0x00000000200007a4        0x4 ./Core/Src/tasks/UserTasks.o
                0x00000000200007a4                LedControlTaskHandle
 .bss.SensOutTaskHandle
                0x00000000200007a8        0x4 ./Core/Src/tasks/UserTasks.o
                0x00000000200007a8                SensOutTaskHandle
 .bss.uwTick    0x00000000200007ac        0x4 ./Drivers/STM32F4xx_HAL_Driver/Src/stm32f4xx_hal.o
                0x00000000200007ac                uwTick
 .bss.KernelState
                0x00000000200007b0        0x4 ./Middlewares/Third_Party/FreeRTOS/Source/CMSIS_RTOS_V2/cmsis_os2.o
 .bss.Idle_TCB.3
                0x00000000200007b4       0xbc ./Middlewares/Third_Party/FreeRTOS/Source/CMSIS_RTOS_V2/cmsis_os2.o
 .bss.Idle_Stack.2
                0x0000000020000870      0x200 ./Middlewares/Third_Party/FreeRTOS/Source/CMSIS_RTOS_V2/cmsis_os2.o
 .bss.Timer_TCB.1
                0x0000000020000a70       0xbc ./Middlewares/Third_Party/FreeRTOS/Source/CMSIS_RTOS_V2/cmsis_os2.o
 .bss.Timer_Stack.0
                0x0000000020000b2c      0x400 ./Middlewares/Third_Party/FreeRTOS/Source/CMSIS_RTOS_V2/cmsis_os2.o
 .bss.xQueueRegistry
                0x0000000020000f2c       0x40 ./Middlewares/Third_Party/FreeRTOS/Source/queue.o
                0x0000000020000f2c                xQueueRegistry
 .bss.pxCurrentTCB
                0x0000000020000f6c        0x4 ./Middlewares/Third_Party/FreeRTOS/Source/tasks.o
                0x0000000020000f6c                pxCurrentTCB
 .bss.pxReadyTasksLists
                0x0000000020000f70      0x460 ./Middlewares/Third_Party/FreeRTOS/Source/tasks.o
 .bss.xDelayedTaskList1
                0x00000000200013d0       0x14 ./Middlewares/Third_Party/FreeRTOS/Source/tasks.o
 .bss.xDelayedTaskList2
                0x00000000200013e4       0x14 ./Middlewares/Third_Party/FreeRTOS/Source/tasks.o
 .bss.pxDelayedTaskList
                0x00000000200013f8        0x4 ./Middlewares/Third_Party/FreeRTOS/Source/tasks.o
 .bss.pxOverflowDelayedTaskList
                0x00000000200013fc        0x4 ./Middlewares/Third_Party/FreeRTOS/Source/tasks.o
 .bss.xPendingReadyList
                0x0000000020001400       0x14 ./Middlewares/Third_Party/FreeRTOS/Source/tasks.o
 .bss.xTasksWaitingTermination
                0x0000000020001414       0x14 ./Middlewares/Third_Party/FreeRTOS/Source/tasks.o
 .bss.uxDeletedTasksWaitingCleanUp
                0x0000000020001428        0x4 ./Middlewares/Third_Party/FreeRTOS/Source/tasks.o
 .bss.xSuspendedTaskList
                0x000000002000142c       0x14 ./Middlewares/Third_Party/FreeRTOS/Source/tasks.o
 .bss.uxCurrentNumberOfTasks
                0x0000000020001440        0x4 ./Middlewares/Third_Party/FreeRTOS/Source/tasks.o
 .bss.xTickCount
                0x0000000020001444        0x4 ./Middlewares/Third_Party/FreeRTOS/Source/tasks.o
 .bss.uxTopReadyPriority
                0x0000000020001448        0x4 ./Middlewares/Third_Party/FreeRTOS/Source/tasks.o
 .bss.xSchedulerRunning
                0x000000002000144c        0x4 ./Middlewares/Third_Party/FreeRTOS/Source/tasks.o
 .bss.xPendedTicks
                0x0000000020001450        0x4 ./Middlewares/Third_Party/FreeRTOS/Source/tasks.o
 .bss.xYieldPending
                0x0000000020001454        0x4 ./Middlewares/Third_Party/FreeRTOS/Source/tasks.o
 .bss.xNumOfOverflows
                0x0000000020001458        0x4 ./Middlewares/Third_Party/FreeRTOS/Source/tasks.o
 .bss.uxTaskNumber
                0x000000002000145c        0x4 ./Middlewares/Third_Party/FreeRTOS/Source/tasks.o
 .bss.xNextTaskUnblockTime
                0x0000000020001460        0x4 ./Middlewares/Third_Party/FreeRTOS/Source/tasks.o
 .bss.xIdleTaskHandle
                0x0000000020001464        0x4 ./Middlewares/Third_Party/FreeRTOS/Source/tasks.o
 .bss.uxSchedulerSuspended
                0x0000000020001468        0x4 ./Middlewares/Third_Party/FreeRTOS/Source/tasks.o
 .bss.xActiveTimerList1
                0x000000002000146c       0x14 ./Middlewares/Third_Party/FreeRTOS/Source/timers.o
 .bss.xActiveTimerList2
                0x0000000020001480       0x14 ./Middlewares/Third_Party/FreeRTOS/Source/timers.o
 .bss.pxCurrentTimerList
                0x0000000020001494        0x4 ./Middlewares/Third_Party/FreeRTOS/Source/timers.o
 .bss.pxOverflowTimerList
                0x0000000020001498        0x4 ./Middlewares/Third_Party/FreeRTOS/Source/timers.o
 .bss.xTimerQueue
                0x000000002000149c        0x4 ./Middlewares/Third_Party/FreeRTOS/Source/timers.o
 .bss.xTimerTaskHandle
                0x00000000200014a0        0x4 ./Middlewares/Third_Party/FreeRTOS/Source/timers.o
 .bss.xLastTime.2
                0x00000000200014a4        0x4 ./Middlewares/Third_Party/FreeRTOS/Source/timers.o
 .bss.ucStaticTimerQueueStorage.1
                0x00000000200014a8       0xa0 ./Middlewares/Third_Party/FreeRTOS/Source/timers.o
 .bss.xStaticTimerQueue.0
                0x0000000020001548       0x50 ./Middlewares/Third_Party/FreeRTOS/Source/timers.o
 .bss.ucMaxSysCallPriority
                0x0000000020001598        0x1 ./Middlewares/Third_Party/FreeRTOS/Source/portable/GCC/ARM_CM4F/port.o
 *fill*         0x0000000020001599        0x3 
 .bss.ulMaxPRIGROUPValue
                0x000000002000159c        0x4 ./Middlewares/Third_Party/FreeRTOS/Source/portable/GCC/ARM_CM4F/port.o
 .bss.ucHeap    0x00000000200015a0     0x3c00 ./Middlewares/Third_Party/FreeRTOS/Source/portable/MemMang/heap_4.o
 .bss.xStart    0x00000000200051a0        0x8 ./Middlewares/Third_Party/FreeRTOS/Source/portable/MemMang/heap_4.o
 .bss.pxEnd     0x00000000200051a8        0x4 ./Middlewares/Third_Party/FreeRTOS/Source/portable/MemMang/heap_4.o
 .bss.xFreeBytesRemaining
                0x00000000200051ac        0x4 ./Middlewares/Third_Party/FreeRTOS/Source/portable/MemMang/heap_4.o
 .bss.xMinimumEverFreeBytesRemaining
                0x00000000200051b0        0x4 ./Middlewares/Third_Party/FreeRTOS/Source/portable/MemMang/heap_4.o
 .bss.xNumberOfSuccessfulAllocations
                0x00000000200051b4        0x4 ./Middlewares/Third_Party/FreeRTOS/Source/portable/MemMang/heap_4.o
 .bss.xNumberOfSuccessfulFrees
                0x00000000200051b8        0x4 ./Middlewares/Third_Party/FreeRTOS/Source/portable/MemMang/heap_4.o
 .bss.xBlockAllocatedBit
                0x00000000200051bc        0x4 ./Middlewares/Third_Party/FreeRTOS/Source/portable/MemMang/heap_4.o
 .bss.__lock___malloc_recursive_mutex
                0x00000000200051c0        0x1 c:/st/stm32cubeide_1.9.0/stm32cubeide/plugins/com.st.stm32cube.ide.mcu.externaltools.gnu-tools-for-stm32.10.3-2021.10.win32_1.0.200.202301161003/tools/bin/../lib/gcc/arm-none-eabi/10.3.1/../../../../arm-none-eabi/lib/thumb/v7e-m+fp/hard\libc_nano.a(lib_a-lock.o)
                0x00000000200051c0                __lock___malloc_recursive_mutex
 *fill*         0x00000000200051c1        0x3 
 .bss.__malloc_free_list
                0x00000000200051c4        0x4 c:/st/stm32cubeide_1.9.0/stm32cubeide/plugins/com.st.stm32cube.ide.mcu.externaltools.gnu-tools-for-stm32.10.3-2021.10.win32_1.0.200.202301161003/tools/bin/../lib/gcc/arm-none-eabi/10.3.1/../../../../arm-none-eabi/lib/thumb/v7e-m+fp/hard\libc_nano.a(lib_a-nano-mallocr.o)
                0x00000000200051c4                __malloc_free_list
 .bss.__malloc_sbrk_start
                0x00000000200051c8        0x4 c:/st/stm32cubeide_1.9.0/stm32cubeide/plugins/com.st.stm32cube.ide.mcu.externaltools.gnu-tools-for-stm32.10.3-2021.10.win32_1.0.200.202301161003/tools/bin/../lib/gcc/arm-none-eabi/10.3.1/../../../../arm-none-eabi/lib/thumb/v7e-m+fp/hard\libc_nano.a(lib_a-nano-mallocr.o)
                0x00000000200051c8                __malloc_sbrk_start
 .bss.errno     0x00000000200051cc        0x4 c:/st/stm32cubeide_1.9.0/stm32cubeide/plugins/com.st.stm32cube.ide.mcu.externaltools.gnu-tools-for-stm32.10.3-2021.10.win32_1.0.200.202301161003/tools/bin/../lib/gcc/arm-none-eabi/10.3.1/../../../../arm-none-eabi/lib/thumb/v7e-m+fp/hard\libc_nano.a(lib_a-reent.o)
                0x00000000200051cc                errno
 *(COMMON)
                0x00000000200051d0                . = ALIGN (0x4)
                0x00000000200051d0                _ebss = .
                0x00000000200051d0                __bss_end__ = _ebss

._user_heap_stack
                0x00000000200051d0     0x6000 load address 0x000000000800c470
                0x00000000200051d0                . = ALIGN (0x8)
                [!provide]                        PROVIDE (end = .)
                0x00000000200051d0                PROVIDE (_end = .)
                0x00000000200071d0                . = (. + _Min_Heap_Size)
 *fill*         0x00000000200051d0     0x2000 
                0x000000002000b1d0                . = (. + _Min_Stack_Size)
 *fill*         0x00000000200071d0     0x4000 
                0x000000002000b1d0                . = ALIGN (0x8)

/DISCARD/
 libc.a(*)
 libm.a(*)
 libgcc.a(*)

.ARM.attributes
                0x0000000000000000       0x30
 *(.ARM.attributes)
 .ARM.attributes
                0x0000000000000000       0x1e c:/st/stm32cubeide_1.9.0/stm32cubeide/plugins/com.st.stm32cube.ide.mcu.externaltools.gnu-tools-for-stm32.10.3-2021.10.win32_1.0.200.202301161003/tools/bin/../lib/gcc/arm-none-eabi/10.3.1/thumb/v7e-m+fp/hard/crti.o
 .ARM.attributes
                0x000000000000001e       0x34 c:/st/stm32cubeide_1.9.0/stm32cubeide/plugins/com.st.stm32cube.ide.mcu.externaltools.gnu-tools-for-stm32.10.3-2021.10.win32_1.0.200.202301161003/tools/bin/../lib/gcc/arm-none-eabi/10.3.1/thumb/v7e-m+fp/hard/crtbegin.o
 .ARM.attributes
                0x0000000000000052       0x34 ./Core/Src/ADC_out/ADS1115.o
 .ARM.attributes
                0x0000000000000086       0x34 ./Core/Src/DAC_out/MCP4725.o
 .ARM.attributes
                0x00000000000000ba       0x34 ./Core/Src/Display/ssd1306/ssd1306.o
 .ARM.attributes
                0x00000000000000ee       0x34 ./Core/Src/Display/ssd1306/ssd1306_fonts.o
 .ARM.attributes
                0x0000000000000122       0x34 ./Core/Src/Display/ws2812/ARGB.o
 .ARM.attributes
                0x0000000000000156       0x34 ./Core/Src/Encoder/as5600.o
 .ARM.attributes
                0x000000000000018a       0x34 ./Core/Src/app_menu/app_menu.o
 .ARM.attributes
                0x00000000000001be       0x34 ./Core/Src/main.o
 .ARM.attributes
                0x00000000000001f2       0x34 ./Core/Src/stm32f4xx_hal_msp.o
 .ARM.attributes
                0x0000000000000226       0x34 ./Core/Src/stm32f4xx_hal_timebase_tim.o
 .ARM.attributes
                0x000000000000025a       0x34 ./Core/Src/stm32f4xx_it.o
 .ARM.attributes
                0x000000000000028e       0x34 ./Core/Src/sysmem.o
 .ARM.attributes
                0x00000000000002c2       0x34 ./Core/Src/system_stm32f4xx.o
 .ARM.attributes
                0x00000000000002f6       0x34 ./Core/Src/tasks/LedControl.o
 .ARM.attributes
                0x000000000000032a       0x34 ./Core/Src/tasks/OledMenu.o
 .ARM.attributes
                0x000000000000035e       0x34 ./Core/Src/tasks/SensOut.o
 .ARM.attributes
                0x0000000000000392       0x34 ./Core/Src/tasks/UserTasks.o
 .ARM.attributes