Archive member included to satisfy reference by file (symbol)

c:/st/stm32cubeide_1.9.0/stm32cubeide/plugins/com.st.stm32cube.ide.mcu.externaltools.gnu-tools-for-stm32.10.3-2021.10.win32_1.0.200.202301161003/tools/bin/../lib/gcc/arm-none-eabi/10.3.1/../../../../arm-none-eabi/lib/thumb/v7e-m+fp/hard\libc_nano.a(lib_a-errno.o)
                              ./Core/Src/syscalls.o (__errno)
c:/st/stm32cubeide_1.9.0/stm32cubeide/plugins/com.st.stm32cube.ide.mcu.externaltools.gnu-tools-for-stm32.10.3-2021.10.win32_1.0.200.202301161003/tools/bin/../lib/gcc/arm-none-eabi/10.3.1/../../../../arm-none-eabi/lib/thumb/v7e-m+fp/hard\libc_nano.a(lib_a-exit.o)
                              c:/st/stm32cubeide_1.9.0/stm32cubeide/plugins/com.st.stm32cube.ide.mcu.externaltools.gnu-tools-for-stm32.10.3-2021.10.win32_1.0.200.202301161003/tools/bin/../lib/gcc/arm-none-eabi/10.3.1/../../../../arm-none-eabi/lib/thumb/v7e-m+fp/hard/crt0.o (exit)
c:/st/stm32cubeide_1.9.0/stm32cubeide/plugins/com.st.stm32cube.ide.mcu.externaltools.gnu-tools-for-stm32.10.3-2021.10.win32_1.0.200.202301161003/tools/bin/../lib/gcc/arm-none-eabi/10.3.1/../../../../arm-none-eabi/lib/thumb/v7e-m+fp/hard\libc_nano.a(lib_a-findfp.o)
                              ./Middlewares/Third_Party/FreeRTOS/Source/tasks.o (__sf_fake_stderr)
c:/st/stm32cubeide_1.9.0/stm32cubeide/plugins/com.st.stm32cube.ide.mcu.externaltools.gnu-tools-for-stm32.10.3-2021.10.win32_1.0.200.202301161003/tools/bin/../lib/gcc/arm-none-eabi/10.3.1/../../../../arm-none-eabi/lib/thumb/v7e-m+fp/hard\libc_nano.a(lib_a-fwalk.o)
                              c:/st/stm32cubeide_1.9.0/stm32cubeide/plugins/com.st.stm32cube.ide.mcu.externaltools.gnu-tools-for-stm32.10.3-2021.10.win32_1.0.200.202301161003/tools/bin/../lib/gcc/arm-none-eabi/10.3.1/../../../../arm-none-eabi/lib/thumb/v7e-m+fp/hard\libc_nano.a(lib_a-findfp.o) (_fwalk)
c:/st/stm32cubeide_1.9.0/stm32cubeide/plugins/com.st.stm32cube.ide.mcu.externaltools.gnu-tools-for-stm32.10.3-2021.10.win32_1.0.200.202301161003/tools/bin/../lib/gcc/arm-none-eabi/10.3.1/../../../../arm-none-eabi/lib/thumb/v7e-m+fp/hard\libc_nano.a(lib_a-impure.o)
                              c:/st/stm32cubeide_1.9.0/stm32cubeide/plugins/com.st.stm32cube.ide.mcu.externaltools.gnu-tools-for-stm32.10.3-2021.10.win32_1.0.200.202301161003/tools/bin/../lib/gcc/arm-none-eabi/10.3.1/../../../../arm-none-eabi/lib/thumb/v7e-m+fp/hard\libc_nano.a(lib_a-exit.o) (_global_impure_ptr)
c:/st/stm32cubeide_1.9.0/stm32cubeide/plugins/com.st.stm32cube.ide.mcu.externaltools.gnu-tools-for-stm32.10.3-2021.10.win32_1.0.200.202301161003/tools/bin/../lib/gcc/arm-none-eabi/10.3.1/../../../../arm-none-eabi/lib/thumb/v7e-m+fp/hard\libc_nano.a(lib_a-init.o)
                              c:/st/stm32cubeide_1.9.0/stm32cubeide/plugins/com.st.stm32cube.ide.mcu.externaltools.gnu-tools-for-stm32.10.3-2021.10.win32_1.0.200.202301161003/tools/bin/../lib/gcc/arm-none-eabi/10.3.1/../../../../arm-none-eabi/lib/thumb/v7e-m+fp/hard/crt0.o (__libc_init_array)
c:/st/stm32cubeide_1.9.0/stm32cubeide/plugins/com.st.stm32cube.ide.mcu.externaltools.gnu-tools-for-stm32.10.3-2021.10.win32_1.0.200.202301161003/tools/bin/../lib/gcc/arm-none-eabi/10.3.1/../../../../arm-none-eabi/lib/thumb/v7e-m+fp/hard\libc_nano.a(lib_a-itoa.o)
                              ./Core/Src/app_menu/app_menu.o (itoa)
c:/st/stm32cubeide_1.9.0/stm32cubeide/plugins/com.st.stm32cube.ide.mcu.externaltools.gnu-tools-for-stm32.10.3-2021.10.win32_1.0.200.202301161003/tools/bin/../lib/gcc/arm-none-eabi/10.3.1/../../../../arm-none-eabi/lib/thumb/v7e-m+fp/hard\libc_nano.a(lib_a-lock.o)
                              c:/st/stm32cubeide_1.9.0/stm32cubeide/plugins/com.st.stm32cube.ide.mcu.externaltools.gnu-tools-for-stm32.10.3-2021.10.win32_1.0.200.202301161003/tools/bin/../lib/gcc/arm-none-eabi/10.3.1/../../../../arm-none-eabi/lib/thumb/v7e-m+fp/hard\libc_nano.a(lib_a-findfp.o) (__retarget_lock_init_recursive)
c:/st/stm32cubeide_1.9.0/stm32cubeide/plugins/com.st.stm32cube.ide.mcu.externaltools.gnu-tools-for-stm32.10.3-2021.10.win32_1.0.200.202301161003/tools/bin/../lib/gcc/arm-none-eabi/10.3.1/../../../../arm-none-eabi/lib/thumb/v7e-m+fp/hard\libc_nano.a(lib_a-malloc.o)
                              ./Core/Src/ADC_out/ADS1115.o (malloc)
c:/st/stm32cubeide_1.9.0/stm32cubeide/plugins/com.st.stm32cube.ide.mcu.externaltools.gnu-tools-for-stm32.10.3-2021.10.win32_1.0.200.202301161003/tools/bin/../lib/gcc/arm-none-eabi/10.3.1/../../../../arm-none-eabi/lib/thumb/v7e-m+fp/hard\libc_nano.a(lib_a-memcpy-stub.o)
                              ./Core/Src/Display/ssd1306/ssd1306.o (memcpy)
c:/st/stm32cubeide_1.9.0/stm32cubeide/plugins/com.st.stm32cube.ide.mcu.externaltools.gnu-tools-for-stm32.10.3-2021.10.win32_1.0.200.202301161003/tools/bin/../lib/gcc/arm-none-eabi/10.3.1/../../../../arm-none-eabi/lib/thumb/v7e-m+fp/hard\libc_nano.a(lib_a-memmove.o)
                              ./Core/Src/Display/ssd1306/ssd1306_tests.o (memmove)
[...]
Memory Configuration

Name             Origin             Length             Attributes
RAM              0x0000000020000000 0x0000000000020000 xrw
FLASH            0x0000000008000000 0x0000000000080000 xr
*default*        0x0000000000000000 0xffffffffffffffff

Linker script and memory map

LOAD c:/st/stm32cubeide_1.9.0/stm32cubeide/plugins/com.st.stm32cube.ide.mcu.externaltools.gnu-tools-for-stm32.10.3-2021.10.win32_1.0.200.202301161003/tools/bin/../lib/gcc/arm-none-eabi/10.3.1/thumb/v7e-m+fp/hard/crti.o
LOAD c:/st/stm32cubeide_1.9.0/stm32cubeide/plugins/com.st.stm32cube.ide.mcu.externaltools.gnu-tools-for-stm32.10.3-2021.10.win32_1.0.200.202301161003/tools/bin/../lib/gcc/arm-none-eabi/10.3.1/thumb/v7e-m+fp/hard/crtbegin.o
LOAD c:/st/stm32cubeide_1.9.0/stm32cubeide/plugins/com.st.stm32cube.ide.mcu.externaltools.gnu-tools-for-stm32.10.3-2021.10.win32_1.0.200.202301161003/tools/bin/../lib/gcc/arm-none-eabi/10.3.1/../../../../arm-none-eabi/lib/thumb/v7e-m+fp/hard/crt0.o
LOAD ./Core/Src/ADC_out/ADS1115.o
LOAD ./Core/Src/DAC_out/MCP4725.o
LOAD ./Core/Src/Display/e-ink/EPAPER.o
LOAD ./Core/Src/Display/ssd1306/ssd1306.o
LOAD ./Core/Src/Display/ssd1306/ssd1306_fonts.o
LOAD ./Core/Src/Display/ssd1306/ssd1306_tests.o
LOAD ./Core/Src/Display/ws2812/ARGB.o
LOAD ./Core/Src/Encoder/as5600.o
LOAD ./Core/Src/app_menu/app_menu.o
LOAD ./Core/Src/freertos.o
LOAD ./Core/Src/main.o
LOAD ./Core/Src/stm32f4xx_hal_msp.o
LOAD ./Core/Src/stm32f4xx_hal_timebase_tim.o
LOAD ./Core/Src/stm32f4xx_it.o
LOAD ./Core/Src/syscalls.o
LOAD ./Core/Src/sysmem.o
LOAD ./Core/Src/system_stm32f4xx.o
LOAD ./Core/Src/tasks/LedControl.o
LOAD ./Core/Src/tasks/MotorControl.o
LOAD ./Core/Src/tasks/OledMenu.o
LOAD ./Core/Src/tasks/SensOut.o
LOAD ./Core/Src/tasks/UserTasks.o
LOAD ./Core/Startup/startup_stm32f411ceux.o
LOAD ./Drivers/STM32F4xx_HAL_Driver/Src/stm32f4xx_hal.o
LOAD ./Drivers/STM32F4xx_HAL_Driver/Src/stm32f4xx_hal_cortex.o
LOAD ./Drivers/STM32F4xx_HAL_Driver/Src/stm32f4xx_hal_dma.o
LOAD ./Drivers/STM32F4xx_HAL_Driver/Src/stm32f4xx_hal_dma_ex.o
LOAD ./Drivers/STM32F4xx_HAL_Driver/Src/stm32f4xx_hal_exti.o
LOAD ./Drivers/STM32F4xx_HAL_Driver/Src/stm32f4xx_hal_flash.o
LOAD ./Drivers/STM32F4xx_HAL_Driver/Src/stm32f4xx_hal_flash_ex.o
LOAD ./Drivers/STM32F4xx_HAL_Driver/Src/stm32f4xx_hal_flash_ramfunc.o
LOAD ./Drivers/STM32F4xx_HAL_Driver/Src/stm32f4xx_hal_gpio.o
LOAD ./Drivers/STM32F4xx_HAL_Driver/Src/stm32f4xx_hal_i2c.o
LOAD ./Drivers/STM32F4xx_HAL_Driver/Src/stm32f4xx_hal_i2c_ex.o
LOAD ./Drivers/STM32F4xx_HAL_Driver/Src/stm32f4xx_hal_pwr.o
LOAD ./Drivers/STM32F4xx_HAL_Driver/Src/stm32f4xx_hal_pwr_ex.o
LOAD ./Drivers/STM32F4xx_HAL_Driver/Src/stm32f4xx_hal_rcc.o
LOAD ./Drivers/STM32F4xx_HAL_Driver/Src/stm32f4xx_hal_rcc_ex.o
LOAD ./Drivers/STM32F4xx_HAL_Driver/Src/stm32f4xx_hal_spi.o
LOAD ./Drivers/STM32F4xx_HAL_Driver/Src/stm32f4xx_hal_tim.o
LOAD ./Drivers/STM32F4xx_HAL_Driver/Src/stm32f4xx_hal_tim_ex.o
LOAD ./Middlewares/Third_Party/FreeRTOS/Source/CMSIS_RTOS_V2/cmsis_os2.o
LOAD ./Middlewares/Third_Party/FreeRTOS/Source/croutine.o
LOAD ./Middlewares/Third_Party/FreeRTOS/Source/event_groups.o
LOAD ./Middlewares/Third_Party/FreeRTOS/Source/list.o
LOAD ./Middlewares/Third_Party/FreeRTOS/Source/queue.o
LOAD ./Middlewares/Third_Party/FreeRTOS/Source/stream_buffer.o
LOAD ./Middlewares/Third_Party/FreeRTOS/Source/tasks.o
LOAD ./Middlewares/Third_Party/FreeRTOS/Source/timers.o
LOAD ./Middlewares/Third_Party/FreeRTOS/Source/portable/GCC/ARM_CM4F/port.o
LOAD ./Middlewares/Third_Party/FreeRTOS/Source/portable/MemMang/heap_4.o
START GROUP
LOAD c:/st/stm32cubeide_1.9.0/stm32cubeide/plugins/com.st.stm32cube.ide.mcu.externaltools.gnu-tools-for-stm32.10.3-2021.10.win32_1.0.200.202301161003/tools/bin/../lib/gcc/arm-none-eabi/10.3.1/../../../../arm-none-eabi/lib/thumb/v7e-m+fp/hard\libc_nano.a
LOAD c:/st/stm32cubeide_1.9.0/stm32cubeide/plugins/com.st.stm32cube.ide.mcu.externaltools.gnu-tools-for-stm32.10.3-2021.10.win32_1.0.200.202301161003/tools/bin/../lib/gcc/arm-none-eabi/10.3.1/../../../../arm-none-eabi/lib/thumb/v7e-m+fp/hard\libm.a
END GROUP
START GROUP
LOAD c:/st/stm32cubeide_1.9.0/stm32cubeide/plugins/com.st.stm32cube.ide.mcu.externaltools.gnu-tools-for-stm32.10.3-2021.10.win32_1.0.200.202301161003/tools/bin/../lib/gcc/arm-none-eabi/10.3.1/thumb/v7e-m+fp/hard\libgcc.a
LOAD c:/st/stm32cubeide_1.9.0/stm32cubeide/plugins/com.st.stm32cube.ide.mcu.externaltools.gnu-tools-for-stm32.10.3-2021.10.win32_1.0.200.202301161003/tools/bin/../lib/gcc/arm-none-eabi/10.3.1/../../../../arm-none-eabi/lib/thumb/v7e-m+fp/hard\libc_nano.a
END GROUP
START GROUP
LOAD c:/st/stm32cubeide_1.9.0/stm32cubeide/plugins/com.st.stm32cube.ide.mcu.externaltools.gnu-tools-for-stm32.10.3-2021.10.win32_1.0.200.202301161003/tools/bin/../lib/gcc/arm-none-eabi/10.3.1/thumb/v7e-m+fp/hard\libgcc.a
LOAD c:/st/stm32cubeide_1.9.0/stm32cubeide/plugins/com.st.stm32cube.ide.mcu.externaltools.gnu-tools-for-stm32.10.3-2021.10.win32_1.0.200.202301161003/tools/bin/../lib/gcc/arm-none-eabi/10.3.1/../../../../arm-none-eabi/lib/thumb/v7e-m+fp/hard\libc_nano.a
LOAD c:/st/stm32cubeide_1.9.0/stm32cubeide/plugins/com.st.stm32cube.ide.mcu.externaltools.gnu-tools-for-stm32.10.3-2021.10.win32_1.0.200.202301161003/tools/bin/../lib/gcc/arm-none-eabi/10.3.1/../../../../arm-none-eabi/lib/thumb/v7e-m+fp/hard\libnosys.a
END GROUP
START GROUP
LOAD c:/st/stm32cubeide_1.9.0/stm32cubeide/plugins/com.st.stm32cube.ide.mcu.externaltools.gnu-tools-for-stm32.10.3-2021.10.win32_1.0.200.202301161003/tools/bin/../lib/gcc/arm-none-eabi/10.3.1/thumb/v7e-m+fp/hard\libgcc.a
LOAD c:/st/stm32cubeide_1.9.0/stm32cubeide/plugins/com.st.stm32cube.ide.mcu.externaltools.gnu-tools-for-stm32.10.3-2021.10.win32_1.0.200.202301161003/tools/bin/../lib/gcc/arm-none-eabi/10.3.1/../../../../arm-none-eabi/lib/thumb/v7e-m+fp/hard\libc_nano.a
LOAD c:/st/stm32cubeide_1.9.0/stm32cubeide/plugins/com.st.stm32cube.ide.mcu.externaltools.gnu-tools-for-stm32.10.3-2021.10.win32_1.0.200.202301161003/tools/bin/../lib/gcc/arm-none-eabi/10.3.1/../../../../arm-none-eabi/lib/thumb/v7e-m+fp/hard\libnosys.a
END GROUP
LOAD c:/st/stm32cubeide_1.9.0/stm32cubeide/plugins/com.st.stm32cube.ide.mcu.externaltools.gnu-tools-for-stm32.10.3-2021.10.win32_1.0.200.202301161003/tools/bin/../lib/gcc/arm-none-eabi/10.3.1/thumb/v7e-m+fp/hard/crtend.o
LOAD c:/st/stm32cubeide_1.9.0/stm32cubeide/plugins/com.st.stm32cube.ide.mcu.externaltools.gnu-tools-for-stm32.10.3-2021.10.win32_1.0.200.202301161003/tools/bin/../lib/gcc/arm-none-eabi/10.3.1/thumb/v7e-m+fp/hard/crtn.o
                0x0000000020020000                _estack = (ORIGIN (RAM) + LENGTH (RAM))
                0x0000000000002000                _Min_Heap_Size = 0x2000
                0x0000000000004000                _Min_Stack_Size = 0x4000

.isr_vector     0x0000000008000000      0x198
                0x0000000008000000                . = ALIGN (0x4)
 *(.isr_vector)
 .isr_vector    0x0000000008000000      0x198 ./Core/Startup/startup_stm32f411ceux.o
                0x0000000008000000                g_pfnVectors
                0x0000000008000198                . = ALIGN (0x4)

.text           0x00000000080001a0     0xaa5c
                0x00000000080001a0                . = ALIGN (0x4)
 *(.text)
 .text          0x00000000080001a0       0x40 c:/st/stm32cubeide_1.9.0/stm32cubeide/plugins/com.st.stm32cube.ide.mcu.externaltools.gnu-tools-for-stm32.10.3-2021.10.win32_1.0.200.202301161003/tools/bin/../lib/gcc/arm-none-eabi/10.3.1/thumb/v7e-m+fp/hard/crtbegin.o
 .text          0x00000000080001e0      0x378 c:/st/stm32cubeide_1.9.0/stm32cubeide/plugins/com.st.stm32cube.ide.mcu.externaltools.gnu-tools-for-stm32.10.3-2021.10.win32_1.0.200.202301161003/tools/bin/../lib/gcc/arm-none-eabi/10.3.1/thumb/v7e-m+fp/hard\libgcc.a(_arm_addsubdf3.o)
                0x00000000080001e0                __aeabi_drsub
                0x00000000080001e8                __aeabi_dsub
                0x00000000080001e8                __subdf3
                0x00000000080001ec                __aeabi_dadd
                0x00000000080001ec                __adddf3
                0x0000000008000464                __floatunsidf
                0x0000000008000464                __aeabi_ui2d
                0x0000000008000484                __floatsidf
                0x0000000008000484                __aeabi_i2d
                0x00000000080004a8                __aeabi_f2d
                0x00000000080004a8                __extendsfdf2
                0x00000000080004ec                __floatundidf
                0x00000000080004ec                __aeabi_ul2d
                0x00000000080004fc                __floatdidf
                0x00000000080004fc                __aeabi_l2d
 .text          0x0000000008000558      0x424 c:/st/stm32cubeide_1.9.0/stm32cubeide/plugins/com.st.stm32cube.ide.mcu.externaltools.gnu-tools-for-stm32.10.3-2021.10.win32_1.0.200.202301161003/tools/bin/../lib/gcc/arm-none-eabi/10.3.1/thumb/v7e-m+fp/hard\libgcc.a(_arm_muldivdf3.o)
                0x0000000008000558                __aeabi_dmul
                0x0000000008000558                __muldf3
                0x00000000080007ac                __divdf3
                0x00000000080007ac                __aeabi_ddiv
 .text          0x000000000800097c       0x40 c:/st/stm32cubeide_1.9.0/stm32cubeide/plugins/com.st.stm32cube.ide.mcu.externaltools.gnu-tools-for-stm32.10.3-2021.10.win32_1.0.200.202301161003/tools/bin/../lib/gcc/arm-none-eabi/10.3.1/thumb/v7e-m+fp/hard\libgcc.a(_arm_fixunsdfsi.o)
                0x000000000800097c                __aeabi_d2uiz
                0x000000000800097c                __fixunsdfsi
 .text          0x00000000080009bc       0x30 c:/st/stm32cubeide_1.9.0/stm32cubeide/plugins/com.st.stm32cube.ide.mcu.externaltools.gnu-tools-for-stm32.10.3-2021.10.win32_1.0.200.202301161003/tools/bin/../lib/gcc/arm-none-eabi/10.3.1/thumb/v7e-m+fp/hard\libgcc.a(_aeabi_uldivmod.o)
                0x00000000080009bc                __aeabi_uldivmod
 .text          0x00000000080009ec      0x2d0 c:/st/stm32cubeide_1.9.0/stm32cubeide/plugins/com.st.stm32cube.ide.mcu.externaltools.gnu-tools-for-stm32.10.3-2021.10.win32_1.0.200.202301161003/tools/bin/../lib/gcc/arm-none-eabi/10.3.1/thumb/v7e-m+fp/hard\libgcc.a(_udivmoddi4.o)
                0x00000000080009ec                __udivmoddi4
 .text          0x0000000008000cbc        0x4 c:/st/stm32cubeide_1.9.0/stm32cubeide/plugins/com.st.stm32cube.ide.mcu.externaltools.gnu-tools-for-stm32.10.3-2021.10.win32_1.0.200.202301161003/tools/bin/../lib/gcc/arm-none-eabi/10.3.1/thumb/v7e-m+fp/hard\libgcc.a(_dvmd_tls.o)
                0x0000000008000cbc                __aeabi_idiv0
                0x0000000008000cbc                __aeabi_ldiv0
 *(.text*)
 .text.ADS1115_init
                0x0000000008000cc0       0x40 ./Core/Src/ADC_out/ADS1115.o
                0x0000000008000cc0                ADS1115_init
 .text.ADS1115_updateConfig
                0x0000000008000d00       0x64 ./Core/Src/ADC_out/ADS1115.o
                0x0000000008000d00                ADS1115_updateConfig
 .text.ADS1115_startContinousMode
                0x0000000008000d64       0x5c ./Core/Src/ADC_out/ADS1115.o
                0x0000000008000d64                ADS1115_startContinousMode
 .text.prepareConfigFrame
                0x0000000008000dc0       0xb0 ./Core/Src/ADC_out/ADS1115.o
                0x0000000008000dc0                prepareConfigFrame
 .text.MCP4725_init
                0x0000000008000e70       0x42 ./Core/Src/DAC_out/MCP4725.o
                0x0000000008000e70                MCP4725_init
 .text.MCP4725_isConnected
                0x0000000008000eb2       0x2e ./Core/Src/DAC_out/MCP4725.o
                0x0000000008000eb2                MCP4725_isConnected
 .text.MCP4725_setReferenceVoltage
                0x0000000008000ee0       0x58 ./Core/Src/DAC_out/MCP4725.o
                0x0000000008000ee0                MCP4725_setReferenceVoltage
 .text.MCP4725_setValue
                0x0000000008000f38       0x30 ./Core/Src/DAC_out/MCP4725.o
                0x0000000008000f38                MCP4725_setValue
 .text.MCP4725_getEepromBusyFlag
                0x0000000008000f68       0x3a ./Core/Src/DAC_out/MCP4725.o
                0x0000000008000f68                MCP4725_getEepromBusyFlag
 .text.MCP4725_writeComand
                0x0000000008000fa2      0x100 ./Core/Src/DAC_out/MCP4725.o
                0x0000000008000fa2                MCP4725_writeComand
 .text.MCP4725_readRegister
                0x00000000080010a2       0xde ./Core/Src/DAC_out/MCP4725.o
                0x00000000080010a2                MCP4725_readRegister
 .text.ssd1306_Reset
                0x0000000008001180        0xe ./Core/Src/Display/ssd1306/ssd1306.o
                0x0000000008001180                ssd1306_Reset
 *fill*         0x000000000800118e        0x2 
 .text.ssd1306_WriteCommand
                0x0000000008001190       0x30 ./Core/Src/Display/ssd1306/ssd1306.o
                0x0000000008001190                ssd1306_WriteCommand
 .text.ssd1306_WriteData
                0x00000000080011c0       0x34 ./Core/Src/Display/ssd1306/ssd1306.o
                0x00000000080011c0                ssd1306_WriteData
 .text.ssd1306_Init
                0x00000000080011f4       0xd4 ./Core/Src/Display/ssd1306/ssd1306.o
                0x00000000080011f4                ssd1306_Init
 .text.ssd1306_Fill
                0x00000000080012c8       0x48 ./Core/Src/Display/ssd1306/ssd1306.o
                0x00000000080012c8                ssd1306_Fill
 .text.ssd1306_UpdateScreen
                0x0000000008001310       0x58 ./Core/Src/Display/ssd1306/ssd1306.o
                0x0000000008001310                ssd1306_UpdateScreen
 .text.ssd1306_DrawPixel
                0x0000000008001368       0xbc ./Core/Src/Display/ssd1306/ssd1306.o
                0x0000000008001368                ssd1306_DrawPixel
 .text.ssd1306_WriteChar
                0x0000000008001424      0x110 ./Core/Src/Display/ssd1306/ssd1306.o
                0x0000000008001424                ssd1306_WriteChar
 .text.ssd1306_WriteString
                0x0000000008001534       0x4c ./Core/Src/Display/ssd1306/ssd1306.o
                0x0000000008001534                ssd1306_WriteString
 .text.ssd1306_SetCursor
                0x0000000008001580       0x30 ./Core/Src/Display/ssd1306/ssd1306.o
                0x0000000008001580                ssd1306_SetCursor
 .text.ssd1306_Line
                0x00000000080015b0       0xd8 ./Core/Src/Display/ssd1306/ssd1306.o
                0x00000000080015b0                ssd1306_Line
 .text.ssd1306_DrawRectangle
                0x0000000008001688       0x6e ./Core/Src/Display/ssd1306/ssd1306.o
                0x0000000008001688                ssd1306_DrawRectangle
 .text.ssd1306_SetContrast
                0x00000000080016f6       0x26 ./Core/Src/Display/ssd1306/ssd1306.o
                0x00000000080016f6                ssd1306_SetContrast
 .text.ssd1306_SetDisplayOn
                0x000000000800171c       0x3c ./Core/Src/Display/ssd1306/ssd1306.o
                0x000000000800171c                ssd1306_SetDisplayOn
 .text.ARGB_Init
                0x0000000008001758       0xf0 ./Core/Src/Display/ws2812/ARGB.o
                0x0000000008001758                ARGB_Init
 .text.ARGB_Clear
                0x0000000008001848       0x12 ./Core/Src/Display/ws2812/ARGB.o
                0x0000000008001848                ARGB_Clear
 *fill*         0x000000000800185a        0x2 
 .text.ARGB_SetBrightness
                0x000000000800185c       0x20 ./Core/Src/Display/ws2812/ARGB.o
                0x000000000800185c                ARGB_SetBrightness
 .text.ARGB_SetRGB
                0x000000000800187c       0xe4 ./Core/Src/Display/ws2812/ARGB.o
                0x000000000800187c                ARGB_SetRGB
 .text.ARGB_FillRGB
                0x0000000008001960       0x42 ./Core/Src/Display/ws2812/ARGB.o
                0x0000000008001960                ARGB_FillRGB
 *fill*         0x00000000080019a2        0x2 
 .text.ARGB_Show
                0x00000000080019a4      0x2f4 ./Core/Src/Display/ws2812/ARGB.o
                0x00000000080019a4                ARGB_Show
 .text.scale8   0x0000000008001c98       0x28 ./Core/Src/Display/ws2812/ARGB.o
 .text.ARGB_TIM_DMADelayPulseCplt
                0x0000000008001cc0      0x2b0 ./Core/Src/Display/ws2812/ARGB.o
 .text.ARGB_TIM_DMADelayPulseHalfCplt
                0x0000000008001f70      0x17c ./Core/Src/Display/ws2812/ARGB.o
 .text.AS5600_ReadReg
                0x00000000080020ec       0x38 ./Core/Src/Encoder/as5600.o
                0x00000000080020ec                AS5600_ReadReg
 .text.AS5600_GetRawAngle
                0x0000000008002124       0x2c ./Core/Src/Encoder/as5600.o
                0x0000000008002124                AS5600_GetRawAngle
 .text.AS5600_GetStatus
                0x0000000008002150       0x16 ./Core/Src/Encoder/as5600.o
                0x0000000008002150                AS5600_GetStatus
 *fill*         0x0000000008002166        0x2 
 .text.drawMainMenu
                0x0000000008002168      0x158 ./Core/Src/app_menu/app_menu.o
                0x0000000008002168                drawMainMenu
 .text.udpateDisplay
                0x00000000080022c0       0x3c ./Core/Src/app_menu/app_menu.o
                0x00000000080022c0                udpateDisplay
 .text.buttonUpSet
                0x00000000080022fc       0x18 ./Core/Src/app_menu/app_menu.o
                0x00000000080022fc                buttonUpSet
 .text.buttonUpReset
                0x0000000008002314       0x18 ./Core/Src/app_menu/app_menu.o
                0x0000000008002314                buttonUpReset
 .text.buttonEn
                0x000000000800232c       0x18 ./Core/Src/app_menu/app_menu.o
                0x000000000800232c                buttonEn
 .text.buttonEnSet
                0x0000000008002344       0x18 ./Core/Src/app_menu/app_menu.o
                0x0000000008002344                buttonEnSet
 .text.buttonEnReset
                0x000000000800235c       0x18 ./Core/Src/app_menu/app_menu.o
                0x000000000800235c                buttonEnReset
 .text.buttonCounter
                0x0000000008002374       0x18 ./Core/Src/app_menu/app_menu.o
                0x0000000008002374                buttonCounter
 .text.buttonCounterSet
                0x000000000800238c       0x20 ./Core/Src/app_menu/app_menu.o
                0x000000000800238c                buttonCounterSet
 .text.buttonCounterReset
                0x00000000080023ac       0x18 ./Core/Src/app_menu/app_menu.o
                0x00000000080023ac                buttonCounterReset
 .text.buttonLong
                0x00000000080023c4       0x18 ./Core/Src/app_menu/app_menu.o
                0x00000000080023c4                buttonLong
 .text.buttonLongSet
                0x00000000080023dc       0x18 ./Core/Src/app_menu/app_menu.o
                0x00000000080023dc                buttonLongSet
 .text.buttonLongReset
                0x00000000080023f4       0x18 ./Core/Src/app_menu/app_menu.o
                0x00000000080023f4                buttonLongReset
 .text.encoderData
                0x000000000800240c       0x18 ./Core/Src/app_menu/app_menu.o
                0x000000000800240c                encoderData
 .text.encoderSetUp
                0x0000000008002424       0x18 ./Core/Src/app_menu/app_menu.o
                0x0000000008002424                encoderSetUp
 .text.encoderSetDown
                0x000000000800243c       0x18 ./Core/Src/app_menu/app_menu.o
                0x000000000800243c                encoderSetDown
 .text.encoderReset
                0x0000000008002454       0x18 ./Core/Src/app_menu/app_menu.o
                0x0000000008002454                encoderReset
 .text.drawButtonMenu
                0x000000000800246c      0x184 ./Core/Src/app_menu/app_menu.o
                0x000000000800246c                drawButtonMenu
 .text.drawLEDMenu
                0x00000000080025f0       0x16 ./Core/Src/app_menu/app_menu.o
                0x00000000080025f0                drawLEDMenu
 *fill*         0x0000000008002606        0x2 
 .text.main     0x0000000008002608       0xe4 ./Core/Src/main.o
                0x0000000008002608                main
 .text.SystemClock_Config
                0x00000000080026ec       0xd0 ./Core/Src/main.o
                0x00000000080026ec                SystemClock_Config
 .text.MX_I2C1_Init
                0x00000000080027bc       0x5c ./Core/Src/main.o
 .text.MX_SPI1_Init
                0x0000000008002818       0x6c ./Core/Src/main.o
 .text.MX_TIM2_Init
                0x0000000008002884       0xe8 ./Core/Src/main.o
 .text.MX_DMA_Init
                0x000000000800296c       0x40 ./Core/Src/main.o
 .text.MX_GPIO_Init
                0x00000000080029ac       0xe8 ./Core/Src/main.o
 .text.HAL_GPIO_EXTI_Callback
                0x0000000008002a94       0x24 ./Core/Src/main.o
                0x0000000008002a94                HAL_GPIO_EXTI_Callback
 .text.startDisplay
                0x0000000008002ab8       0x4c ./Core/Src/main.o
                0x0000000008002ab8                startDisplay
 .text.StartEmptyTask
                0x0000000008002b04       0x10 ./Core/Src/main.o
                0x0000000008002b04                StartEmptyTask
 .text.HAL_TIM_PeriodElapsedCallback
                0x0000000008002b14       0x24 ./Core/Src/main.o
                0x0000000008002b14                HAL_TIM_PeriodElapsedCallback
 .text.Error_Handler
                0x0000000008002b38        0xa ./Core/Src/main.o
                0x0000000008002b38                Error_Handler
 *fill*         0x0000000008002b42        0x2 
 .text.HAL_MspInit
                0x0000000008002b44       0x58 ./Core/Src/stm32f4xx_hal_msp.o
                0x0000000008002b44                HAL_MspInit
 .text.HAL_I2C_MspInit
                0x0000000008002b9c       0x90 ./Core/Src/stm32f4xx_hal_msp.o
                0x0000000008002b9c                HAL_I2C_MspInit
 .text.HAL_SPI_MspInit
                0x0000000008002c2c       0x90 ./Core/Src/stm32f4xx_hal_msp.o
                0x0000000008002c2c                HAL_SPI_MspInit
 .text.HAL_TIM_Base_MspInit
                0x0000000008002cbc       0xc0 ./Core/Src/stm32f4xx_hal_msp.o
                0x0000000008002cbc                HAL_TIM_Base_MspInit
 .text.HAL_TIM_MspPostInit
                0x0000000008002d7c       0x70 ./Core/Src/stm32f4xx_hal_msp.o
                0x0000000008002d7c                HAL_TIM_MspPostInit
 .text.HAL_InitTick
                0x0000000008002dec       0xe4 ./Core/Src/stm32f4xx_hal_timebase_tim.o
                0x0000000008002dec                HAL_InitTick
 .text.NMI_Handler
                0x0000000008002ed0        0x6 ./Core/Src/stm32f4xx_it.o
                0x0000000008002ed0                NMI_Handler
 .text.HardFault_Handler
                0x0000000008002ed6        0x6 ./Core/Src/stm32f4xx_it.o
                0x0000000008002ed6                HardFault_Handler
 .text.MemManage_Handler
                0x0000000008002edc        0x6 ./Core/Src/stm32f4xx_it.o
                0x0000000008002edc                MemManage_Handler
 .text.BusFault_Handler
                0x0000000008002ee2        0x6 ./Core/Src/stm32f4xx_it.o
                0x0000000008002ee2                BusFault_Handler
 .text.UsageFault_Handler
                0x0000000008002ee8        0x6 ./Core/Src/stm32f4xx_it.o
                0x0000000008002ee8                UsageFault_Handler
 .text.DebugMon_Handler
                0x0000000008002eee        0xe ./Core/Src/stm32f4xx_it.o
                0x0000000008002eee                DebugMon_Handler
 .text.DMA1_Stream6_IRQHandler
                0x0000000008002efc       0x14 ./Core/Src/stm32f4xx_it.o
                0x0000000008002efc                DMA1_Stream6_IRQHandler
 .text.TIM1_BRK_TIM9_IRQHandler
                0x0000000008002f10       0x14 ./Core/Src/stm32f4xx_it.o
                0x0000000008002f10                TIM1_BRK_TIM9_IRQHandler
 .text.EXTI15_10_IRQHandler
                0x0000000008002f24       0x10 ./Core/Src/stm32f4xx_it.o
                0x0000000008002f24                EXTI15_10_IRQHandler
 .text._sbrk    0x0000000008002f34       0x6c ./Core/Src/sysmem.o
                0x0000000008002f34                _sbrk
 .text.SystemInit
                0x0000000008002fa0       0x24 ./Core/Src/system_stm32f4xx.o
                0x0000000008002fa0                SystemInit
 .text.StartLedControlTask
                0x0000000008002fc4       0x6a ./Core/Src/tasks/LedControl.o
                0x0000000008002fc4                StartLedControlTask
 .text.StartOledMenuTask
                0x000000000800302e       0x1e ./Core/Src/tasks/OledMenu.o
                0x000000000800302e                StartOledMenuTask
 .text.StartSensOutTask
                0x000000000800304c       0x8c ./Core/Src/tasks/SensOut.o
                0x000000000800304c                StartSensOutTask
 .text.calcDeltaAngle
                0x00000000080030d8       0x70 ./Core/Src/tasks/SensOut.o
                0x00000000080030d8                calcDeltaAngle
 .text.longButton
                0x0000000008003148       0x3e ./Core/Src/tasks/SensOut.o
                0x0000000008003148                longButton
 *fill*         0x0000000008003186        0x2 
 .text.getEncoderData
                0x0000000008003188       0x3c ./Core/Src/tasks/SensOut.o
                0x0000000008003188                getEncoderData
 .text.initAllChanelADC
                0x00000000080031c4       0x50 ./Core/Src/tasks/SensOut.o
                0x00000000080031c4                initAllChanelADC
 .text.initADC  0x0000000008003214       0x3e ./Core/Src/tasks/SensOut.o
                0x0000000008003214                initADC
 .text.initChanelADC
                0x0000000008003252       0x1e ./Core/Src/tasks/SensOut.o
                0x0000000008003252                initChanelADC
 .text.initUserTasks
                0x0000000008003270       0x5c ./Core/Src/tasks/UserTasks.o
                0x0000000008003270                initUserTasks
 .text.Reset_Handler
                0x00000000080032cc       0x50 ./Core/Startup/startup_stm32f411ceux.o
                0x00000000080032cc                Reset_Handler
 .text.Default_Handler
                0x000000000800331c        0x2 ./Core/Startup/startup_stm32f411ceux.o
                0x000000000800331c                RTC_Alarm_IRQHandler
                0x000000000800331c                EXTI2_IRQHandler
                0x000000000800331c                SPI4_IRQHandler
                0x000000000800331c                TIM1_CC_IRQHandler
                0x000000000800331c                DMA2_Stream5_IRQHandler
                0x000000000800331c                DMA1_Stream5_IRQHandler
                0x000000000800331c                PVD_IRQHandler
                0x000000000800331c                SDIO_IRQHandler
                0x000000000800331c                TAMP_STAMP_IRQHandler
                0x000000000800331c                EXTI3_IRQHandler
                0x000000000800331c                TIM1_UP_TIM10_IRQHandler
                0x000000000800331c                I2C3_ER_IRQHandler
                0x000000000800331c                EXTI0_IRQHandler
                0x000000000800331c                I2C2_EV_IRQHandler
                0x000000000800331c                DMA1_Stream2_IRQHandler
                0x000000000800331c                FPU_IRQHandler
                0x000000000800331c                DMA2_Stream2_IRQHandler
                0x000000000800331c                SPI1_IRQHandler
                0x000000000800331c                DMA2_Stream3_IRQHandler
                0x000000000800331c                USART6_IRQHandler
                0x000000000800331c                DMA2_Stream0_IRQHandler
                0x000000000800331c                TIM4_IRQHandler
                0x000000000800331c                I2C1_EV_IRQHandler
                0x000000000800331c                DMA1_Stream1_IRQHandler
                0x000000000800331c                TIM3_IRQHandler
                0x000000000800331c                RCC_IRQHandler
                0x000000000800331c                Default_Handler
                0x000000000800331c                ADC_IRQHandler
                0x000000000800331c                DMA1_Stream7_IRQHandler
                0x000000000800331c                SPI5_IRQHandler
                0x000000000800331c                TIM5_IRQHandler
                0x000000000800331c                DMA2_Stream7_IRQHandler
                0x000000000800331c                I2C3_EV_IRQHandler
                0x000000000800331c                EXTI9_5_IRQHandler
                0x000000000800331c                RTC_WKUP_IRQHandler
                0x000000000800331c                SPI2_IRQHandler
                0x000000000800331c                DMA1_Stream0_IRQHandler
                0x000000000800331c                EXTI4_IRQHandler
                0x000000000800331c                WWDG_IRQHandler
                0x000000000800331c                TIM2_IRQHandler
                0x000000000800331c                OTG_FS_WKUP_IRQHandler
                0x000000000800331c                TIM1_TRG_COM_TIM11_IRQHandler
                0x000000000800331c                EXTI1_IRQHandler
                0x000000000800331c                USART2_IRQHandler
                0x000000000800331c                I2C2_ER_IRQHandler
                0x000000000800331c                DMA2_Stream1_IRQHandler
                0x000000000800331c                FLASH_IRQHandler
                0x000000000800331c                DMA2_Stream4_IRQHandler
                0x000000000800331c                USART1_IRQHandler
                0x000000000800331c                OTG_FS_IRQHandler
                0x000000000800331c                SPI3_IRQHandler
                0x000000000800331c                DMA1_Stream4_IRQHandler
                0x000000000800331c                I2C1_ER_IRQHandler
                0x000000000800331c                DMA2_Stream6_IRQHandler
                0x000000000800331c                DMA1_Stream3_IRQHandler
 *fill*         0x000000000800331e        0x2 
 .text.HAL_Init
                0x0000000008003320       0x44 ./Drivers/STM32F4xx_HAL_Driver/Src/stm32f4xx_hal.o
                0x0000000008003320                HAL_Init
 .text.HAL_IncTick
                0x0000000008003364       0x28 ./Drivers/STM32F4xx_HAL_Driver/Src/stm32f4xx_hal.o
                0x0000000008003364                HAL_IncTick
 .text.HAL_GetTick
                0x000000000800338c       0x18 ./Drivers/STM32F4xx_HAL_Driver/Src/stm32f4xx_hal.o
                0x000000000800338c                HAL_GetTick
 .text.HAL_Delay
                0x00000000080033a4       0x48 ./Drivers/STM32F4xx_HAL_Driver/Src/stm32f4xx_hal.o
                0x00000000080033a4                HAL_Delay
 .text.__NVIC_SetPriorityGrouping
                0x00000000080033ec       0x48 ./Drivers/STM32F4xx_HAL_Driver/Src/stm32f4xx_hal_cortex.o
 .text.__NVIC_GetPriorityGrouping
                0x0000000008003434       0x1c ./Drivers/STM32F4xx_HAL_Driver/Src/stm32f4xx_hal_cortex.o
 .text.__NVIC_EnableIRQ
                0x0000000008003450       0x3c ./Drivers/STM32F4xx_HAL_Driver/Src/stm32f4xx_hal_cortex.o
 .text.__NVIC_SetPriority
                0x000000000800348c       0x54 ./Drivers/STM32F4xx_HAL_Driver/Src/stm32f4xx_hal_cortex.o
 .text.NVIC_EncodePriority
                0x00000000080034e0       0x66 ./Drivers/STM32F4xx_HAL_Driver/Src/stm32f4xx_hal_cortex.o
 .text.HAL_NVIC_SetPriorityGrouping
                0x0000000008003546       0x16 ./Drivers/STM32F4xx_HAL_Driver/Src/stm32f4xx_hal_cortex.o
                0x0000000008003546                HAL_NVIC_SetPriorityGrouping
 .text.HAL_NVIC_SetPriority
                0x000000000800355c       0x38 ./Drivers/STM32F4xx_HAL_Driver/Src/stm32f4xx_hal_cortex.o
                0x000000000800355c                HAL_NVIC_SetPriority
 .text.HAL_NVIC_EnableIRQ
                0x0000000008003594       0x1c ./Drivers/STM32F4xx_HAL_Driver/Src/stm32f4xx_hal_cortex.o
                0x0000000008003594                HAL_NVIC_EnableIRQ
 .text.HAL_DMA_Init
                0x00000000080035b0      0x15c ./Drivers/STM32F4xx_HAL_Driver/Src/stm32f4xx_hal_dma.o
                0x00000000080035b0                HAL_DMA_Init
 .text.HAL_DMA_Start_IT
                0x000000000800370c       0xb0 ./Drivers/STM32F4xx_HAL_Driver/Src/stm32f4xx_hal_dma.o
                0x000000000800370c                HAL_DMA_Start_IT
 .text.HAL_DMA_Abort_IT
                0x00000000080037bc       0x44 ./Drivers/STM32F4xx_HAL_Driver/Src/stm32f4xx_hal_dma.o
                0x00000000080037bc                HAL_DMA_Abort_IT
 .text.HAL_DMA_IRQHandler
                0x0000000008003800      0x314 ./Drivers/STM32F4xx_HAL_Driver/Src/stm32f4xx_hal_dma.o
                0x0000000008003800                HAL_DMA_IRQHandler
 .text.DMA_SetConfig
                0x0000000008003b14       0x5c ./Drivers/STM32F4xx_HAL_Driver/Src/stm32f4xx_hal_dma.o
 .text.DMA_CalcBaseAndBitshift
                0x0000000008003b70       0x6c ./Drivers/STM32F4xx_HAL_Driver/Src/stm32f4xx_hal_dma.o
 .text.DMA_CheckFifoParam
                0x0000000008003bdc       0xf8 ./Drivers/STM32F4xx_HAL_Driver/Src/stm32f4xx_hal_dma.o
 .text.HAL_GPIO_Init
                0x0000000008003cd4      0x308 ./Drivers/STM32F4xx_HAL_Driver/Src/stm32f4xx_hal_gpio.o
                0x0000000008003cd4                HAL_GPIO_Init
 .text.HAL_GPIO_WritePin
                0x0000000008003fdc       0x32 ./Drivers/STM32F4xx_HAL_Driver/Src/stm32f4xx_hal_gpio.o
                0x0000000008003fdc                HAL_GPIO_WritePin
 *fill*         0x000000000800400e        0x2 
 .text.HAL_GPIO_EXTI_IRQHandler
                0x0000000008004010       0x30 ./Drivers/STM32F4xx_HAL_Driver/Src/stm32f4xx_hal_gpio.o
                0x0000000008004010                HAL_GPIO_EXTI_IRQHandler
 .text.HAL_I2C_Init
                0x0000000008004040      0x288 ./Drivers/STM32F4xx_HAL_Driver/Src/stm32f4xx_hal_i2c.o
                0x0000000008004040                HAL_I2C_Init
 .text.HAL_I2C_Master_Transmit
                0x00000000080042c8      0x1fc ./Drivers/STM32F4xx_HAL_Driver/Src/stm32f4xx_hal_i2c.o
                0x00000000080042c8                HAL_I2C_Master_Transmit
 .text.HAL_I2C_Master_Receive
                0x00000000080044c4      0x44c ./Drivers/STM32F4xx_HAL_Driver/Src/stm32f4xx_hal_i2c.o
                0x00000000080044c4                HAL_I2C_Master_Receive
 .text.HAL_I2C_Mem_Write
                0x0000000008004910      0x1f4 ./Drivers/STM32F4xx_HAL_Driver/Src/stm32f4xx_hal_i2c.o
                0x0000000008004910                HAL_I2C_Mem_Write
 .text.HAL_I2C_Mem_Read
                0x0000000008004b04      0x44c ./Drivers/STM32F4xx_HAL_Driver/Src/stm32f4xx_hal_i2c.o
                0x0000000008004b04                HAL_I2C_Mem_Read
 .text.HAL_I2C_IsDeviceReady
                0x0000000008004f50      0x25c ./Drivers/STM32F4xx_HAL_Driver/Src/stm32f4xx_hal_i2c.o
                0x0000000008004f50                HAL_I2C_IsDeviceReady
 .text.I2C_MasterRequestWrite
                0x00000000080051ac      0x104 ./Drivers/STM32F4xx_HAL_Driver/Src/stm32f4xx_hal_i2c.o
 .text.I2C_MasterRequestRead
                0x00000000080052b0      0x19c ./Drivers/STM32F4xx_HAL_Driver/Src/stm32f4xx_hal_i2c.o
 .text.I2C_RequestMemoryWrite
                0x000000000800544c      0x12c ./Drivers/STM32F4xx_HAL_Driver/Src/stm32f4xx_hal_i2c.o
 .text.I2C_RequestMemoryRead
                0x0000000008005578      0x1d0 ./Drivers/STM32F4xx_HAL_Driver/Src/stm32f4xx_hal_i2c.o
 .text.I2C_WaitOnFlagUntilTimeout
                0x0000000008005748       0xae ./Drivers/STM32F4xx_HAL_Driver/Src/stm32f4xx_hal_i2c.o
 .text.I2C_WaitOnMasterAddressFlagUntilTimeout
                0x00000000080057f6       0xfe ./Drivers/STM32F4xx_HAL_Driver/Src/stm32f4xx_hal_i2c.o
 .text.I2C_WaitOnTXEFlagUntilTimeout
                0x00000000080058f4       0x82 ./Drivers/STM32F4xx_HAL_Driver/Src/stm32f4xx_hal_i2c.o
 .text.I2C_WaitOnBTFFlagUntilTimeout
                0x0000000008005976       0x82 ./Drivers/STM32F4xx_HAL_Driver/Src/stm32f4xx_hal_i2c.o
 .text.I2C_WaitOnRXNEFlagUntilTimeout
                0x00000000080059f8       0xac ./Drivers/STM32F4xx_HAL_Driver/Src/stm32f4xx_hal_i2c.o
 .text.I2C_IsAcknowledgeFailed
                0x0000000008005aa4       0x5e ./Drivers/STM32F4xx_HAL_Driver/Src/stm32f4xx_hal_i2c.o
 *fill*         0x0000000008005b02        0x2 
 .text.HAL_RCC_OscConfig
                0x0000000008005b04      0x4f0 ./Drivers/STM32F4xx_HAL_Driver/Src/stm32f4xx_hal_rcc.o
                0x0000000008005b04                HAL_RCC_OscConfig
 .text.HAL_RCC_ClockConfig
                0x0000000008005ff4      0x1cc ./Drivers/STM32F4xx_HAL_Driver/Src/stm32f4xx_hal_rcc.o
                0x0000000008005ff4                HAL_RCC_ClockConfig
 .text.HAL_RCC_GetSysClockFreq
                0x00000000080061c0      0x18c ./Drivers/STM32F4xx_HAL_Driver/Src/stm32f4xx_hal_rcc.o
                0x00000000080061c0                HAL_RCC_GetSysClockFreq
 .text.HAL_RCC_GetHCLKFreq
                0x000000000800634c       0x18 ./Drivers/STM32F4xx_HAL_Driver/Src/stm32f4xx_hal_rcc.o
                0x000000000800634c                HAL_RCC_GetHCLKFreq
 .text.HAL_RCC_GetPCLK1Freq
                0x0000000008006364       0x28 ./Drivers/STM32F4xx_HAL_Driver/Src/stm32f4xx_hal_rcc.o
                0x0000000008006364                HAL_RCC_GetPCLK1Freq
 .text.HAL_RCC_GetPCLK2Freq
                0x000000000800638c       0x28 ./Drivers/STM32F4xx_HAL_Driver/Src/stm32f4xx_hal_rcc.o
                0x000000000800638c                HAL_RCC_GetPCLK2Freq
 .text.HAL_RCC_GetClockConfig
                0x00000000080063b4       0x64 ./Drivers/STM32F4xx_HAL_Driver/Src/stm32f4xx_hal_rcc.o
                0x00000000080063b4                HAL_RCC_GetClockConfig
 .text.HAL_SPI_Init
                0x0000000008006418      0x112 ./Drivers/STM32F4xx_HAL_Driver/Src/stm32f4xx_hal_spi.o
                0x0000000008006418                HAL_SPI_Init
 .text.HAL_TIM_Base_Init
                0x000000000800652a       0x9e ./Drivers/STM32F4xx_HAL_Driver/Src/stm32f4xx_hal_tim.o
                0x000000000800652a                HAL_TIM_Base_Init
 .text.HAL_TIM_Base_Start_IT
                0x00000000080065c8       0xc4 ./Drivers/STM32F4xx_HAL_Driver/Src/stm32f4xx_hal_tim.o
                0x00000000080065c8                HAL_TIM_Base_Start_IT
 .text.HAL_TIM_PWM_Init
                0x000000000800668c       0x9e ./Drivers/STM32F4xx_HAL_Driver/Src/stm32f4xx_hal_tim.o
                0x000000000800668c                HAL_TIM_PWM_Init
 .text.HAL_TIM_PWM_MspInit
                0x000000000800672a       0x14 ./Drivers/STM32F4xx_HAL_Driver/Src/stm32f4xx_hal_tim.o
                0x000000000800672a                HAL_TIM_PWM_MspInit
 .text.HAL_TIM_IRQHandler
                0x000000000800673e      0x210 ./Drivers/STM32F4xx_HAL_Driver/Src/stm32f4xx_hal_tim.o
                0x000000000800673e                HAL_TIM_IRQHandler
 *fill*         0x000000000800694e        0x2 
 .text.HAL_TIM_PWM_ConfigChannel
                0x0000000008006950      0x184 ./Drivers/STM32F4xx_HAL_Driver/Src/stm32f4xx_hal_tim.o
                0x0000000008006950                HAL_TIM_PWM_ConfigChannel
 .text.HAL_TIM_ConfigClockSource
                0x0000000008006ad4      0x18e ./Drivers/STM32F4xx_HAL_Driver/Src/stm32f4xx_hal_tim.o
                0x0000000008006ad4                HAL_TIM_ConfigClockSource
 .text.HAL_TIM_OC_DelayElapsedCallback
                0x0000000008006c62       0x14 ./Drivers/STM32F4xx_HAL_Driver/Src/stm32f4xx_hal_tim.o
                0x0000000008006c62                HAL_TIM_OC_DelayElapsedCallback
 .text.HAL_TIM_IC_CaptureCallback
                0x0000000008006c76       0x14 ./Drivers/STM32F4xx_HAL_Driver/Src/stm32f4xx_hal_tim.o
                0x0000000008006c76                HAL_TIM_IC_CaptureCallback
 .text.HAL_TIM_PWM_PulseFinishedCallback
                0x0000000008006c8a       0x14 ./Drivers/STM32F4xx_HAL_Driver/Src/stm32f4xx_hal_tim.o
                0x0000000008006c8a                HAL_TIM_PWM_PulseFinishedCallback
 .text.HAL_TIM_TriggerCallback
                0x0000000008006c9e       0x14 ./Drivers/STM32F4xx_HAL_Driver/Src/stm32f4xx_hal_tim.o
                0x0000000008006c9e                HAL_TIM_TriggerCallback
 .text.HAL_TIM_ErrorCallback
                0x0000000008006cb2       0x14 ./Drivers/STM32F4xx_HAL_Driver/Src/stm32f4xx_hal_tim.o
                0x0000000008006cb2                HAL_TIM_ErrorCallback
 .text.TIM_DMAError
                0x0000000008006cc6       0x92 ./Drivers/STM32F4xx_HAL_Driver/Src/stm32f4xx_hal_tim.o
                0x0000000008006cc6                TIM_DMAError
 .text.TIM_Base_SetConfig
                0x0000000008006d58      0x100 ./Drivers/STM32F4xx_HAL_Driver/Src/stm32f4xx_hal_tim.o
                0x0000000008006d58                TIM_Base_SetConfig
 .text.TIM_OC1_SetConfig
                0x0000000008006e58       0xcc ./Drivers/STM32F4xx_HAL_Driver/Src/stm32f4xx_hal_tim.o
 .text.TIM_OC2_SetConfig
                0x0000000008006f24       0xd8 ./Drivers/STM32F4xx_HAL_Driver/Src/stm32f4xx_hal_tim.o
                0x0000000008006f24                TIM_OC2_SetConfig
 .text.TIM_OC3_SetConfig
                0x0000000008006ffc       0xd4 ./Drivers/STM32F4xx_HAL_Driver/Src/stm32f4xx_hal_tim.o
 .text.TIM_OC4_SetConfig
                0x00000000080070d0       0xa0 ./Drivers/STM32F4xx_HAL_Driver/Src/stm32f4xx_hal_tim.o
 .text.TIM_TI1_ConfigInputStage
                0x0000000008007170       0x5e ./Drivers/STM32F4xx_HAL_Driver/Src/stm32f4xx_hal_tim.o
 .text.TIM_TI2_ConfigInputStage
                0x00000000080071ce       0x60 ./Drivers/STM32F4xx_HAL_Driver/Src/stm32f4xx_hal_tim.o
 .text.TIM_ITRx_SetConfig
                0x000000000800722e       0x36 ./Drivers/STM32F4xx_HAL_Driver/Src/stm32f4xx_hal_tim.o
 .text.TIM_ETR_SetConfig
                0x0000000008007264       0x40 ./Drivers/STM32F4xx_HAL_Driver/Src/stm32f4xx_hal_tim.o
                0x0000000008007264                TIM_ETR_SetConfig
 .text.TIM_CCxChannelCmd
                0x00000000080072a4       0x4a ./Drivers/STM32F4xx_HAL_Driver/Src/stm32f4xx_hal_tim.o
                0x00000000080072a4                TIM_CCxChannelCmd
 *fill*         0x00000000080072ee        0x2 
 .text.HAL_TIMEx_MasterConfigSynchronization
                0x00000000080072f0       0xdc ./Drivers/STM32F4xx_HAL_Driver/Src/stm32f4xx_hal_tim_ex.o
                0x00000000080072f0                HAL_TIMEx_MasterConfigSynchronization
 .text.HAL_TIMEx_CommutCallback
                0x00000000080073cc       0x14 ./Drivers/STM32F4xx_HAL_Driver/Src/stm32f4xx_hal_tim_ex.o
                0x00000000080073cc                HAL_TIMEx_CommutCallback
 .text.HAL_TIMEx_BreakCallback
                0x00000000080073e0       0x14 ./Drivers/STM32F4xx_HAL_Driver/Src/stm32f4xx_hal_tim_ex.o
                0x00000000080073e0                HAL_TIMEx_BreakCallback
 .text.__NVIC_SetPriority
                0x00000000080073f4       0x54 ./Middlewares/Third_Party/FreeRTOS/Source/CMSIS_RTOS_V2/cmsis_os2.o
 .text.SysTick_Handler
                0x0000000008007448       0x20 ./Middlewares/Third_Party/FreeRTOS/Source/CMSIS_RTOS_V2/cmsis_os2.o
                0x0000000008007448                SysTick_Handler
 .text.SVC_Setup
                0x0000000008007468       0x12 ./Middlewares/Third_Party/FreeRTOS/Source/CMSIS_RTOS_V2/cmsis_os2.o
 *fill*         0x000000000800747a        0x2 
 .text.osKernelInitialize
                0x000000000800747c       0x48 ./Middlewares/Third_Party/FreeRTOS/Source/CMSIS_RTOS_V2/cmsis_os2.o
                0x000000000800747c                osKernelInitialize
 .text.osKernelStart
                0x00000000080074c4       0x4c ./Middlewares/Third_Party/FreeRTOS/Source/CMSIS_RTOS_V2/cmsis_os2.o
                0x00000000080074c4                osKernelStart
 .text.osThreadNew
                0x0000000008007510      0x124 ./Middlewares/Third_Party/FreeRTOS/Source/CMSIS_RTOS_V2/cmsis_os2.o
                0x0000000008007510                osThreadNew
 .text.osDelay  0x0000000008007634       0x36 ./Middlewares/Third_Party/FreeRTOS/Source/CMSIS_RTOS_V2/cmsis_os2.o
                0x0000000008007634                osDelay
 .text.osMutexNew
                0x000000000800766a      0x10c ./Middlewares/Third_Party/FreeRTOS/Source/CMSIS_RTOS_V2/cmsis_os2.o
                0x000000000800766a                osMutexNew
 .text.osMutexAcquire
                0x0000000008007776       0x96 ./Middlewares/Third_Party/FreeRTOS/Source/CMSIS_RTOS_V2/cmsis_os2.o
                0x0000000008007776                osMutexAcquire
 .text.osMutexRelease
                0x000000000800780c       0x7a ./Middlewares/Third_Party/FreeRTOS/Source/CMSIS_RTOS_V2/cmsis_os2.o
                0x000000000800780c                osMutexRelease
 *fill*         0x0000000008007886        0x2 
 .text.vApplicationGetIdleTaskMemory
                0x0000000008007888       0x34 ./Middlewares/Third_Party/FreeRTOS/Source/CMSIS_RTOS_V2/cmsis_os2.o
                0x0000000008007888                vApplicationGetIdleTaskMemory
 .text.vApplicationGetTimerTaskMemory
                0x00000000080078bc       0x34 ./Middlewares/Third_Party/FreeRTOS/Source/CMSIS_RTOS_V2/cmsis_os2.o
                0x00000000080078bc                vApplicationGetTimerTaskMemory
 .text.vListInitialise
                0x00000000080078f0       0x40 ./Middlewares/Third_Party/FreeRTOS/Source/list.o
                0x00000000080078f0                vListInitialise
 .text.vListInitialiseItem
                0x0000000008007930       0x1a ./Middlewares/Third_Party/FreeRTOS/Source/list.o
                0x0000000008007930                vListInitialiseItem
 .text.vListInsertEnd
                0x000000000800794a       0x48 ./Middlewares/Third_Party/FreeRTOS/Source/list.o
                0x000000000800794a                vListInsertEnd
 .text.vListInsert
                0x0000000008007992       0x72 ./Middlewares/Third_Party/FreeRTOS/Source/list.o
                0x0000000008007992                vListInsert
 .text.uxListRemove
                0x0000000008007a04       0x54 ./Middlewares/Third_Party/FreeRTOS/Source/list.o
                0x0000000008007a04                uxListRemove
 .text.xQueueGenericReset
                0x0000000008007a58       0xd0 ./Middlewares/Third_Party/FreeRTOS/Source/queue.o
                0x0000000008007a58                xQueueGenericReset
 .text.xQueueGenericCreateStatic
                0x0000000008007b28       0xf0 ./Middlewares/Third_Party/FreeRTOS/Source/queue.o
                0x0000000008007b28                xQueueGenericCreateStatic
 .text.xQueueGenericCreate
                0x0000000008007c18       0x74 ./Middlewares/Third_Party/FreeRTOS/Source/queue.o
                0x0000000008007c18                xQueueGenericCreate
 .text.prvInitialiseNewQueue
                0x0000000008007c8c       0x46 ./Middlewares/Third_Party/FreeRTOS/Source/queue.o
 .text.prvInitialiseMutex
                0x0000000008007cd2       0x34 ./Middlewares/Third_Party/FreeRTOS/Source/queue.o
 .text.xQueueCreateMutex
                0x0000000008007d06       0x30 ./Middlewares/Third_Party/FreeRTOS/Source/queue.o
                0x0000000008007d06                xQueueCreateMutex
 .text.xQueueCreateMutexStatic
                0x0000000008007d36       0x36 ./Middlewares/Third_Party/FreeRTOS/Source/queue.o
                0x0000000008007d36                xQueueCreateMutexStatic
 .text.xQueueGiveMutexRecursive
                0x0000000008007d6c       0x68 ./Middlewares/Third_Party/FreeRTOS/Source/queue.o
                0x0000000008007d6c                xQueueGiveMutexRecursive
 .text.xQueueTakeMutexRecursive
                0x0000000008007dd4       0x6c ./Middlewares/Third_Party/FreeRTOS/Source/queue.o
                0x0000000008007dd4                xQueueTakeMutexRecursive
 .text.xQueueGenericSend
                0x0000000008007e40      0x1fc ./Middlewares/Third_Party/FreeRTOS/Source/queue.o
                0x0000000008007e40                xQueueGenericSend
 .text.xQueueGenericSendFromISR
                0x000000000800803c      0x136 ./Middlewares/Third_Party/FreeRTOS/Source/queue.o
                0x000000000800803c                xQueueGenericSendFromISR
 *fill*         0x0000000008008172        0x2 
 .text.xQueueReceive
                0x0000000008008174      0x1c0 ./Middlewares/Third_Party/FreeRTOS/Source/queue.o
                0x0000000008008174                xQueueReceive
 .text.xQueueSemaphoreTake
                0x0000000008008334      0x218 ./Middlewares/Third_Party/FreeRTOS/Source/queue.o
                0x0000000008008334                xQueueSemaphoreTake
 .text.prvGetDisinheritPriorityAfterTimeout
                0x000000000800854c       0x30 ./Middlewares/Third_Party/FreeRTOS/Source/queue.o
 .text.prvCopyDataToQueue
                0x000000000800857c       0xd4 ./Middlewares/Third_Party/FreeRTOS/Source/queue.o
 .text.prvCopyDataFromQueue
                0x0000000008008650       0x4c ./Middlewares/Third_Party/FreeRTOS/Source/queue.o
 .text.prvUnlockQueue
                0x000000000800869c       0xa4 ./Middlewares/Third_Party/FreeRTOS/Source/queue.o
 .text.prvIsQueueEmpty
                0x0000000008008740       0x2c ./Middlewares/Third_Party/FreeRTOS/Source/queue.o
 .text.prvIsQueueFull
                0x000000000800876c       0x30 ./Middlewares/Third_Party/FreeRTOS/Source/queue.o
 .text.vQueueAddToRegistry
                0x000000000800879c       0x54 ./Middlewares/Third_Party/FreeRTOS/Source/queue.o
                0x000000000800879c                vQueueAddToRegistry
 .text.vQueueWaitForMessageRestricted
                0x00000000080087f0       0x68 ./Middlewares/Third_Party/FreeRTOS/Source/queue.o
                0x00000000080087f0                vQueueWaitForMessageRestricted
 .text.xTaskCreateStatic
                0x0000000008008858       0xba ./Middlewares/Third_Party/FreeRTOS/Source/tasks.o
                0x0000000008008858                xTaskCreateStatic
 .text.xTaskCreate
                0x0000000008008912       0x8a ./Middlewares/Third_Party/FreeRTOS/Source/tasks.o
                0x0000000008008912                xTaskCreate
 .text.prvInitialiseNewTask
                0x000000000800899c      0x14c ./Middlewares/Third_Party/FreeRTOS/Source/tasks.o
 .text.prvAddNewTaskToReadyList
                0x0000000008008ae8       0xe0 ./Middlewares/Third_Party/FreeRTOS/Source/tasks.o
 .text.vTaskDelay
                0x0000000008008bc8       0x68 ./Middlewares/Third_Party/FreeRTOS/Source/tasks.o
                0x0000000008008bc8                vTaskDelay
 .text.vTaskStartScheduler
                0x0000000008008c30       0xe0 ./Middlewares/Third_Party/FreeRTOS/Source/tasks.o
                0x0000000008008c30                vTaskStartScheduler
 .text.vTaskSuspendAll
                0x0000000008008d10       0x1c ./Middlewares/Third_Party/FreeRTOS/Source/tasks.o
                0x0000000008008d10                vTaskSuspendAll
 .text.xTaskResumeAll
                0x0000000008008d2c      0x13c ./Middlewares/Third_Party/FreeRTOS/Source/tasks.o
                0x0000000008008d2c                xTaskResumeAll
 .text.xTaskGetTickCount
                0x0000000008008e68       0x20 ./Middlewares/Third_Party/FreeRTOS/Source/tasks.o
                0x0000000008008e68                xTaskGetTickCount
 .text.xTaskIncrementTick
                0x0000000008008e88      0x174 ./Middlewares/Third_Party/FreeRTOS/Source/tasks.o
                0x0000000008008e88                xTaskIncrementTick
 .text.vTaskSwitchContext
                0x0000000008008ffc       0xc8 ./Middlewares/Third_Party/FreeRTOS/Source/tasks.o
                0x0000000008008ffc                vTaskSwitchContext
 .text.vTaskPlaceOnEventList
                0x00000000080090c4       0x48 ./Middlewares/Third_Party/FreeRTOS/Source/tasks.o
                0x00000000080090c4                vTaskPlaceOnEventList
 .text.vTaskPlaceOnEventListRestricted
                0x000000000800910c       0x58 ./Middlewares/Third_Party/FreeRTOS/Source/tasks.o
                0x000000000800910c                vTaskPlaceOnEventListRestricted
 .text.xTaskRemoveFromEventList
                0x0000000008009164       0xc8 ./Middlewares/Third_Party/FreeRTOS/Source/tasks.o
                0x0000000008009164                xTaskRemoveFromEventList
 .text.vTaskInternalSetTimeOutState
                0x000000000800922c       0x2c ./Middlewares/Third_Party/FreeRTOS/Source/tasks.o
                0x000000000800922c                vTaskInternalSetTimeOutState
 .text.xTaskCheckForTimeOut
                0x0000000008009258       0xc4 ./Middlewares/Third_Party/FreeRTOS/Source/tasks.o
                0x0000000008009258                xTaskCheckForTimeOut
 .text.vTaskMissedYield
                0x000000000800931c       0x18 ./Middlewares/Third_Party/FreeRTOS/Source/tasks.o
                0x000000000800931c                vTaskMissedYield
 .text.prvIdleTask
                0x0000000008009334       0x30 ./Middlewares/Third_Party/FreeRTOS/Source/tasks.o
 .text.prvInitialiseTaskLists
                0x0000000008009364       0x80 ./Middlewares/Third_Party/FreeRTOS/Source/tasks.o
 .text.prvCheckTasksWaitingTermination
                0x00000000080093e4       0x5c ./Middlewares/Third_Party/FreeRTOS/Source/tasks.o
 .text.prvDeleteTCB
                0x0000000008009440       0x68 ./Middlewares/Third_Party/FreeRTOS/Source/tasks.o
 .text.prvResetNextTaskUnblockTime
                0x00000000080094a8       0x40 ./Middlewares/Third_Party/FreeRTOS/Source/tasks.o
 .text.xTaskGetCurrentTaskHandle
                0x00000000080094e8       0x20 ./Middlewares/Third_Party/FreeRTOS/Source/tasks.o
                0x00000000080094e8                xTaskGetCurrentTaskHandle
 .text.xTaskGetSchedulerState
                0x0000000008009508       0x3c ./Middlewares/Third_Party/FreeRTOS/Source/tasks.o
                0x0000000008009508                xTaskGetSchedulerState
 .text.xTaskPriorityInherit
                0x0000000008009544       0xd0 ./Middlewares/Third_Party/FreeRTOS/Source/tasks.o
                0x0000000008009544                xTaskPriorityInherit
 .text.xTaskPriorityDisinherit
                0x0000000008009614       0xdc ./Middlewares/Third_Party/FreeRTOS/Source/tasks.o
                0x0000000008009614                xTaskPriorityDisinherit
 .text.vTaskPriorityDisinheritAfterTimeout
                0x00000000080096f0      0x104 ./Middlewares/Third_Party/FreeRTOS/Source/tasks.o
                0x00000000080096f0                vTaskPriorityDisinheritAfterTimeout
 .text.pvTaskIncrementMutexHeldCount
                0x00000000080097f4       0x28 ./Middlewares/Third_Party/FreeRTOS/Source/tasks.o
                0x00000000080097f4                pvTaskIncrementMutexHeldCount
 .text.prvAddCurrentTaskToDelayedList
                0x000000000800981c       0xa8 ./Middlewares/Third_Party/FreeRTOS/Source/tasks.o
 .text.xTimerCreateTimerTask
                0x00000000080098c4       0x90 ./Middlewares/Third_Party/FreeRTOS/Source/timers.o
                0x00000000080098c4                xTimerCreateTimerTask
 .text.xTimerGenericCommand
                0x0000000008009954       0x9c ./Middlewares/Third_Party/FreeRTOS/Source/timers.o
                0x0000000008009954                xTimerGenericCommand
 .text.prvProcessExpiredTimer
                0x00000000080099f0       0x98 ./Middlewares/Third_Party/FreeRTOS/Source/timers.o
 .text.prvTimerTask
                0x0000000008009a88       0x24 ./Middlewares/Third_Party/FreeRTOS/Source/timers.o
 .text.prvProcessTimerOrBlockTask
                0x0000000008009aac       0x9c ./Middlewares/Third_Party/FreeRTOS/Source/timers.o
 .text.prvGetNextExpireTime
                0x0000000008009b48       0x48 ./Middlewares/Third_Party/FreeRTOS/Source/timers.o
 .text.prvSampleTimeNow
                0x0000000008009b90       0x40 ./Middlewares/Third_Party/FreeRTOS/Source/timers.o
 .text.prvInsertTimerInActiveList
                0x0000000008009bd0       0x84 ./Middlewares/Third_Party/FreeRTOS/Source/timers.o
 .text.prvProcessReceivedCommands
                0x0000000008009c54      0x1c4 ./Middlewares/Third_Party/FreeRTOS/Source/timers.o
 .text.prvSwitchTimerLists
                0x0000000008009e18       0xc8 ./Middlewares/Third_Party/FreeRTOS/Source/timers.o
 .text.prvCheckForValidListAndQueue
                0x0000000008009ee0       0x80 ./Middlewares/Third_Party/FreeRTOS/Source/timers.o
 .text.pxPortInitialiseStack
                0x0000000008009f60       0x68 ./Middlewares/Third_Party/FreeRTOS/Source/portable/GCC/ARM_CM4F/port.o
                0x0000000008009f60                pxPortInitialiseStack
 .text.prvTaskExitError
                0x0000000008009fc8       0x58 ./Middlewares/Third_Party/FreeRTOS/Source/portable/GCC/ARM_CM4F/port.o
 .text.SVC_Handler
                0x000000000800a020       0x28 ./Middlewares/Third_Party/FreeRTOS/Source/portable/GCC/ARM_CM4F/port.o
                0x000000000800a020                SVC_Handler
 .text.prvPortStartFirstTask
                0x000000000800a048       0x28 ./Middlewares/Third_Party/FreeRTOS/Source/portable/GCC/ARM_CM4F/port.o
 .text.xPortStartScheduler
                0x000000000800a070      0x144 ./Middlewares/Third_Party/FreeRTOS/Source/portable/GCC/ARM_CM4F/port.o
                0x000000000800a070                xPortStartScheduler
 .text.vPortEnterCritical
                0x000000000800a1b4       0x60 ./Middlewares/Third_Party/FreeRTOS/Source/portable/GCC/ARM_CM4F/port.o
                0x000000000800a1b4                vPortEnterCritical
 .text.vPortExitCritical
                0x000000000800a214       0x54 ./Middlewares/Third_Party/FreeRTOS/Source/portable/GCC/ARM_CM4F/port.o
                0x000000000800a214                vPortExitCritical
 *fill*         0x000000000800a268        0x8 
 .text.PendSV_Handler
                0x000000000800a270       0x68 ./Middlewares/Third_Party/FreeRTOS/Source/portable/GCC/ARM_CM4F/port.o
                0x000000000800a270                PendSV_Handler
 .text.xPortSysTickHandler
                0x000000000800a2d8       0x44 ./Middlewares/Third_Party/FreeRTOS/Source/portable/GCC/ARM_CM4F/port.o
                0x000000000800a2d8                xPortSysTickHandler
 .text.vPortSetupTimerInterrupt
                0x000000000800a31c       0x48 ./Middlewares/Third_Party/FreeRTOS/Source/portable/GCC/ARM_CM4F/port.o
                0x000000000800a31c                vPortSetupTimerInterrupt
 .text.vPortEnableVFP
                0x000000000800a364       0x14 ./Middlewares/Third_Party/FreeRTOS/Source/portable/GCC/ARM_CM4F/port.o
 .text.vPortValidateInterruptPriority
                0x000000000800a378       0x80 ./Middlewares/Third_Party/FreeRTOS/Source/portable/GCC/ARM_CM4F/port.o
                0x000000000800a378                vPortValidateInterruptPriority
 .text.pvPortMalloc
                0x000000000800a3f8      0x198 ./Middlewares/Third_Party/FreeRTOS/Source/portable/MemMang/heap_4.o
                0x000000000800a3f8                pvPortMalloc
 .text.vPortFree
                0x000000000800a590       0xc4 ./Middlewares/Third_Party/FreeRTOS/Source/portable/MemMang/heap_4.o
                0x000000000800a590                vPortFree
 .text.prvHeapInit
                0x000000000800a654       0xc4 ./Middlewares/Third_Party/FreeRTOS/Source/portable/MemMang/heap_4.o
 .text.prvInsertBlockIntoFreeList
                0x000000000800a718       0xb4 ./Middlewares/Third_Party/FreeRTOS/Source/portable/MemMang/heap_4.o
 .text.__errno  0x000000000800a7cc        0xc c:/st/stm32cubeide_1.9.0/stm32cubeide/plugins/com.st.stm32cube.ide.mcu.externaltools.gnu-tools-for-stm32.10.3-2021.10.win32_1.0.200.202301161003/tools/bin/../lib/gcc/arm-none-eabi/10.3.1/../../../../arm-none-eabi/lib/thumb/v7e-m+fp/hard\libc_nano.a(lib_a-errno.o)
                0x000000000800a7cc                __errno
 .text.__libc_init_array
                0x000000000800a7d8       0x48 c:/st/stm32cubeide_1.9.0/stm32cubeide/plugins/com.st.stm32cube.ide.mcu.externaltools.gnu-tools-for-stm32.10.3-2021.10.win32_1.0.200.202301161003/tools/bin/../lib/gcc/arm-none-eabi/10.3.1/../../../../arm-none-eabi/lib/thumb/v7e-m+fp/hard\libc_nano.a(lib_a-init.o)
                0x000000000800a7d8                __libc_init_array
 .text.__itoa   0x000000000800a820       0x30 c:/st/stm32cubeide_1.9.0/stm32cubeide/plugins/com.st.stm32cube.ide.mcu.externaltools.gnu-tools-for-stm32.10.3-2021.10.win32_1.0.200.202301161003/tools/bin/../lib/gcc/arm-none-eabi/10.3.1/../../../../arm-none-eabi/lib/thumb/v7e-m+fp/hard\libc_nano.a(lib_a-itoa.o)
                0x000000000800a820                __itoa
 .text.itoa     0x000000000800a850        0x4 c:/st/stm32cubeide_1.9.0/stm32cubeide/plugins/com.st.stm32cube.ide.mcu.externaltools.gnu-tools-for-stm32.10.3-2021.10.win32_1.0.200.202301161003/tools/bin/../lib/gcc/arm-none-eabi/10.3.1/../../../../arm-none-eabi/lib/thumb/v7e-m+fp/hard\libc_nano.a(lib_a-itoa.o)
                0x000000000800a850                itoa
 .text.__retarget_lock_acquire_recursive
                0x000000000800a854        0x2 c:/st/stm32cubeide_1.9.0/stm32cubeide/plugins/com.st.stm32cube.ide.mcu.externaltools.gnu-tools-for-stm32.10.3-2021.10.win32_1.0.200.202301161003/tools/bin/../lib/gcc/arm-none-eabi/10.3.1/../../../../arm-none-eabi/lib/thumb/v7e-m+fp/hard\libc_nano.a(lib_a-lock.o)
                0x000000000800a854                __retarget_lock_acquire_recursive
 .text.__retarget_lock_release_recursive
                0x000000000800a856        0x2 c:/st/stm32cubeide_1.9.0/stm32cubeide/plugins/com.st.stm32cube.ide.mcu.externaltools.gnu-tools-for-stm32.10.3-2021.10.win32_1.0.200.202301161003/tools/bin/../lib/gcc/arm-none-eabi/10.3.1/../../../../arm-none-eabi/lib/thumb/v7e-m+fp/hard\libc_nano.a(lib_a-lock.o)
                0x000000000800a856                __retarget_lock_release_recursive
 .text.malloc   0x000000000800a858       0x10 c:/st/stm32cubeide_1.9.0/stm32cubeide/plugins/com.st.stm32cube.ide.mcu.externaltools.gnu-tools-for-stm32.10.3-2021.10.win32_1.0.200.202301161003/tools/bin/../lib/gcc/arm-none-eabi/10.3.1/../../../../arm-none-eabi/lib/thumb/v7e-m+fp/hard\libc_nano.a(lib_a-malloc.o)
                0x000000000800a858                malloc
 .text.memcpy   0x000000000800a868       0x1c c:/st/stm32cubeide_1.9.0/stm32cubeide/plugins/com.st.stm32cube.ide.mcu.externaltools.gnu-tools-for-stm32.10.3-2021.10.win32_1.0.200.202301161003/tools/bin/../lib/gcc/arm-none-eabi/10.3.1/../../../../arm-none-eabi/lib/thumb/v7e-m+fp/hard\libc_nano.a(lib_a-memcpy-stub.o)
                0x000000000800a868                memcpy
 .text.memset   0x000000000800a884       0x10 c:/st/stm32cubeide_1.9.0/stm32cubeide/plugins/com.st.stm32cube.ide.mcu.externaltools.gnu-tools-for-stm32.10.3-2021.10.win32_1.0.200.202301161003/tools/bin/../lib/gcc/arm-none-eabi/10.3.1/../../../../arm-none-eabi/lib/thumb/v7e-m+fp/hard\libc_nano.a(lib_a-memset.o)
                0x000000000800a884                memset
 .text._free_r  0x000000000800a894       0x98 c:/st/stm32cubeide_1.9.0/stm32cubeide/plugins/com.st.stm32cube.ide.mcu.externaltools.gnu-tools-for-stm32.10.3-2021.10.win32_1.0.200.202301161003/tools/bin/../lib/gcc/arm-none-eabi/10.3.1/../../../../arm-none-eabi/lib/thumb/v7e-m+fp/hard\libc_nano.a(lib_a-nano-freer.o)
                0x000000000800a894                _free_r
 .text.sbrk_aligned
                0x000000000800a92c       0x40 c:/st/stm32cubeide_1.9.0/stm32cubeide/plugins/com.st.stm32cube.ide.mcu.externaltools.gnu-tools-for-stm32.10.3-2021.10.win32_1.0.200.202301161003/tools/bin/../lib/gcc/arm-none-eabi/10.3.1/../../../../arm-none-eabi/lib/thumb/v7e-m+fp/hard\libc_nano.a(lib_a-nano-mallocr.o)
 .text._malloc_r
                0x000000000800a96c       0xe8 c:/st/stm32cubeide_1.9.0/stm32cubeide/plugins/com.st.stm32cube.ide.mcu.externaltools.gnu-tools-for-stm32.10.3-2021.10.win32_1.0.200.202301161003/tools/bin/../lib/gcc/arm-none-eabi/10.3.1/../../../../arm-none-eabi/lib/thumb/v7e-m+fp/hard\libc_nano.a(lib_a-nano-mallocr.o)
                0x000000000800a96c                _malloc_r
 .text.cleanup_glue
                0x000000000800aa54       0x1a c:/st/stm32cubeide_1.9.0/stm32cubeide/plugins/com.st.stm32cube.ide.mcu.externaltools.gnu-tools-for-stm32.10.3-2021.10.win32_1.0.200.202301161003/tools/bin/../lib/gcc/arm-none-eabi/10.3.1/../../../../arm-none-eabi/lib/thumb/v7e-m+fp/hard\libc_nano.a(lib_a-reent.o)
                0x000000000800aa54                cleanup_glue
 *fill*         0x000000000800aa6e        0x2 
 .text._reclaim_reent
                0x000000000800aa70       0xb8 c:/st/stm32cubeide_1.9.0/stm32cubeide/plugins/com.st.stm32cube.ide.mcu.externaltools.gnu-tools-for-stm32.10.3-2021.10.win32_1.0.200.202301161003/tools/bin/../lib/gcc/arm-none-eabi/10.3.1/../../../../arm-none-eabi/lib/thumb/v7e-m+fp/hard\libc_nano.a(lib_a-reent.o)
                0x000000000800aa70                _reclaim_reent
 .text._sbrk_r  0x000000000800ab28       0x20 c:/st/stm32cubeide_1.9.0/stm32cubeide/plugins/com.st.stm32cube.ide.mcu.externaltools.gnu-tools-for-stm32.10.3-2021.10.win32_1.0.200.202301161003/tools/bin/../lib/gcc/arm-none-eabi/10.3.1/../../../../arm-none-eabi/lib/thumb/v7e-m+fp/hard\libc_nano.a(lib_a-sbrkr.o)
                0x000000000800ab28                _sbrk_r
 .text.__utoa   0x000000000800ab48       0x84 c:/st/stm32cubeide_1.9.0/stm32cubeide/plugins/com.st.stm32cube.ide.mcu.externaltools.gnu-tools-for-stm32.10.3-2021.10.win32_1.0.200.202301161003/tools/bin/../lib/gcc/arm-none-eabi/10.3.1/../../../../arm-none-eabi/lib/thumb/v7e-m+fp/hard\libc_nano.a(lib_a-utoa.o)
                0x000000000800ab48                __utoa
 .text.__malloc_lock
                0x000000000800abcc        0xc c:/st/stm32cubeide_1.9.0/stm32cubeide/plugins/com.st.stm32cube.ide.mcu.externaltools.gnu-tools-for-stm32.10.3-2021.10.win32_1.0.200.202301161003/tools/bin/../lib/gcc/arm-none-eabi/10.3.1/../../../../arm-none-eabi/lib/thumb/v7e-m+fp/hard\libc_nano.a(lib_a-mlock.o)
                0x000000000800abcc                __malloc_lock
 .text.__malloc_unlock
                0x000000000800abd8        0xc c:/st/stm32cubeide_1.9.0/stm32cubeide/plugins/com.st.stm32cube.ide.mcu.externaltools.gnu-tools-for-stm32.10.3-2021.10.win32_1.0.200.202301161003/tools/bin/../lib/gcc/arm-none-eabi/10.3.1/../../../../arm-none-eabi/lib/thumb/v7e-m+fp/hard\libc_nano.a(lib_a-mlock.o)
                0x000000000800abd8                __malloc_unlock
 *(.glue_7)
 .glue_7        0x000000000800abe4        0x0 linker stubs
 *(.glue_7t)
 .glue_7t       0x000000000800abe4        0x0 linker stubs
 *(.eh_frame)
 .eh_frame      0x000000000800abe4        0x0 c:/st/stm32cubeide_1.9.0/stm32cubeide/plugins/com.st.stm32cube.ide.mcu.externaltools.gnu-tools-for-stm32.10.3-2021.10.win32_1.0.200.202301161003/tools/bin/../lib/gcc/arm-none-eabi/10.3.1/thumb/v7e-m+fp/hard/crtbegin.o
 *(.init)
 .init          0x000000000800abe4        0x4 c:/st/stm32cubeide_1.9.0/stm32cubeide/plugins/com.st.stm32cube.ide.mcu.externaltools.gnu-tools-for-stm32.10.3-2021.10.win32_1.0.200.202301161003/tools/bin/../lib/gcc/arm-none-eabi/10.3.1/thumb/v7e-m+fp/hard/crti.o
                0x000000000800abe4                _init
 .init          0x000000000800abe8        0x8 c:/st/stm32cubeide_1.9.0/stm32cubeide/plugins/com.st.stm32cube.ide.mcu.externaltools.gnu-tools-for-stm32.10.3-2021.10.win32_1.0.200.202301161003/tools/bin/../lib/gcc/arm-none-eabi/10.3.1/thumb/v7e-m+fp/hard/crtn.o
 *(.fini)
 .fini          0x000000000800abf0        0x4 c:/st/stm32cubeide_1.9.0/stm32cubeide/plugins/com.st.stm32cube.ide.mcu.externaltools.gnu-tools-for-stm32.10.3-2021.10.win32_1.0.200.202301161003/tools/bin/../lib/gcc/arm-none-eabi/10.3.1/thumb/v7e-m+fp/hard/crti.o
                0x000000000800abf0                _fini
 .fini          0x000000000800abf4        0x8 c:/st/stm32cubeide_1.9.0/stm32cubeide/plugins/com.st.stm32cube.ide.mcu.externaltools.gnu-tools-for-stm32.10.3-2021.10.win32_1.0.200.202301161003/tools/bin/../lib/gcc/arm-none-eabi/10.3.1/thumb/v7e-m+fp/hard/crtn.o
                0x000000000800abfc                . = ALIGN (0x4)
                0x000000000800abfc                _etext = .

.vfp11_veneer   0x000000000800abfc        0x0
 .vfp11_veneer  0x000000000800abfc        0x0 linker stubs

.v4_bx          0x000000000800abfc        0x0
 .v4_bx         0x000000000800abfc        0x0 linker stubs

.iplt           0x000000000800abfc        0x0
 .iplt          0x000000000800abfc        0x0 c:/st/stm32cubeide_1.9.0/stm32cubeide/plugins/com.st.stm32cube.ide.mcu.externaltools.gnu-tools-for-stm32.10.3-2021.10.win32_1.0.200.202301161003/tools/bin/../lib/gcc/arm-none-eabi/10.3.1/thumb/v7e-m+fp/hard/crtbegin.o

.rodata         0x000000000800abfc     0x1828
                0x000000000800abfc                . = ALIGN (0x4)
 *(.rodata)
 .rodata        0x000000000800abfc        0x3 ./Core/Src/ADC_out/ADS1115.o
 *fill*         0x000000000800abff        0x1 
 .rodata        0x000000000800ac00      0x194 ./Core/Src/app_menu/app_menu.o
 .rodata        0x000000000800ad94       0x3b ./Core/Src/main.o
 *fill*         0x000000000800adcf        0x1 
 .rodata        0x000000000800add0       0x2c ./Core/Src/tasks/UserTasks.o
 .rodata        0x000000000800adfc        0x5 ./Middlewares/Third_Party/FreeRTOS/Source/tasks.o
 *fill*         0x000000000800ae01        0x3 
 .rodata        0x000000000800ae04        0xd ./Middlewares/Third_Party/FreeRTOS/Source/timers.o
 *(.rodata*)
 *fill*         0x000000000800ae11        0x3 
 .rodata.Font7x10
                0x000000000800ae14      0x76c ./Core/Src/Display/ssd1306/ssd1306_fonts.o
 .rodata.Font11x18
                0x000000000800b580      0xd5c ./Core/Src/Display/ssd1306/ssd1306_fonts.o
 .rodata.EmptyTask_attributes
                0x000000000800c2dc       0x24 ./Core/Src/main.o
                0x000000000800c2dc                EmptyTask_attributes
 .rodata.BlockI2C_attributes
                0x000000000800c300       0x10 ./Core/Src/main.o
                0x000000000800c300                BlockI2C_attributes
 .rodata.AHBPrescTable
                0x000000000800c310       0x10 ./Core/Src/system_stm32f4xx.o
                0x000000000800c310                AHBPrescTable
 .rodata.APBPrescTable
                0x000000000800c320        0x8 ./Core/Src/system_stm32f4xx.o
                0x000000000800c320                APBPrescTable
 .rodata.OledMenuTask_attributes
                0x000000000800c328       0x24 ./Core/Src/tasks/UserTasks.o
                0x000000000800c328                OledMenuTask_attributes
 .rodata.LedControlTask_attributes
                0x000000000800c34c       0x24 ./Core/Src/tasks/UserTasks.o
                0x000000000800c34c                LedControlTask_attributes
 .rodata.SensOutTask_attributes
                0x000000000800c370       0x24 ./Core/Src/tasks/UserTasks.o
                0x000000000800c370                SensOutTask_attributes
 .rodata.flagBitshiftOffset.0
                0x000000000800c394        0x8 ./Drivers/STM32F4xx_HAL_Driver/Src/stm32f4xx_hal_dma.o
 .rodata.__sf_fake_stderr
                0x000000000800c39c       0x20 c:/st/stm32cubeide_1.9.0/stm32cubeide/plugins/com.st.stm32cube.ide.mcu.externaltools.gnu-tools-for-stm32.10.3-2021.10.win32_1.0.200.202301161003/tools/bin/../lib/gcc/arm-none-eabi/10.3.1/../../../../arm-none-eabi/lib/thumb/v7e-m+fp/hard\libc_nano.a(lib_a-findfp.o)
                0x000000000800c39c                __sf_fake_stderr
 .rodata.__sf_fake_stdin
                0x000000000800c3bc       0x20 c:/st/stm32cubeide_1.9.0/stm32cubeide/plugins/com.st.stm32cube.ide.mcu.externaltools.gnu-tools-for-stm32.10.3-2021.10.win32_1.0.200.202301161003/tools/bin/../lib/gcc/arm-none-eabi/10.3.1/../../../../arm-none-eabi/lib/thumb/v7e-m+fp/hard\libc_nano.a(lib_a-findfp.o)
                0x000000000800c3bc                __sf_fake_stdin
 .rodata.__sf_fake_stdout
                0x000000000800c3dc       0x20 c:/st/stm32cubeide_1.9.0/stm32cubeide/plugins/com.st.stm32cube.ide.mcu.externaltools.gnu-tools-for-stm32.10.3-2021.10.win32_1.0.200.202301161003/tools/bin/../lib/gcc/arm-none-eabi/10.3.1/../../../../arm-none-eabi/lib/thumb/v7e-m+fp/hard\libc_nano.a(lib_a-findfp.o)
                0x000000000800c3dc                __sf_fake_stdout
 .rodata.__utoa.str1.1
                0x000000000800c3fc       0x25 c:/st/stm32cubeide_1.9.0/stm32cubeide/plugins/com.st.stm32cube.ide.mcu.externaltools.gnu-tools-for-stm32.10.3-2021.10.win32_1.0.200.202301161003/tools/bin/../lib/gcc/arm-none-eabi/10.3.1/../../../../arm-none-eabi/lib/thumb/v7e-m+fp/hard\libc_nano.a(lib_a-utoa.o)
                0x000000000800c424                . = ALIGN (0x4)
 *fill*         0x000000000800c421        0x3 

.ARM.extab      0x000000000800c424        0x0
                0x000000000800c424                . = ALIGN (0x4)
 *(.ARM.extab* .gnu.linkonce.armextab.*)
                0x000000000800c424                . = ALIGN (0x4)

.ARM            0x000000000800c424        0x8
                0x000000000800c424                . = ALIGN (0x4)
                0x000000000800c424                __exidx_start = .
 *(.ARM.exidx*)
 .ARM.exidx     0x000000000800c424        0x8 c:/st/stm32cubeide_1.9.0/stm32cubeide/plugins/com.st.stm32cube.ide.mcu.externaltools.gnu-tools-for-stm32.10.3-2021.10.win32_1.0.200.202301161003/tools/bin/../lib/gcc/arm-none-eabi/10.3.1/thumb/v7e-m+fp/hard\libgcc.a(_udivmoddi4.o)
                0x000000000800c42c                __exidx_end = .
                0x000000000800c42c                . = ALIGN (0x4)

.rel.dyn        0x000000000800c42c        0x0
 .rel.iplt      0x000000000800c42c        0x0 c:/st/stm32cubeide_1.9.0/stm32cubeide/plugins/com.st.stm32cube.ide.mcu.externaltools.gnu-tools-for-stm32.10.3-2021.10.win32_1.0.200.202301161003/tools/bin/../lib/gcc/arm-none-eabi/10.3.1/thumb/v7e-m+fp/hard/crtbegin.o

.preinit_array  0x000000000800c42c        0x0
                0x000000000800c42c                . = ALIGN (0x4)
                0x000000000800c42c                PROVIDE (__preinit_array_start = .)
 *(.preinit_array*)
                0x000000000800c42c                PROVIDE (__preinit_array_end = .)
                0x000000000800c42c                . = ALIGN (0x4)

.init_array     0x000000000800c42c        0x4
                0x000000000800c42c                . = ALIGN (0x4)
                0x000000000800c42c                PROVIDE (__init_array_start = .)
 *(SORT_BY_NAME(.init_array.*))
 *(.init_array*)
 .init_array    0x000000000800c42c        0x4 c:/st/stm32cubeide_1.9.0/stm32cubeide/plugins/com.st.stm32cube.ide.mcu.externaltools.gnu-tools-for-stm32.10.3-2021.10.win32_1.0.200.202301161003/tools/bin/../lib/gcc/arm-none-eabi/10.3.1/thumb/v7e-m+fp/hard/crtbegin.o
                0x000000000800c430                PROVIDE (__init_array_end = .)
                0x000000000800c430                . = ALIGN (0x4)

.fini_array     0x000000000800c430        0x4
                0x000000000800c430                . = ALIGN (0x4)
                [!provide]                        PROVIDE (__fini_array_start = .)
 *(SORT_BY_NAME(.fini_array.*))
 *(.fini_array*)
 .fini_array    0x000000000800c430        0x4 c:/st/stm32cubeide_1.9.0/stm32cubeide/plugins/com.st.stm32cube.ide.mcu.externaltools.gnu-tools-for-stm32.10.3-2021.10.win32_1.0.200.202301161003/tools/bin/../lib/gcc/arm-none-eabi/10.3.1/thumb/v7e-m+fp/hard/crtbegin.o
                [!provide]                        PROVIDE (__fini_array_end = .)
                0x000000000800c434                . = ALIGN (0x4)
                0x000000000800c434                _sidata = LOADADDR (.data)

.data           0x0000000020000000       0xb4 load address 0x000000000800c434
                0x0000000020000000                . = ALIGN (0x4)
                0x0000000020000000                _sdata = .
 *(.data)
 *(.data*)
 .data.Font_7x10
                0x0000000020000000        0x8 ./Core/Src/Display/ssd1306/ssd1306_fonts.o
                0x0000000020000000                Font_7x10
 .data.Font_11x18
                0x0000000020000008        0x8 ./Core/Src/Display/ssd1306/ssd1306_fonts.o
                0x0000000020000008                Font_11x18
 .data.ARGB_BR  0x0000000020000010        0x1 ./Core/Src/Display/ws2812/ARGB.o
                0x0000000020000010                ARGB_BR
 *fill*         0x0000000020000011        0x3 
 .data.menuItems
                0x0000000020000014       0x20 ./Core/Src/app_menu/app_menu.o
                0x0000000020000014                menuItems
 .data.menuButton
                0x0000000020000034        0xc ./Core/Src/app_menu/app_menu.o
                0x0000000020000034                menuButton
 .data.SystemCoreClock
                0x0000000020000040        0x4 ./Core/Src/system_stm32f4xx.o
                0x0000000020000040                SystemCoreClock
 .data.uwTickPrio
                0x0000000020000044        0x4 ./Drivers/STM32F4xx_HAL_Driver/Src/stm32f4xx_hal.o
                0x0000000020000044                uwTickPrio
 .data.uwTickFreq
                0x0000000020000048        0x1 ./Drivers/STM32F4xx_HAL_Driver/Src/stm32f4xx_hal.o
                0x0000000020000048                uwTickFreq
 *fill*         0x0000000020000049        0x3 
 .data.uxCriticalNesting
                0x000000002000004c        0x4 ./Middlewares/Third_Party/FreeRTOS/Source/portable/GCC/ARM_CM4F/port.o
 .data._impure_ptr
                0x0000000020000050        0x4 c:/st/stm32cubeide_1.9.0/stm32cubeide/plugins/com.st.stm32cube.ide.mcu.externaltools.gnu-tools-for-stm32.10.3-2021.10.win32_1.0.200.202301161003/tools/bin/../lib/gcc/arm-none-eabi/10.3.1/../../../../arm-none-eabi/lib/thumb/v7e-m+fp/hard\libc_nano.a(lib_a-impure.o)
                0x0000000020000050                _impure_ptr
 .data.impure_data
                0x0000000020000054       0x60 c:/st/stm32cubeide_1.9.0/stm32cubeide/plugins/com.st.stm32cube.ide.mcu.externaltools.gnu-tools-for-stm32.10.3-2021.10.win32_1.0.200.202301161003/tools/bin/../lib/gcc/arm-none-eabi/10.3.1/../../../../arm-none-eabi/lib/thumb/v7e-m+fp/hard\libc_nano.a(lib_a-impure.o)
 *(.RamFunc)
 *(.RamFunc*)
                0x00000000200000b4                . = ALIGN (0x4)
                0x00000000200000b4                _edata = .

.igot.plt       0x00000000200000b4        0x0 load address 0x000000000800c4e8
 .igot.plt      0x00000000200000b4        0x0 c:/st/stm32cubeide_1.9.0/stm32cubeide/plugins/com.st.stm32cube.ide.mcu.externaltools.gnu-tools-for-stm32.10.3-2021.10.win32_1.0.200.202301161003/tools/bin/../lib/gcc/arm-none-eabi/10.3.1/thumb/v7e-m+fp/hard/crtbegin.o
                0x00000000200000b4                . = ALIGN (0x4)

.bss            0x00000000200000b4     0x5128 load address 0x000000000800c4e8
                0x00000000200000b4                _sbss = .
                0x00000000200000b4                __bss_start__ = _sbss
 *(.bss)
 .bss           0x00000000200000b4       0x1c c:/st/stm32cubeide_1.9.0/stm32cubeide/plugins/com.st.stm32cube.ide.mcu.externaltools.gnu-tools-for-stm32.10.3-2021.10.win32_1.0.200.202301161003/tools/bin/../lib/gcc/arm-none-eabi/10.3.1/thumb/v7e-m+fp/hard/crtbegin.o
 *(.bss*)
 .bss.SSD1306_Buffer
                0x00000000200000d0      0x410 ./Core/Src/Display/ssd1306/ssd1306.o
 .bss.SSD1306   0x00000000200004e0        0x6 ./Core/Src/Display/ssd1306/ssd1306.o
 .bss.PWM_HI    0x00000000200004e6        0x1 ./Core/Src/Display/ws2812/ARGB.o
                0x00000000200004e6                PWM_HI
 .bss.PWM_LO    0x00000000200004e7        0x1 ./Core/Src/Display/ws2812/ARGB.o
                0x00000000200004e7                PWM_LO
 .bss.RGB_BUF   0x00000000200004e8       0x18 ./Core/Src/Display/ws2812/ARGB.o
                0x00000000200004e8                RGB_BUF
 .bss.PWM_BUF   0x0000000020000500       0xc0 ./Core/Src/Display/ws2812/ARGB.o
                0x0000000020000500                PWM_BUF
 .bss.BUF_COUNTER
                0x00000000200005c0        0x2 ./Core/Src/Display/ws2812/ARGB.o
                0x00000000200005c0                BUF_COUNTER
 .bss.ARGB_LOC_ST
                0x00000000200005c2        0x1 ./Core/Src/Display/ws2812/ARGB.o
                0x00000000200005c2                ARGB_LOC_ST
 *fill*         0x00000000200005c3        0x1 
 .bss.statusMutex
                0x00000000200005c4        0x4 ./Core/Src/app_menu/app_menu.o
                0x00000000200005c4                statusMutex
 .bss.buttonUpper
                0x00000000200005c8        0x1 ./Core/Src/app_menu/app_menu.o
 .bss.buttonEnable
                0x00000000200005c9        0x1 ./Core/Src/app_menu/app_menu.o
 .bss.button_counter
                0x00000000200005ca        0x1 ./Core/Src/app_menu/app_menu.o
 .bss.button_long
                0x00000000200005cb        0x1 ./Core/Src/app_menu/app_menu.o
 .bss.encoderAS56
                0x00000000200005cc        0x1 ./Core/Src/app_menu/app_menu.o
 *fill*         0x00000000200005cd        0x3 
 .bss.hi2c1     0x00000000200005d0       0x54 ./Core/Src/main.o
                0x00000000200005d0                hi2c1
 .bss.hspi1     0x0000000020000624       0x58 ./Core/Src/main.o
                0x0000000020000624                hspi1
 .bss.htim2     0x000000002000067c       0x48 ./Core/Src/main.o
                0x000000002000067c                htim2
 .bss.hdma_tim2_ch2_ch4
                0x00000000200006c4       0x60 ./Core/Src/main.o
                0x00000000200006c4                hdma_tim2_ch2_ch4
 .bss.EmptyTaskHandle
                0x0000000020000724        0x4 ./Core/Src/main.o
                0x0000000020000724                EmptyTaskHandle
 .bss.BlockI2CHandle
                0x0000000020000728        0x4 ./Core/Src/main.o
                0x0000000020000728                BlockI2CHandle
 .bss.htim9     0x000000002000072c       0x48 ./Core/Src/stm32f4xx_hal_timebase_tim.o
                0x000000002000072c                htim9
 .bss.__sbrk_heap_end
                0x0000000020000774        0x4 ./Core/Src/sysmem.o
 .bss.raw_angle
                0x0000000020000778        0x2 ./Core/Src/tasks/SensOut.o
                0x0000000020000778                raw_angle
 .bss.old_encoder_data
                0x000000002000077a        0x2 ./Core/Src/tasks/SensOut.o
                0x000000002000077a                old_encoder_data
 .bss.delta_encoder
                0x000000002000077c        0x2 ./Core/Src/tasks/SensOut.o
                0x000000002000077c                delta_encoder
 *fill*         0x000000002000077e        0x2 
 .bss.configChanel1
                0x0000000020000780        0x8 ./Core/Src/tasks/SensOut.o
                0x0000000020000780                configChanel1
 .bss.configChanel2
                0x0000000020000788        0x8 ./Core/Src/tasks/SensOut.o
                0x0000000020000788                configChanel2
 .bss.configChanel3
                0x0000000020000790        0x8 ./Core/Src/tasks/SensOut.o
                0x0000000020000790                configChanel3
 .bss.configChanel4
                0x0000000020000798        0x8 ./Core/Src/tasks/SensOut.o
                0x0000000020000798                configChanel4
 .bss.pADS      0x00000000200007a0        0x4 ./Core/Src/tasks/SensOut.o
                0x00000000200007a0                pADS
 .bss.statusMutexI2C
                0x00000000200007a4        0x4 ./Core/Src/tasks/SensOut.o
                0x00000000200007a4                statusMutexI2C
 .bss.magnituda
                0x00000000200007a8        0x1 ./Core/Src/tasks/SensOut.o
                0x00000000200007a8                magnituda
 *fill*         0x00000000200007a9        0x3 
 .bss.OledMenuTaskHandle
                0x00000000200007ac        0x4 ./Core/Src/tasks/UserTasks.o
                0x00000000200007ac                OledMenuTaskHandle
 .bss.LedControlTaskHandle
                0x00000000200007b0        0x4 ./Core/Src/tasks/UserTasks.o
                0x00000000200007b0                LedControlTaskHandle
 .bss.SensOutTaskHandle
                0x00000000200007b4        0x4 ./Core/Src/tasks/UserTasks.o
                0x00000000200007b4                SensOutTaskHandle
 .bss.uwTick    0x00000000200007b8        0x4 ./Drivers/STM32F4xx_HAL_Driver/Src/stm32f4xx_hal.o
                0x00000000200007b8                uwTick
 .bss.KernelState
                0x00000000200007bc        0x4 ./Middlewares/Third_Party/FreeRTOS/Source/CMSIS_RTOS_V2/cmsis_os2.o
 .bss.Idle_TCB.3
                0x00000000200007c0       0xbc ./Middlewares/Third_Party/FreeRTOS/Source/CMSIS_RTOS_V2/cmsis_os2.o
 .bss.Idle_Stack.2
                0x000000002000087c      0x200 ./Middlewares/Third_Party/FreeRTOS/Source/CMSIS_RTOS_V2/cmsis_os2.o
 .bss.Timer_TCB.1
                0x0000000020000a7c       0xbc ./Middlewares/Third_Party/FreeRTOS/Source/CMSIS_RTOS_V2/cmsis_os2.o
 .bss.Timer_Stack.0
                0x0000000020000b38      0x400 ./Middlewares/Third_Party/FreeRTOS/Source/CMSIS_RTOS_V2/cmsis_os2.o
 .bss.xQueueRegistry
                0x0000000020000f38       0x40 ./Middlewares/Third_Party/FreeRTOS/Source/queue.o
                0x0000000020000f38                xQueueRegistry
 .bss.pxCurrentTCB
                0x0000000020000f78        0x4 ./Middlewares/Third_Party/FreeRTOS/Source/tasks.o
                0x0000000020000f78                pxCurrentTCB
 .bss.pxReadyTasksLists
                0x0000000020000f7c      0x460 ./Middlewares/Third_Party/FreeRTOS/Source/tasks.o
 .bss.xDelayedTaskList1
                0x00000000200013dc       0x14 ./Middlewares/Third_Party/FreeRTOS/Source/tasks.o
 .bss.xDelayedTaskList2
                0x00000000200013f0       0x14 ./Middlewares/Third_Party/FreeRTOS/Source/tasks.o
 .bss.pxDelayedTaskList
                0x0000000020001404        0x4 ./Middlewares/Third_Party/FreeRTOS/Source/tasks.o
 .bss.pxOverflowDelayedTaskList
                0x0000000020001408        0x4 ./Middlewares/Third_Party/FreeRTOS/Source/tasks.o
 .bss.xPendingReadyList
                0x000000002000140c       0x14 ./Middlewares/Third_Party/FreeRTOS/Source/tasks.o
 .bss.xTasksWaitingTermination
                0x0000000020001420       0x14 ./Middlewares/Third_Party/FreeRTOS/Source/tasks.o
 .bss.uxDeletedTasksWaitingCleanUp
                0x0000000020001434        0x4 ./Middlewares/Third_Party/FreeRTOS/Source/tasks.o
 .bss.xSuspendedTaskList
                0x0000000020001438       0x14 ./Middlewares/Third_Party/FreeRTOS/Source/tasks.o
 .bss.uxCurrentNumberOfTasks
                0x000000002000144c        0x4 ./Middlewares/Third_Party/FreeRTOS/Source/tasks.o
 .bss.xTickCount
                0x0000000020001450        0x4 ./Middlewares/Third_Party/FreeRTOS/Source/tasks.o
 .bss.uxTopReadyPriority
                0x0000000020001454        0x4 ./Middlewares/Third_Party/FreeRTOS/Source/tasks.o
 .bss.xSchedulerRunning
                0x0000000020001458        0x4 ./Middlewares/Third_Party/FreeRTOS/Source/tasks.o
 .bss.xPendedTicks
                0x000000002000145c        0x4 ./Middlewares/Third_Party/FreeRTOS/Source/tasks.o
 .bss.xYieldPending
                0x0000000020001460        0x4 ./Middlewares/Third_Party/FreeRTOS/Source/tasks.o
 .bss.xNumOfOverflows
                0x0000000020001464        0x4 ./Middlewares/Third_Party/FreeRTOS/Source/tasks.o
 .bss.uxTaskNumber
                0x0000000020001468        0x4 ./Middlewares/Third_Party/FreeRTOS/Source/tasks.o
 .bss.xNextTaskUnblockTime
                0x000000002000146c        0x4 ./Middlewares/Third_Party/FreeRTOS/Source/tasks.o
 .bss.xIdleTaskHandle
                0x0000000020001470        0x4 ./Middlewares/Third_Party/FreeRTOS/Source/tasks.o
 .bss.uxSchedulerSuspended
                0x0000000020001474        0x4 ./Middlewares/Third_Party/FreeRTOS/Source/tasks.o
 .bss.xActiveTimerList1
                0x0000000020001478       0x14 ./Middlewares/Third_Party/FreeRTOS/Source/timers.o
 .bss.xActiveTimerList2
                0x000000002000148c       0x14 ./Middlewares/Third_Party/FreeRTOS/Source/timers.o
 .bss.pxCurrentTimerList
                0x00000000200014a0        0x4 ./Middlewares/Third_Party/FreeRTOS/Source/timers.o
 .bss.pxOverflowTimerList
                0x00000000200014a4        0x4 ./Middlewares/Third_Party/FreeRTOS/Source/timers.o
 .bss.xTimerQueue
                0x00000000200014a8        0x4 ./Middlewares/Third_Party/FreeRTOS/Source/timers.o
 .bss.xTimerTaskHandle
                0x00000000200014ac        0x4 ./Middlewares/Third_Party/FreeRTOS/Source/timers.o
 .bss.xLastTime.2
                0x00000000200014b0        0x4 ./Middlewares/Third_Party/FreeRTOS/Source/timers.o
 .bss.ucStaticTimerQueueStorage.1
                0x00000000200014b4       0xa0 ./Middlewares/Third_Party/FreeRTOS/Source/timers.o
 .bss.xStaticTimerQueue.0
                0x0000000020001554       0x50 ./Middlewares/Third_Party/FreeRTOS/Source/timers.o
 .bss.ucMaxSysCallPriority
                0x00000000200015a4        0x1 ./Middlewares/Third_Party/FreeRTOS/Source/portable/GCC/ARM_CM4F/port.o
 *fill*         0x00000000200015a5        0x3 
 .bss.ulMaxPRIGROUPValue
                0x00000000200015a8        0x4 ./Middlewares/Third_Party/FreeRTOS/Source/portable/GCC/ARM_CM4F/port.o
 .bss.ucHeap    0x00000000200015ac     0x3c00 ./Middlewares/Third_Party/FreeRTOS/Source/portable/MemMang/heap_4.o
 .bss.xStart    0x00000000200051ac        0x8 ./Middlewares/Third_Party/FreeRTOS/Source/portable/MemMang/heap_4.o
 .bss.pxEnd     0x00000000200051b4        0x4 ./Middlewares/Third_Party/FreeRTOS/Source/portable/MemMang/heap_4.o
 .bss.xFreeBytesRemaining
                0x00000000200051b8        0x4 ./Middlewares/Third_Party/FreeRTOS/Source/portable/MemMang/heap_4.o
 .bss.xMinimumEverFreeBytesRemaining
                0x00000000200051bc        0x4 ./Middlewares/Third_Party/FreeRTOS/Source/portable/MemMang/heap_4.o
 .bss.xNumberOfSuccessfulAllocations
                0x00000000200051c0        0x4 ./Middlewares/Third_Party/FreeRTOS/Source/portable/MemMang/heap_4.o
 .bss.xNumberOfSuccessfulFrees
                0x00000000200051c4        0x4 ./Middlewares/Third_Party/FreeRTOS/Source/portable/MemMang/heap_4.o
 .bss.xBlockAllocatedBit
                0x00000000200051c8        0x4 ./Middlewares/Third_Party/FreeRTOS/Source/portable/MemMang/heap_4.o
 .bss.__lock___malloc_recursive_mutex
                0x00000000200051cc        0x1 c:/st/stm32cubeide_1.9.0/stm32cubeide/plugins/com.st.stm32cube.ide.mcu.externaltools.gnu-tools-for-stm32.10.3-2021.10.win32_1.0.200.202301161003/tools/bin/../lib/gcc/arm-none-eabi/10.3.1/../../../../arm-none-eabi/lib/thumb/v7e-m+fp/hard\libc_nano.a(lib_a-lock.o)
                0x00000000200051cc                __lock___malloc_recursive_mutex
 *fill*         0x00000000200051cd        0x3 
 .bss.__malloc_free_list
                0x00000000200051d0        0x4 c:/st/stm32cubeide_1.9.0/stm32cubeide/plugins/com.st.stm32cube.ide.mcu.externaltools.gnu-tools-for-stm32.10.3-2021.10.win32_1.0.200.202301161003/tools/bin/../lib/gcc/arm-none-eabi/10.3.1/../../../../arm-none-eabi/lib/thumb/v7e-m+fp/hard\libc_nano.a(lib_a-nano-mallocr.o)
                0x00000000200051d0                __malloc_free_list
 .bss.__malloc_sbrk_start
                0x00000000200051d4        0x4 c:/st/stm32cubeide_1.9.0/stm32cubeide/plugins/com.st.stm32cube.ide.mcu.externaltools.gnu-tools-for-stm32.10.3-2021.10.win32_1.0.200.202301161003/tools/bin/../lib/gcc/arm-none-eabi/10.3.1/../../../../arm-none-eabi/lib/thumb/v7e-m+fp/hard\libc_nano.a(lib_a-nano-mallocr.o)
                0x00000000200051d4                __malloc_sbrk_start
 .bss.errno     0x00000000200051d8        0x4 c:/st/stm32cubeide_1.9.0/stm32cubeide/plugins/com.st.stm32cube.ide.mcu.externaltools.gnu-tools-for-stm32.10.3-2021.10.win32_1.0.200.202301161003/tools/bin/../lib/gcc/arm-none-eabi/10.3.1/../../../../arm-none-eabi/lib/thumb/v7e-m+fp/hard\libc_nano.a(lib_a-reent.o)
                0x00000000200051d8                errno
 *(COMMON)
                0x00000000200051dc                . = ALIGN (0x4)
                0x00000000200051dc                _ebss = .
                0x00000000200051dc                __bss_end__ = _ebss

._user_heap_stack
                0x00000000200051dc     0x6004 load address 0x000000000800c4e8
                0x00000000200051e0                . = ALIGN (0x8)
 *fill*         0x00000000200051dc        0x4 
                [!provide]                        PROVIDE (end = .)
                0x00000000200051e0                PROVIDE (_end = .)
                0x00000000200071e0                . = (. + _Min_Heap_Size)
 *fill*         0x00000000200051e0     0x2000 
                0x000000002000b1e0                . = (. + _Min_Stack_Size)
 *fill*         0x00000000200071e0     0x4000 
                0x000000002000b1e0                . = ALIGN (0x8)

/DISCARD/
 libc.a(*)
 libm.a(*)
 libgcc.a(*)

.ARM.attributes
                0x0000000000000000       0x30
 *(.ARM.attributes)
 .ARM.attributes
                0x0000000000000000       0x1e c:/st/stm32cubeide_1.9.0/stm32cubeide/plugins/com.st.stm32cube.ide.mcu.externaltools.gnu-tools-for-stm32.10.3-2021.10.win32_1.0.200.202301161003/tools/bin/../lib/gcc/arm-none-eabi/10.3.1/thumb/v7e-m+fp/hard/crti.o
 .ARM.attributes
                0x000000000000001e       0x34 c:/st/stm32cubeide_1.9.0/stm32cubeide/plugins/com.st.stm32cube.ide.mcu.externaltools.gnu-tools-for-stm32.10.3-2021.10.win32_1.0.200.202301161003/tools/bin/../lib/gcc/arm-none-eabi/10.3.1/thumb/v7e-m+fp/hard/crtbegin.o
 .ARM.attributes
                0x0000000000000052       0x34 ./Core/Src/ADC_out/ADS1115.o
 .ARM.attributes
                0x0000000000000086       0x34 ./Core/Src/DAC_out/MCP4725.o
 .ARM.attributes
                0x00000000000000ba       0x34 ./Core/Src/Display/ssd1306/ssd1306.o
 .ARM.attributes
                0x00000000000000ee       0x34 ./Core/Src/Display/ssd1306/ssd1306_fonts.o
 .ARM.attributes
                0x0000000000000122       0x34 ./Core/Src/Display/ws2812/ARGB.o
 .ARM.attributes
                0x0000000000000156       0x34 ./Core/Src/Encoder/as5600.o
 .ARM.attributes
                0x000000000000018a       0x34 ./Core/Src/app_menu/app_menu.o
 .ARM.attributes
                0x00000000000001be       0x34 ./Core/Src/main.o
 .ARM.attributes
                0x00000000000001f2       0x34 ./Core/Src/stm32f4xx_hal_msp.o
 .ARM.attributes
                0x0000000000000226       0x34 ./Core/Src/stm32f4xx_hal_timebase_tim.o
 .ARM.attributes
                0x000000000000025a       0x34 ./Core/Src/stm32f4xx_it.o
 .ARM.attributes
                0x000000000000028e       0x34 ./Core/Src/sysmem.o
 .ARM.attributes
                0x00000000000002c2       0x34 ./Core/Src/system_stm32f4xx.o
 .ARM.attributes